Archive member included to satisfy reference by file (symbol)

obj_cooja/mtype674.a(simEnvChange.o)
                              obj_cooja/mtype674.o (simDontFallAsleep)
obj_cooja/mtype674.a(cooja_mt.o)
                              obj_cooja/mtype674.o (cooja_mt_start)
obj_cooja/mtype674.a(cooja_mtarch.o)
                              obj_cooja/mtype674.a(cooja_mt.o) (cooja_mtarch_start)
obj_cooja/mtype674.a(rtimer-arch.o)
                              obj_cooja/mtype674.o (rtimer_arch_check)
obj_cooja/mtype674.a(beep.o)  obj_cooja/mtype674.o (beep_interface)
obj_cooja/mtype674.a(button-sensor.o)
                              obj_cooja/mtype674.o (button_interface)
obj_cooja/mtype674.a(leds-arch.o)
                              obj_cooja/mtype674.o (leds_interface)
obj_cooja/mtype674.a(moteid.o)
                              obj_cooja/mtype674.o (moteid_interface)
obj_cooja/mtype674.a(pir-sensor.o)
                              obj_cooja/mtype674.o (pir_interface)
obj_cooja/mtype674.a(rs232.o)
                              obj_cooja/mtype674.o (rs232_interface)
obj_cooja/mtype674.a(vib-sensor.o)
                              obj_cooja/mtype674.o (vib_interface)
obj_cooja/mtype674.a(clock.o)
                              obj_cooja/mtype674.o (clock_interface)
obj_cooja/mtype674.a(cooja-log.o)
                              obj_cooja/mtype674.o (simlog_interface)
obj_cooja/mtype674.a(cfs-cooja.o)
                              obj_cooja/mtype674.o (cfs_interface)
obj_cooja/mtype674.a(cooja-radio.o)
                              obj_cooja/mtype674.o (radio_interface)
obj_cooja/mtype674.a(eeprom.o)
                              obj_cooja/mtype674.o (eeprom_interface)
obj_cooja/mtype674.a(random.o)
                              obj_cooja/mtype674.a(moteid.o) (random_init)
obj_cooja/mtype674.a(sensors.o)
                              obj_cooja/mtype674.a(button-sensor.o) (sensors_changed)
obj_cooja/mtype674.a(mqtt.o)  contact_tracing_node.o (mqtt_disconnect)
obj_cooja/mtype674.a(contiki-main.o)
                              obj_cooja/mtype674.o (main)
obj_cooja/mtype674.a(autostart.o)
                              obj_cooja/mtype674.a(contiki-main.o) (autostart_start)
obj_cooja/mtype674.a(energest.o)
                              obj_cooja/mtype674.a(contiki-main.o) (energest_init)
obj_cooja/mtype674.a(etimer.o)
                              obj_cooja/mtype674.a(contiki-main.o) (etimer_process)
obj_cooja/mtype674.a(log.o)   obj_cooja/mtype674.a(contiki-main.o) (curr_log_level_main)
obj_cooja/mtype674.a(ctimer.o)
                              obj_cooja/mtype674.a(contiki-main.o) (ctimer_init)
obj_cooja/mtype674.a(process.o)
                              obj_cooja/mtype674.a(mqtt.o) (process_current)
obj_cooja/mtype674.a(rtimer.o)
                              obj_cooja/mtype674.a(contiki-main.o) (rtimer_init)
obj_cooja/mtype674.a(node-id.o)
                              obj_cooja/mtype674.a(contiki-main.o) (node_id)
obj_cooja/mtype674.a(timer.o)
                              contact_tracing_node.o (timer_set)
obj_cooja/mtype674.a(serial-line.o)
                              obj_cooja/mtype674.a(rs232.o) (serial_line_input_byte)
obj_cooja/mtype674.a(ringbuf.o)
                              obj_cooja/mtype674.a(serial-line.o) (ringbuf_init)
obj_cooja/mtype674.a(list.o)  obj_cooja/mtype674.a(mqtt.o) (list_init)
obj_cooja/mtype674.a(nbr-table.o)
                              contact_tracing_node.o (nbr_table_head)
obj_cooja/mtype674.a(packetbuf.o)
                              obj_cooja/mtype674.a(cooja-radio.o) (packetbuf_clear)
obj_cooja/mtype674.a(netstack.o)
                              obj_cooja/mtype674.a(contiki-main.o) (netstack_init)
obj_cooja/mtype674.a(linkaddr.o)
                              obj_cooja/mtype674.a(contiki-main.o) (linkaddr_node_addr)
obj_cooja/mtype674.a(csma.o)  obj_cooja/mtype674.a(cooja-radio.o) (csma_driver)
obj_cooja/mtype674.a(csma-output.o)
                              obj_cooja/mtype674.a(csma.o) (csma_output_packet)
obj_cooja/mtype674.a(uip-ds6.o)
                              obj_cooja/mtype674.a(contiki-main.o) (uip_ds6_get_link_local)
obj_cooja/mtype674.a(tcp-socket.o)
                              obj_cooja/mtype674.a(mqtt.o) (tcp_socket_register)
obj_cooja/mtype674.a(tcpip.o)
                              obj_cooja/mtype674.a(tcp-socket.o) (tcpip_event)
obj_cooja/mtype674.a(uip-ds6-route.o)
                              obj_cooja/mtype674.a(uip-ds6.o) (uip_ds6_route_init)
obj_cooja/mtype674.a(uip6.o)  obj_cooja/mtype674.a(contiki-main.o) (uip_lladdr)
obj_cooja/mtype674.a(uip-ds6-nbr.o)
                              obj_cooja/mtype674.a(uip-ds6.o) (uip_ds6_neighbors_init)
obj_cooja/mtype674.a(uip-nd6.o)
                              obj_cooja/mtype674.a(uip6.o) (uip_nd6_init)
obj_cooja/mtype674.a(sicslowpan.o)
                              obj_cooja/mtype674.a(contiki-main.o) (sicslowpan_driver)
obj_cooja/mtype674.a(uiplib.o)
[...]
Memory Configuration

Name             Origin             Length             Attributes
*default*        0x0000000000000000 0xffffffffffffffff

Linker script and memory map

LOAD /usr/lib/gcc/i686-linux-gnu/5/../../../i386-linux-gnu/crti.o
LOAD /usr/lib/gcc/i686-linux-gnu/5/crtbeginS.o
LOAD contact_tracing_node.o
LOAD obj_cooja/mtype674.o
LOAD obj_cooja/mtype674.a
LOAD /usr/lib/gcc/i686-linux-gnu/5/libgcc.a
LOAD /usr/lib/gcc/i686-linux-gnu/5/libgcc_s.so
LOAD /usr/lib/gcc/i686-linux-gnu/5/../../../i386-linux-gnu/libc.so
START GROUP
LOAD /lib/i386-linux-gnu/libc.so.6
LOAD /usr/lib/i386-linux-gnu/libc_nonshared.a
LOAD /lib/i386-linux-gnu/ld-linux.so.2
END GROUP
LOAD /usr/lib/gcc/i686-linux-gnu/5/libgcc.a
LOAD /usr/lib/gcc/i686-linux-gnu/5/libgcc_s.so
LOAD /usr/lib/gcc/i686-linux-gnu/5/crtendS.o
LOAD /usr/lib/gcc/i686-linux-gnu/5/../../../i386-linux-gnu/crtn.o
                0x0000000000000114                . = (0x0 + SIZEOF_HEADERS)

.note.gnu.build-id
                0x0000000000000114       0x24
 *(.note.gnu.build-id)
 .note.gnu.build-id
                0x0000000000000114       0x24 /usr/lib/gcc/i686-linux-gnu/5/../../../i386-linux-gnu/crti.o

.hash
 *(.hash)

.gnu.hash       0x0000000000000138     0x13ac
 *(.gnu.hash)
 .gnu.hash      0x0000000000000138     0x13ac /usr/lib/gcc/i686-linux-gnu/5/../../../i386-linux-gnu/crti.o

.dynsym         0x00000000000014e4     0x2730
 *(.dynsym)
 .dynsym        0x00000000000014e4     0x2730 /usr/lib/gcc/i686-linux-gnu/5/../../../i386-linux-gnu/crti.o

.dynstr         0x0000000000003c14     0x2ab4
 *(.dynstr)
 .dynstr        0x0000000000003c14     0x2ab4 /usr/lib/gcc/i686-linux-gnu/5/../../../i386-linux-gnu/crti.o

.gnu.version    0x00000000000066c8      0x4e6
 *(.gnu.version)
 .gnu.version   0x00000000000066c8      0x4e6 /usr/lib/gcc/i686-linux-gnu/5/../../../i386-linux-gnu/crti.o

.gnu.version_d  0x0000000000006bb0        0x0
 *(.gnu.version_d)
 .gnu.version_d
                0x0000000000006bb0        0x0 /usr/lib/gcc/i686-linux-gnu/5/../../../i386-linux-gnu/crti.o

.gnu.version_r  0x0000000000006bb0       0x40
 *(.gnu.version_r)
 .gnu.version_r
                0x0000000000006bb0       0x40 /usr/lib/gcc/i686-linux-gnu/5/../../../i386-linux-gnu/crti.o

.rel.dyn        0x0000000000006bf0     0x9ba0
 *(.rel.init)
 .rel.init      0x0000000000006bf0        0x0 /usr/lib/gcc/i686-linux-gnu/5/../../../i386-linux-gnu/crti.o
 *(.rel.text .rel.text.* .rel.gnu.linkonce.t.*)
 .rel.text      0x0000000000006bf0     0x9270 /usr/lib/gcc/i686-linux-gnu/5/../../../i386-linux-gnu/crti.o
 *(.rel.fini)
 .rel.fini      0x000000000000fe60        0x0 /usr/lib/gcc/i686-linux-gnu/5/../../../i386-linux-gnu/crti.o
 *(.rel.rodata .rel.rodata.* .rel.gnu.linkonce.r.*)
 .rel.rodata    0x000000000000fe60      0x5a8 /usr/lib/gcc/i686-linux-gnu/5/../../../i386-linux-gnu/crti.o
 *(.rel.data.rel.ro .rel.data.rel.ro.* .rel.gnu.linkonce.d.rel.ro.*)
 *(.rel.data .rel.data.* .rel.gnu.linkonce.d.*)
 .rel.data.rel.local
                0x0000000000010408        0x8 /usr/lib/gcc/i686-linux-gnu/5/../../../i386-linux-gnu/crti.o
 .rel.data      0x0000000000010410      0x348 /usr/lib/gcc/i686-linux-gnu/5/../../../i386-linux-gnu/crti.o
 *(.rel.tdata .rel.tdata.* .rel.gnu.linkonce.td.*)
 *(.rel.tbss .rel.tbss.* .rel.gnu.linkonce.tb.*)
 *(.rel.ctors)
 *(.rel.dtors)
 *(.rel.got)
 .rel.got       0x0000000000010758       0x28 /usr/lib/gcc/i686-linux-gnu/5/../../../i386-linux-gnu/crti.o
 *(.rel.bss .rel.bss.* .rel.gnu.linkonce.b.*)
 *(.rel.ifunc)
 .rel.ifunc     0x0000000000010780        0x0 /usr/lib/gcc/i686-linux-gnu/5/../../../i386-linux-gnu/crti.o
 .rel.fini_array
                0x0000000000010780        0x8 /usr/lib/gcc/i686-linux-gnu/5/../../../i386-linux-gnu/crti.o
 .rel.init_array
                0x0000000000010788        0x8 /usr/lib/gcc/i686-linux-gnu/5/../../../i386-linux-gnu/crti.o

.rel.plt        0x0000000000010790        0x0
 *(.rel.plt)
 .rel.plt       0x0000000000010790        0x0 /usr/lib/gcc/i686-linux-gnu/5/../../../i386-linux-gnu/crti.o
 *(.rel.iplt)

.init           0x0000000000010790       0x23
 *(SORT(.init))
 .init          0x0000000000010790       0x1e /usr/lib/gcc/i686-linux-gnu/5/../../../i386-linux-gnu/crti.o
                0x0000000000010790                _init
 .init          0x00000000000107ae        0x5 /usr/lib/gcc/i686-linux-gnu/5/../../../i386-linux-gnu/crtn.o

.plt            0x00000000000107c0       0x10
 *(.plt)
 .plt           0x00000000000107c0       0x10 /usr/lib/gcc/i686-linux-gnu/5/../../../i386-linux-gnu/crti.o
 *(.iplt)

.plt.got        0x00000000000107d0       0x10
 *(.plt.got)
 .plt.got       0x00000000000107d0       0x10 /usr/lib/gcc/i686-linux-gnu/5/../../../i386-linux-gnu/crti.o

.text           0x00000000000107e0    0x18ee2
 *(.text.unlikely .text.*_unlikely .text.unlikely.*)
 .text.unlikely
                0x00000000000107e0        0x0 /usr/lib/gcc/i686-linux-gnu/5/crtbeginS.o
 *(.text.exit .text.exit.*)
 *(.text.startup .text.startup.*)
 *(.text.hot .text.hot.*)
 *(.text .stub .text.* .gnu.linkonce.t.*)
 .text          0x00000000000107e0        0x0 /usr/lib/gcc/i686-linux-gnu/5/../../../i386-linux-gnu/crti.o
 .gnu.linkonce.t.__x86.get_pc_thunk.bx
                0x00000000000107e0        0x4 /usr/lib/gcc/i686-linux-gnu/5/../../../i386-linux-gnu/crti.o
                0x00000000000107e0                __x86.get_pc_thunk.bx
 *fill*         0x00000000000107e4        0xc 
 .text          0x00000000000107f0      0x11c /usr/lib/gcc/i686-linux-gnu/5/crtbeginS.o
 .text.__x86.get_pc_thunk.dx
                0x000000000001090c        0x4 /usr/lib/gcc/i686-linux-gnu/5/crtbeginS.o
                0x000000000001090c                __x86.get_pc_thunk.dx
 .text          0x0000000000010910      0x7b6 contact_tracing_node.o
                0x0000000000010bfb                build_topics
 .text          0x00000000000110c6      0x271 obj_cooja/mtype674.o
                0x0000000000011158                platform_init_stage_one
                0x000000000001115e                platform_init_stage_two
                0x000000000001116c                platform_init_stage_three
                0x000000000001117f                platform_main_loop
                0x00000000000111f2                Java_org_contikios_cooja_corecomm_Lib4_init
                0x0000000000011229                Java_org_contikios_cooja_corecomm_Lib4_getMemory
                0x000000000001125c                Java_org_contikios_cooja_corecomm_Lib4_setMemory
                0x00000000000112bc                Java_org_contikios_cooja_corecomm_Lib4_tick
                0x0000000000011324                Java_org_contikios_cooja_corecomm_Lib4_setReferenceAddress
 .text          0x0000000000011337       0x65 obj_cooja/mtype674.a(simEnvChange.o)
                0x0000000000011337                doActionsBeforeTick
                0x0000000000011369                doActionsAfterTick
 .text          0x000000000001139c       0x83 obj_cooja/mtype674.a(cooja_mt.o)
                0x000000000001139c                cooja_mt_start
                0x00000000000113c6                cooja_mt_exec
                0x00000000000113fc                cooja_mt_yield
 .text          0x000000000001141f       0xbe obj_cooja/mtype674.a(cooja_mtarch.o)
                0x000000000001141f                cooja_mtarch_start
                0x0000000000011492                cooja_sw
                0x00000000000114b5                cooja_mtarch_exec
                0x00000000000114d2                cooja_mtarch_yield
 .text          0x00000000000114dd       0xc5 obj_cooja/mtype674.a(rtimer-arch.o)
                0x00000000000114dd                rtimer_arch_init
                0x0000000000011501                rtimer_arch_schedule
                0x0000000000011531                rtimer_arch_next
                0x0000000000011541                rtimer_arch_pending
                0x000000000001154b                rtimer_arch_check
                0x0000000000011592                rtimer_arch_now
 .text          0x00000000000115a2       0x81 obj_cooja/mtype674.a(beep.o)
                0x00000000000115a2                beep_alarm
                0x00000000000115af                beep_beep
                0x00000000000115bc                beep
                0x00000000000115c9                beep_down
                0x00000000000115d6                beep_on
                0x00000000000115e3                beep_off
                0x00000000000115f0                beep_spinup
                0x00000000000115fd                beep_quick
                0x000000000001160a                beep_long
 .text          0x0000000000011623      0x10d obj_cooja/mtype674.a(button-sensor.o)
 .text          0x0000000000011730       0x49 obj_cooja/mtype674.a(leds-arch.o)
                0x0000000000011730                leds_arch_init
                0x000000000001173d                leds_arch_get
                0x0000000000011749                leds_arch_set
 .text          0x0000000000011779       0x35 obj_cooja/mtype674.a(moteid.o)
 .text          0x00000000000117ae       0xb7 obj_cooja/mtype674.a(pir-sensor.o)
 .text          0x0000000000011865      0x148 obj_cooja/mtype674.a(rs232.o)
                0x0000000000011865                rs232_init
                0x000000000001186b                rs232_set_speed
                0x000000000001187a                rs232_set_input
                0x0000000000011888                rs232_send
                0x00000000000118ac                rs232_print
                0x00000000000118c8                slip_arch_writeb
 .text          0x00000000000119ad       0xb7 obj_cooja/mtype674.a(vib-sensor.o)
 .text          0x0000000000011a64       0x38 obj_cooja/mtype674.a(clock.o)
                0x0000000000011a64                clock_init
                0x0000000000011a6a                clock_time
                0x0000000000011a74                clock_seconds
                0x0000000000011a8a                clock_delay
 .text          0x0000000000011a9c      0x219 obj_cooja/mtype674.a(cooja-log.o)
                0x0000000000011a9c                simlog_char
                0x0000000000011adf                simlog
                0x0000000000011b55                log_message
                0x0000000000011b86                log_set_putchar_with_slip
                0x0000000000011b94                log_putchar
                0x0000000000011c0f                log_puts
                0x0000000000011c37                log_printf
 .text          0x0000000000011cb5      0x2b9 obj_cooja/mtype674.a(cfs-cooja.o)
                0x0000000000011cb5                cfs_open
                0x0000000000011d1e                cfs_close
                0x0000000000011d2b                cfs_read
                0x0000000000011dc0                cfs_write
                0x0000000000011e9c                cfs_seek
                0x0000000000011f24                cfs_remove
                0x0000000000011f48                cfs_opendir
                0x0000000000011f52                cfs_readdir
                0x0000000000011f5c                cfs_closedir
 .text          0x0000000000011f6e      0x605 obj_cooja/mtype674.a(cooja-radio.o)
                0x0000000000011fb0                radio_set_channel
                0x0000000000011fbe                radio_set_txpower
                0x0000000000011fd6                radio_signal_strength_last
                0x0000000000011fe0                radio_signal_strength_current
                0x0000000000011fea                radio_LQI
 .text          0x0000000000012573       0xee obj_cooja/mtype674.a(eeprom.o)
                0x0000000000012573                eeprom_init
                0x0000000000012579                eeprom_read
                0x00000000000125e7                eeprom_write
 .text          0x0000000000012661       0x2d obj_cooja/mtype674.a(random.o)
                0x0000000000012661                random_init
                0x0000000000012681                random_rand
 .text          0x000000000001268e      0x29c obj_cooja/mtype674.a(sensors.o)
                0x00000000000126c9                sensors_first
                0x00000000000126d3                sensors_next
                0x00000000000126ed                sensors_changed
                0x0000000000012721                sensors_find
 .text          0x000000000001292a     0x3779 obj_cooja/mtype674.a(mqtt.o)
                0x0000000000015acd                mqtt_init
                0x0000000000015b8b                mqtt_register
                0x0000000000015c28                mqtt_connect
                0x0000000000015d3a                mqtt_disconnect
                0x0000000000015d78                mqtt_subscribe
                0x0000000000015e35                mqtt_unsubscribe
                0x0000000000015ee3                mqtt_publish
                0x0000000000015fc4                mqtt_set_username_password
                0x000000000001604f                mqtt_set_last_will
 .text          0x00000000000160a3      0x328 obj_cooja/mtype674.a(contiki-main.o)
                0x00000000000160a3                main
 .text          0x00000000000163cb       0x92 obj_cooja/mtype674.a(autostart.o)
                0x00000000000163cb                autostart_start
                0x0000000000016415                autostart_exit
 .text          0x000000000001645d       0x1b obj_cooja/mtype674.a(energest.o)
                0x000000000001645d                energest_init
                0x0000000000016463                energest_flush
                0x0000000000016469                energest_get_total_time
 .text          0x0000000000016478      0x43f obj_cooja/mtype674.a(etimer.o)
                0x000000000001669c                etimer_request_poll
                0x0000000000016725                etimer_set
                0x000000000001674e                etimer_reset_with_new_interval
                0x000000000001677d                etimer_reset
                0x00000000000167a3                etimer_restart
                0x00000000000167c9                etimer_adjust
                0x00000000000167e6                etimer_expired
                0x00000000000167f9                etimer_expiration_time
                0x000000000001680b                etimer_start_time
                0x0000000000016815                etimer_pending
                0x0000000000016827                etimer_next_expiration_time
                0x0000000000016841                etimer_stop
 .text          0x00000000000168b7      0x394 obj_cooja/mtype674.a(log.o)
                0x00000000000168b7                log_6addr
                0x000000000001690a                log_6addr_compact_snprint
                0x00000000000169a8                log_6addr_compact
                0x00000000000169fb                log_lladdr
                0x0000000000016a6d                log_lladdr_compact
                0x0000000000016ad5                log_set_level
                0x0000000000016b90                log_get_level
                0x0000000000016c09                log_level_to_str
 .text          0x0000000000016c4b      0x355 obj_cooja/mtype674.a(ctimer.o)
                0x0000000000016d73                ctimer_init
                0x0000000000016da6                ctimer_set
                0x0000000000016dcc                ctimer_set_with_process
                0x0000000000016e49                ctimer_reset
                0x0000000000016e9d                ctimer_restart
                0x0000000000016ef1                ctimer_stop
                0x0000000000016f41                ctimer_expired
 .text          0x0000000000016fa0      0x4fb obj_cooja/mtype674.a(process.o)
                0x0000000000016fa0                process_alloc_event
                0x0000000000016fb5                process_start
                0x000000000001718f                process_exit
                0x00000000000171ac                process_init
                0x0000000000017341                process_run
                0x0000000000017374                process_nevents
                0x000000000001738f                process_post
                0x0000000000017422                process_post_synch
                0x0000000000017457                process_poll
                0x0000000000017487                process_is_running
 .text          0x000000000001749b       0xeb obj_cooja/mtype674.a(rtimer.o)
                0x000000000001749b                rtimer_init
                0x00000000000174a9                rtimer_set
                0x0000000000017524                rtimer_run_next
 .text          0x0000000000017586       0x25 obj_cooja/mtype674.a(node-id.o)
                0x0000000000017586                node_id_init
 .text          0x00000000000175ab       0x9c obj_cooja/mtype674.a(timer.o)
                0x00000000000175ab                timer_set
                0x00000000000175c9                timer_reset
                0x00000000000175e1                timer_restart
                0x00000000000175f6                timer_expired
                0x0000000000017623                timer_remaining
 .text          0x0000000000017647      0x1eb obj_cooja/mtype674.a(serial-line.o)
                0x0000000000017647                serial_line_input_byte
                0x00000000000177fd                serial_line_init
 .text          0x0000000000017832      0x156 obj_cooja/mtype674.a(ringbuf.o)
                0x0000000000017832                ringbuf_init
                0x0000000000017864                ringbuf_put
                0x00000000000178e2                ringbuf_get
                0x000000000001794f                ringbuf_size
                0x0000000000017961                ringbuf_elements
 .text          0x0000000000017988      0x28f obj_cooja/mtype674.a(list.o)
                0x0000000000017988                list_init
                0x0000000000017997                list_head
                0x00000000000179a1                list_copy
                0x00000000000179b1                list_tail
                0x00000000000179e7                list_add
                0x0000000000017a33                list_push
                0x0000000000017a5f                list_chop
                0x0000000000017ac9                list_pop
                0x0000000000017af1                list_remove
                0x0000000000017b59                list_length
                0x0000000000017b87                list_insert
                0x0000000000017bcc                list_item_next
                0x0000000000017be3                list_contains
 .text          0x0000000000017c17      0x78b obj_cooja/mtype674.a(nbr-table.o)
                0x0000000000018090                nbr_table_register
                0x00000000000180fd                nbr_table_is_registered
                0x0000000000018138                nbr_table_head
                0x0000000000018193                nbr_table_next
                0x00000000000181f4                nbr_table_add_lladdr
                0x00000000000182be                nbr_table_get_from_lladdr
                0x000000000001830a                nbr_table_remove
                0x0000000000018342                nbr_table_lock
                0x000000000001835c                nbr_table_unlock
                0x0000000000018376                nbr_table_get_lladdr
 .text          0x00000000000183a2      0x407 obj_cooja/mtype674.a(packetbuf.o)
                0x00000000000183a2                packetbuf_clear
                0x00000000000183cd                packetbuf_copyfrom
                0x000000000001841c                packetbuf_copyto
                0x00000000000184af                packetbuf_hdralloc
                0x000000000001852b                packetbuf_hdrreduce
                0x0000000000018571                packetbuf_set_datalen
                0x000000000001858b                packetbuf_dataptr
                0x00000000000185a8                packetbuf_hdrptr
                0x00000000000185b2                packetbuf_datalen
                0x00000000000185be                packetbuf_hdrlen
                0x00000000000185d5                packetbuf_totlen
                0x00000000000185eb                packetbuf_remaininglen
                0x00000000000185fe                packetbuf_attr_clear
                0x000000000001864a                packetbuf_attr_copyto
                0x00000000000186a2                packetbuf_attr_copyfrom
                0x00000000000186fa                packetbuf_set_attr
                0x0000000000018724                packetbuf_attr
                0x000000000001873e                packetbuf_set_addr
                0x000000000001876f                packetbuf_addr
                0x000000000001878c                packetbuf_holds_broadcast
 .text          0x00000000000187a9       0xef obj_cooja/mtype674.a(netstack.o)
                0x00000000000187a9                netstack_process_ip_callback
                0x000000000001883a                netstack_ip_packet_processor_add
                0x000000000001885d                uip_ds6_ip_packet_processor_rm
                0x000000000001887a                netstack_init
 .text          0x0000000000018898       0x4f obj_cooja/mtype674.a(linkaddr.o)
                0x0000000000018898                linkaddr_copy
                0x00000000000188ae                linkaddr_cmp
                0x00000000000188d1                linkaddr_set_node_addr
 .text          0x00000000000188e7      0x165 obj_cooja/mtype674.a(csma.o)
 .text          0x0000000000018a4c      0x944 obj_cooja/mtype674.a(csma-output.o)
                0x00000000000190c5                csma_output_packet
                0x0000000000019352                csma_output_init
 .text          0x0000000000019390      0xb25 obj_cooja/mtype674.a(uip-ds6.o)
                0x0000000000019390                uip_ds6_init
                0x000000000001953b                uip_ds6_periodic
                0x00000000000195c2                uip_ds6_list_loop
                0x0000000000019682                uip_ds6_prefix_add
                0x000000000001972e                uip_ds6_prefix_rm
                0x0000000000019741                uip_ds6_prefix_lookup
                0x0000000000019780                uip_ds6_is_addr_onlink
                0x00000000000197f3                uip_ds6_addr_add
                0x0000000000019913                uip_ds6_addr_rm
                0x00000000000199bc                uip_ds6_addr_lookup
                0x00000000000199f5                uip_ds6_get_link_local
                0x0000000000019a76                uip_ds6_get_global
                0x0000000000019af7                uip_ds6_maddr_add
                0x0000000000019b57                uip_ds6_maddr_rm
                0x0000000000019b6a                uip_ds6_maddr_lookup
                0x0000000000019ba3                uip_ds6_aaddr_add
                0x0000000000019c03                uip_ds6_aaddr_rm
                0x0000000000019c16                uip_ds6_aaddr_lookup
                0x0000000000019c4f                uip_ds6_select_src
                0x0000000000019d98                uip_ds6_set_addr_iid
                0x0000000000019dc3                uip_ds6_set_lladdr_from_iid
                0x0000000000019dec                get_match_length
                0x0000000000019e7d                uip_ds6_compute_reachable_time
 .text          0x0000000000019eb5      0x9d5 obj_cooja/mtype674.a(tcp-socket.o)
                0x000000000001a500                tcp_socket_register
                0x000000000001a591                tcp_socket_connect
                0x000000000001a628                tcp_socket_listen
                0x000000000001a69f                tcp_socket_unlisten
                0x000000000001a713                tcp_socket_send
                0x000000000001a7b3                tcp_socket_send_str
                0x000000000001a7db                tcp_socket_close
                0x000000000001a804                tcp_socket_unregister
                0x000000000001a85e                tcp_socket_max_sendlen
                0x000000000001a87b                tcp_socket_queuelen
 .text          0x000000000001a88a      0xa72 obj_cooja/mtype674.a(tcpip.o)
                0x000000000001a8a4                tcpip_output
                0x000000000001a988                tcp_connect
                0x000000000001a9e0                tcp_unlisten
                0x000000000001aa40                tcp_listen
                0x000000000001aa9e                tcp_attach
                0x000000000001aab6                udp_attach
                0x000000000001aace                udp_new
                0x000000000001ab18                udp_broadcast_new
                0x000000000001ad9d                tcpip_input
                0x000000000001af3d                tcpip_ipv6_output
                0x000000000001b151                tcpip_poll_udp
                0x000000000001b16f                tcpip_poll_tcp
                0x000000000001b18d                tcpip_uipcall
 .text          0x000000000001b2fc      0x35b obj_cooja/mtype674.a(uip-ds6-route.o)
                0x000000000001b34d                uip_ds6_route_init
                0x000000000001b377                uip_ds6_route_nexthop
                0x000000000001b381                uip_ds6_route_head
                0x000000000001b38b                uip_ds6_route_next
                0x000000000001b395                uip_ds6_route_is_nexthop
                0x000000000001b39f                uip_ds6_route_num_routes
                0x000000000001b3a9                uip_ds6_route_lookup
                0x000000000001b3b3                uip_ds6_route_add
                0x000000000001b3c6                uip_ds6_route_rm
                0x000000000001b3cc                uip_ds6_route_rm_by_nexthop
                0x000000000001b3d2                uip_ds6_defrt_head
                0x000000000001b3eb                uip_ds6_defrt_add
                0x000000000001b499                uip_ds6_defrt_rm
                0x000000000001b4ff                uip_ds6_defrt_lookup
                0x000000000001b566                uip_ds6_defrt_choose
                0x000000000001b5dc                uip_ds6_defrt_periodic
 .text          0x000000000001b657     0x2802 obj_cooja/mtype674.a(uip6.o)
                0x000000000001b657                uip_add32
                0x000000000001b7f1                uip_chksum
                0x000000000001b8d2                uip_icmp6chksum
                0x000000000001b8e7                uip_tcpchksum
                0x000000000001b8fc                uip_udpchksum
                0x000000000001b911                uip_init
                0x000000000001b99c                uip_connect
                0x000000000001bb25                remove_ext_hdr
                0x000000000001bc0a                uip_udp_new
                0x000000000001bd2c                uip_unlisten
                0x000000000001bd6e                uip_listen
                0x000000000001c00f                uip_process
                0x000000000001dd54                uip_htons
                0x000000000001dd76                uip_htonl
                0x000000000001ddb4                uip_send
 .text          0x000000000001de59      0x374 obj_cooja/mtype674.a(uip-ds6-nbr.o)
                0x000000000001de59                uip_ds6_neighbors_init
                0x000000000001de7d                uip_ds6_nbr_add
                0x000000000001df03                uip_ds6_nbr_rm
                0x000000000001df4e                uip_ds6_nbr_update_ll
                0x000000000001e03c                uip_ds6_nbr_get_ipaddr
                0x000000000001e051                uip_ds6_nbr_get_ll
                0x000000000001e06d                uip_ds6_nbr_num
                0x000000000001e0b6                uip_ds6_nbr_head
                0x000000000001e0cf                uip_ds6_nbr_next
                0x000000000001e0eb                uip_ds6_nbr_lookup
                0x000000000001e14e                uip_ds6_nbr_ll_lookup
                0x000000000001e16a                uip_ds6_nbr_ipaddr_from_lladdr
                0x000000000001e193                uip_ds6_nbr_lladdr_from_ipaddr
                0x000000000001e1c7                uip_ds6_link_callback
 .text          0x000000000001e1cd      0x6b5 obj_cooja/mtype674.a(uip-nd6.o)
                0x000000000001e869                uip_nd6_init
 .text          0x000000000001e882     0x2a78 obj_cooja/mtype674.a(sicslowpan.o)
                0x000000000001ed80                netstack_sniffer_add
                0x000000000001ed8e                netstack_sniffer_remove
                0x00000000000212c6                sicslowpan_init
                0x00000000000212f0                sicslowpan_get_last_rssi
 .text          0x00000000000212fa      0x4d1 obj_cooja/mtype674.a(uiplib.o)
                0x00000000000212fa                uiplib_ip6addrconv
                0x00000000000214b2                uiplib_ip4addrconv
                0x0000000000021575                uiplib_ipaddr_print
                0x00000000000215c8                uiplib_ipaddr_snprint
 .text          0x00000000000217cb      0x1c8 obj_cooja/mtype674.a(rpl-nbr-policy.)
                0x0000000000021950                rpl_nbr_policy_find_removable
 .text          0x0000000000021993      0x908 obj_cooja/mtype674.a(rpl-neighbor.o)
                0x0000000000021a0f                rpl_neighbor_snprint
                0x0000000000021cbc                rpl_neighbor_print_list
                0x0000000000021d8c                rpl_neighbor_count
                0x0000000000021e33                rpl_neighbor_get_from_lladdr
                0x0000000000021e4f                rpl_neighbor_is_acceptable_parent
                0x0000000000021e83                rpl_neighbor_get_link_metric
                0x0000000000021eb7                rpl_neighbor_rank_via_nbr
                0x0000000000021eeb                rpl_neighbor_get_lladdr
                0x0000000000021f07                rpl_neighbor_get_ipaddr
                0x0000000000021f2e                rpl_neighbor_get_link_stats
                0x0000000000021f55                rpl_neighbor_is_fresh
                0x0000000000021f7c                rpl_neighbor_is_reachable
                0x0000000000021fc7                rpl_neighbor_is_parent
                0x0000000000021ff1                rpl_neighbor_set_preferred_parent
                0x000000000002207d                rpl_neighbor_remove_all
                0x00000000000220cc                rpl_neighbor_get_from_ipaddr
                0x00000000000221d0                rpl_neighbor_select_best
                0x000000000002227c                rpl_neighbor_init
 .text          0x000000000002229b      0xa19 obj_cooja/mtype674.a(rpl-timers.o)
                0x000000000002229b                rpl_timers_schedule_periodic_dis
                0x00000000000223e9                rpl_timers_dio_reset
                0x00000000000224da                rpl_timers_schedule_unicast_dio
                0x0000000000022660                rpl_timers_schedule_dao
                0x000000000002279a                rpl_timers_schedule_dao_ack
                0x0000000000022820                get_probing_delay
                0x0000000000022854                get_probing_target
                0x0000000000022a3e                rpl_schedule_probing
                0x0000000000022a6c                rpl_schedule_probing_now
                0x0000000000022ad6                rpl_timers_unschedule_leaving
                0x0000000000022b0e                rpl_timers_schedule_leaving
                0x0000000000022b4f                rpl_timers_init
                0x0000000000022bdf                rpl_timers_stop_dag_timers
                0x0000000000022c58                rpl_timers_unschedule_state_update
                0x0000000000022c7c                rpl_timers_schedule_state_update
 .text          0x0000000000022cb4      0x4c9 obj_cooja/mtype674.a(rpl.o)
                0x0000000000022cb4                rpl_lollipop_greater_than
                0x0000000000022d0e                rpl_get_global_address
                0x0000000000022e06                rpl_link_callback
                0x0000000000022e4a                rpl_has_joined
                0x0000000000022e6f                rpl_is_reachable
                0x0000000000022ef0                rpl_reset_prefix
                0x0000000000022f5a                rpl_set_prefix_from_addr
                0x000000000002303f                rpl_set_prefix
                0x0000000000023159                rpl_set_leaf_only
                0x0000000000023171                rpl_get_leaf_only
 .text          0x000000000002317d     0x13cb obj_cooja/mtype674.a(rpl-icmp6.o)
                0x00000000000232a2                rpl_icmp6_update_nbr_table
                0x000000000002333b                rpl_icmp6_dis_output
                0x0000000000023991                rpl_icmp6_dio_output
                0x000000000002419e                rpl_icmp6_dao_output
                0x000000000002448f                rpl_icmp6_dao_ack_output
                0x00000000000244ff                rpl_icmp6_init
 .text          0x0000000000024548      0xe51 obj_cooja/mtype674.a(rpl-dag.o)
                0x0000000000024548                rpl_dag_state_to_str
                0x0000000000024587                rpl_dag_get_root_ipaddr
                0x00000000000245cf                rpl_dag_leave
                0x0000000000024658                rpl_dag_poison_and_leave
                0x0000000000024670                rpl_dag_periodic
                0x00000000000246f8                rpl_is_addr_in_our_dag
                0x000000000002473c                rpl_get_default_instance
                0x0000000000024758                rpl_get_any_dag
                0x00000000000247b1                rpl_refresh_routes
                0x00000000000247f1                rpl_global_repair
                0x000000000002487d                rpl_local_repair
                0x00000000000248c7                rpl_dag_ready_to_advertise
                0x000000000002490a                rpl_dag_update_state
                0x000000000002502e                rpl_process_dio
                0x00000000000250af                rpl_process_dis
                0x00000000000250f4                rpl_process_dao
                0x0000000000025183                rpl_process_dao_ack
                0x0000000000025215                rpl_process_hbh
                0x0000000000025265                rpl_dag_init_root
                0x0000000000025379                rpl_dag_init
 .text          0x0000000000025399      0x286 obj_cooja/mtype674.a(rpl-dag-root.o)
                0x0000000000025399                rpl_dag_root_print_links
                0x00000000000254e7                rpl_dag_root_set_prefix
                0x0000000000025513                rpl_dag_root_start
                0x00000000000255f0                rpl_dag_root_is_root
 .text          0x000000000002561f       0x1e obj_cooja/mtype674.a(watchdog.o)
                0x000000000002561f                watchdog_init
                0x0000000000025625                watchdog_start
                0x000000000002562b                watchdog_periodic
                0x0000000000025631                watchdog_stop
                0x0000000000025637                watchdog_reboot
 .text          0x000000000002563d       0xb2 obj_cooja/mtype674.a(stimer.o)
                0x000000000002563d                stimer_set
                0x000000000002565b                stimer_reset
                0x0000000000025673                stimer_restart
                0x0000000000025688                stimer_expired
                0x00000000000256b3                stimer_remaining
                0x00000000000256d7                stimer_elapsed
 .text          0x00000000000256ef      0x1b8 obj_cooja/mtype674.a(memb.o)
                0x00000000000256ef                memb_init
                0x0000000000025744                memb_alloc
                0x00000000000257a9                memb_free
                0x0000000000025824                memb_inmemb
                0x0000000000025863                memb_numfree
 .text          0x00000000000258a7      0x2e7 obj_cooja/mtype674.a(queuebuf.o)
                0x00000000000258b1                queuebuf_init
                0x00000000000258da                queuebuf_numfree
                0x00000000000258f2                queuebuf_new_from_packetbuf
                0x0000000000025991                queuebuf_update_attr_from_packetbuf
                0x00000000000259c6                queuebuf_update_from_packetbuf
                0x0000000000025a16                queuebuf_free
                0x0000000000025a5f                queuebuf_to_packetbuf
                0x0000000000025acb                queuebuf_dataptr
                0x0000000000025b05                queuebuf_datalen
                0x0000000000025b28                queuebuf_addr
                0x0000000000025b5d                queuebuf_attr
                0x0000000000025b88                queuebuf_debug_print
 .text          0x0000000000025b8e      0x37c obj_cooja/mtype674.a(link-stats.o)
                0x0000000000025b8e                link_stats_from_lladdr
                0x0000000000025baa                link_stats_is_fresh
                0x0000000000025be6                guess_etx_from_rssi
                0x0000000000025c62                link_stats_packet_sent
                0x0000000000025d75                link_stats_input_callback
                0x0000000000025e85                link_stats_reset
                0x0000000000025ed5                link_stats_init
 .text          0x0000000000025f0a      0x187 obj_cooja/mtype674.a(mac-sequence.o)
                0x0000000000025f0a                mac_sequence_is_duplicate
                0x0000000000025faa                mac_sequence_register_seqno
 .text          0x0000000000026091       0x23 obj_cooja/mtype674.a(mac.o)
                0x0000000000026091                mac_call_sent_callback
 .text          0x00000000000260b4      0x41d obj_cooja/mtype674.a(framer-802154.o)
                0x0000000000026243                framer_802154_setup_params
 .text          0x00000000000264d1      0xb6f obj_cooja/mtype674.a(frame802154.o)
                0x0000000000026502                frame802154_get_pan_id
                0x000000000002650e                frame802154_set_pan_id
                0x0000000000026528                frame802154_has_panid
                0x00000000000266d7                frame802154_check_dest_panid
                0x000000000002675f                frame802154_is_broadcast_addr
                0x00000000000267ac                frame802154_extract_linkaddr
                0x0000000000026a11                frame802154_hdrlen
                0x0000000000026a84                frame802154_create_fcf
                0x0000000000026b3c                frame802154_create
                0x0000000000026cb1                frame802154_parse_fcf
                0x0000000000026d93                frame802154_parse
 .text          0x0000000000027040      0x1ec obj_cooja/mtype674.a(uipbuf.o)
                0x0000000000027040                uipbuf_get_next_header
                0x00000000000270af                uipbuf_get_last_header
                0x0000000000027136                uipbuf_get_attr
                0x000000000002715d                uipbuf_set_attr
                0x0000000000027194                uipbuf_clear_attr
                0x00000000000271c0                uipbuf_set_attr_flag
                0x00000000000271e1                uipbuf_clr_attr_flag
                0x0000000000027208                uipbuf_is_attr_flag
 .text          0x000000000002722c      0x96e obj_cooja/mtype674.a(uip-icmp6.o)
                0x00000000000272a1                uip_icmp6_input
                0x00000000000272f8                uip_icmp6_register_input_handler
                0x0000000000027504                uip_icmp6_error_output
                0x0000000000027863                uip_icmp6_send
                0x0000000000027b22                uip_icmp6_echo_reply_callback_add
                0x0000000000027b54                uip_icmp6_echo_reply_callback_rm
                0x0000000000027b71                uip_icmp6_init
 .text          0x0000000000027b9a      0x69b obj_cooja/mtype674.a(uip-sr.o)
                0x0000000000027b9a                uip_sr_num_nodes
                0x0000000000027c28                uip_sr_get_node
                0x0000000000027c7f                uip_sr_is_addr_reachable
                0x0000000000027d2d                uip_sr_expire_parent
                0x0000000000027d76                uip_sr_update_node
                0x0000000000027ea6                uip_sr_init
                0x0000000000027eda                uip_sr_node_head
                0x0000000000027ef3                uip_sr_node_next
                0x0000000000027f09                uip_sr_periodic
                0x000000000002800f                uip_sr_free_all
                0x000000000002807f                uip_sr_link_snprint
 .text          0x0000000000028235      0x146 obj_cooja/mtype674.a(uip-packetqueue)
                0x0000000000028263                uip_packetqueue_new
                0x0000000000028272                uip_packetqueue_alloc
                0x00000000000282cd                uip_packetqueue_free
                0x0000000000028314                uip_packetqueue_buf
                0x0000000000028331                uip_packetqueue_buflen
                0x0000000000028352                uip_packetqueue_set_buflen
 .text          0x000000000002837b     0x102c obj_cooja/mtype674.a(rpl-ext-header.)
                0x000000000002837b                rpl_ext_header_srh_get_next_hop
                0x00000000000284f7                rpl_ext_header_srh_update
                0x0000000000028bf0                rpl_ext_header_hbh_update
                0x0000000000029145                rpl_ext_header_update
                0x00000000000291ce                rpl_ext_header_remove
 .text          0x00000000000293a7      0x31b obj_cooja/mtype674.a(rpl-mrhof.o)
 .text          0x00000000000296c2        0x0 /usr/lib/gcc/i686-linux-gnu/5/crtendS.o
 .text          0x00000000000296c2        0x0 /usr/lib/gcc/i686-linux-gnu/5/../../../i386-linux-gnu/crtn.o
 *(.gnu.warning)

.fini           0x00000000000296c4       0x14
 *(SORT(.fini))
 .fini          0x00000000000296c4        0xf /usr/lib/gcc/i686-linux-gnu/5/../../../i386-linux-gnu/crti.o
                0x00000000000296c4                _fini
 .fini          0x00000000000296d3        0x5 /usr/lib/gcc/i686-linux-gnu/5/../../../i386-linux-gnu/crtn.o
                [!provide]                        PROVIDE (__etext, .)
                [!provide]                        PROVIDE (_etext, .)
                [!provide]                        PROVIDE (etext, .)

.rodata         0x00000000000296e0      0xa5c
 *(.rodata .rodata.* .gnu.linkonce.r.*)
 .rodata        0x00000000000296e0      0x2c0 contact_tracing_node.o
                0x0000000000029984                autostart_processes
 .rodata        0x00000000000299a0        0x8 obj_cooja/mtype674.a(beep.o)
                0x00000000000299a0                beep_interface
 .rodata        0x00000000000299a8       0x20 obj_cooja/mtype674.a(button-sensor.o)
                0x00000000000299a8                button_interface
                0x00000000000299b8                button_sensor
 .rodata        0x00000000000299c8        0x8 obj_cooja/mtype674.a(leds-arch.o)
                0x00000000000299c8                leds_interface
 .rodata        0x00000000000299d0        0x8 obj_cooja/mtype674.a(moteid.o)
                0x00000000000299d0                moteid_interface
 .rodata        0x00000000000299d8       0x1c obj_cooja/mtype674.a(pir-sensor.o)
                0x00000000000299d8                pir_interface
                0x00000000000299e4                pir_sensor
 .rodata        0x00000000000299f4        0xe obj_cooja/mtype674.a(rs232.o)
                0x00000000000299f4                rs232_interface
 *fill*         0x0000000000029a02        0x2 
 .rodata        0x0000000000029a04       0x24 obj_cooja/mtype674.a(vib-sensor.o)
                0x0000000000029a04                vib_interface
                0x0000000000029a18                vib_sensor
 .rodata        0x0000000000029a28        0x8 obj_cooja/mtype674.a(clock.o)
                0x0000000000029a28                clock_interface
 .rodata        0x0000000000029a30        0x8 obj_cooja/mtype674.a(cooja-log.o)
                0x0000000000029a30                simlog_interface
 .rodata        0x0000000000029a38       0x2f obj_cooja/mtype674.a(cfs-cooja.o)
                0x0000000000029a38                cfs_interface
 *fill*         0x0000000000029a67       0x19 
 .rodata        0x0000000000029a80       0x58 obj_cooja/mtype674.a(cooja-radio.o)
                0x0000000000029a80                radio_interface
                0x0000000000029aa0                cooja_radio_driver
 .rodata        0x0000000000029ad8        0x8 obj_cooja/mtype674.a(eeprom.o)
                0x0000000000029ad8                eeprom_interface
 .rodata        0x0000000000029ae0        0x8 obj_cooja/mtype674.a(sensors.o)
 .rodata        0x0000000000029ae8       0x14 obj_cooja/mtype674.a(mqtt.o)
 .rodata        0x0000000000029afc       0xf8 obj_cooja/mtype674.a(contiki-main.o)
 .rodata        0x0000000000029bf4        0xc obj_cooja/mtype674.a(etimer.o)
 .rodata        0x0000000000029c00       0xc0 obj_cooja/mtype674.a(log.o)
 .rodata        0x0000000000029cc0        0xf obj_cooja/mtype674.a(ctimer.o)
 .rodata        0x0000000000029ccf        0xe obj_cooja/mtype674.a(serial-line.o)
 *fill*         0x0000000000029cdd        0x3 
 .rodata        0x0000000000029ce0        0x8 obj_cooja/mtype674.a(linkaddr.o)
                0x0000000000029ce0                linkaddr_null
 .rodata        0x0000000000029ce8       0x20 obj_cooja/mtype674.a(csma.o)
                0x0000000000029cf0                csma_driver
 .rodata        0x0000000000029d08       0x13 obj_cooja/mtype674.a(tcp-socket.o)
 .rodata        0x0000000000029d1b        0xd obj_cooja/mtype674.a(tcpip.o)
 .rodata        0x0000000000029d28       0x4d obj_cooja/mtype674.a(uip-ds6-route.o)
 *fill*         0x0000000000029d75        0x3 
 .rodata        0x0000000000029d78      0x13c obj_cooja/mtype674.a(uip6.o)
 .rodata        0x0000000000029eb4       0x30 obj_cooja/mtype674.a(sicslowpan.o)
                0x0000000000029eb4                unc_llconf
                0x0000000000029eb8                unc_ctxconf
                0x0000000000029ebc                unc_mxconf
                0x0000000000029ec0                llprefix
                0x0000000000029ed4                sicslowpan_driver
 .rodata        0x0000000000029ee4       0x2d obj_cooja/mtype674.a(uiplib.o)
 *fill*         0x0000000000029f11        0x3 
 .rodata        0x0000000000029f14       0x61 obj_cooja/mtype674.a(rpl-neighbor.o)
 .rodata        0x0000000000029f75        0xc obj_cooja/mtype674.a(rpl-timers.o)
 *fill*         0x0000000000029f81       0x1f 
 .rodata        0x0000000000029fa0       0x70 obj_cooja/mtype674.a(rpl.o)
                0x0000000000029fc0                rpl_lite_driver
 .rodata        0x000000000002a010       0xdb obj_cooja/mtype674.a(rpl-dag.o)
 *fill*         0x000000000002a0eb        0x1 
 .rodata        0x000000000002a0ec        0xc obj_cooja/mtype674.a(framer-802154.o)
                0x000000000002a0ec                framer_802154
 .rodata        0x000000000002a0f8       0x44 obj_cooja/mtype674.a(uip-sr.o)

.rodata1
 *(.rodata1)

.eh_frame_hdr   0x000000000002a13c     0x15dc
 *(.eh_frame_hdr)
 .eh_frame_hdr  0x000000000002a13c     0x15dc contact_tracing_node.o
                0x000000000002a13c                __GNU_EH_FRAME_HDR
 *(.eh_frame_entry .eh_frame_entry.*)

.eh_frame       0x000000000002b718     0x5878
 *(.eh_frame)
 .eh_frame      0x000000000002b718       0x3c /usr/lib/gcc/i686-linux-gnu/5/../../../i386-linux-gnu/crti.o
                                         0x40 (size before relaxing)
 .eh_frame      0x000000000002b754       0xa8 contact_tracing_node.o
                                         0xc0 (size before relaxing)
 .eh_frame      0x000000000002b7fc      0x178 obj_cooja/mtype674.o
                                        0x190 (size before relaxing)
 .eh_frame      0x000000000002b974       0x40 obj_cooja/mtype674.a(simEnvChange.o)
                                         0x58 (size before relaxing)
 .eh_frame      0x000000000002b9b4       0x60 obj_cooja/mtype674.a(cooja_mt.o)
                                         0x78 (size before relaxing)
 .eh_frame      0x000000000002ba14       0x80 obj_cooja/mtype674.a(cooja_mtarch.o)
                                         0x98 (size before relaxing)
 .eh_frame      0x000000000002ba94       0xc8 obj_cooja/mtype674.a(rtimer-arch.o)
                                         0xe0 (size before relaxing)
 .eh_frame      0x000000000002bb5c      0x160 obj_cooja/mtype674.a(beep.o)
                                        0x178 (size before relaxing)
 .eh_frame      0x000000000002bcbc       0xa0 obj_cooja/mtype674.a(button-sensor.o)
                                         0xb8 (size before relaxing)
 .eh_frame      0x000000000002bd5c       0xa0 obj_cooja/mtype674.a(leds-arch.o)
                                         0xb8 (size before relaxing)
 .eh_frame      0x000000000002bdfc       0x40 obj_cooja/mtype674.a(moteid.o)
                                         0x58 (size before relaxing)
 .eh_frame      0x000000000002be3c       0xa0 obj_cooja/mtype674.a(pir-sensor.o)
                                         0xb8 (size before relaxing)
 .eh_frame      0x000000000002bedc      0x100 obj_cooja/mtype674.a(rs232.o)
                                        0x118 (size before relaxing)
 .eh_frame      0x000000000002bfdc       0xa0 obj_cooja/mtype674.a(vib-sensor.o)
                                         0xb8 (size before relaxing)
 .eh_frame      0x000000000002c07c       0xc0 obj_cooja/mtype674.a(clock.o)
                                         0xd8 (size before relaxing)
 .eh_frame      0x000000000002c13c      0x120 obj_cooja/mtype674.a(cooja-log.o)
                                        0x138 (size before relaxing)
 .eh_frame      0x000000000002c25c      0x160 obj_cooja/mtype674.a(cfs-cooja.o)
                                        0x178 (size before relaxing)
 .eh_frame      0x000000000002c3bc      0x340 obj_cooja/mtype674.a(cooja-radio.o)
                                        0x358 (size before relaxing)
 .eh_frame      0x000000000002c6fc       0xa0 obj_cooja/mtype674.a(eeprom.o)
                                         0xb8 (size before relaxing)
 .eh_frame      0x000000000002c79c       0x40 obj_cooja/mtype674.a(random.o)
                                         0x58 (size before relaxing)
 .eh_frame      0x000000000002c7dc       0xc0 obj_cooja/mtype674.a(sensors.o)
                                         0xd8 (size before relaxing)
 .eh_frame      0x000000000002c89c      0x4a4 obj_cooja/mtype674.a(mqtt.o)
                                        0x4bc (size before relaxing)
 .eh_frame      0x000000000002cd40       0x30 obj_cooja/mtype674.a(contiki-main.o)
                                         0x48 (size before relaxing)
 .eh_frame      0x000000000002cd70       0x40 obj_cooja/mtype674.a(autostart.o)
                                         0x58 (size before relaxing)
 .eh_frame      0x000000000002cdb0       0x60 obj_cooja/mtype674.a(energest.o)
                                         0x78 (size before relaxing)
 .eh_frame      0x000000000002ce10      0x1e0 obj_cooja/mtype674.a(etimer.o)
                                        0x1f8 (size before relaxing)
 .eh_frame      0x000000000002cff0      0x100 obj_cooja/mtype674.a(log.o)
                                        0x118 (size before relaxing)
 .eh_frame      0x000000000002d0f0      0x100 obj_cooja/mtype674.a(ctimer.o)
                                        0x118 (size before relaxing)
 .eh_frame      0x000000000002d1f0      0x1c4 obj_cooja/mtype674.a(process.o)
                                        0x1dc (size before relaxing)
 .eh_frame      0x000000000002d3b4       0x60 obj_cooja/mtype674.a(rtimer.o)
                                         0x78 (size before relaxing)
 .eh_frame      0x000000000002d414       0x20 obj_cooja/mtype674.a(node-id.o)
                                         0x38 (size before relaxing)
 .eh_frame      0x000000000002d434       0xa4 obj_cooja/mtype674.a(timer.o)
                                         0xbc (size before relaxing)
 .eh_frame      0x000000000002d4d8       0x60 obj_cooja/mtype674.a(serial-line.o)
                                         0x78 (size before relaxing)
 .eh_frame      0x000000000002d538       0xa0 obj_cooja/mtype674.a(ringbuf.o)
                                         0xb8 (size before relaxing)
 .eh_frame      0x000000000002d5d8      0x1a0 obj_cooja/mtype674.a(list.o)
                                        0x1b8 (size before relaxing)
 .eh_frame      0x000000000002d778      0x2ac obj_cooja/mtype674.a(nbr-table.o)
                                        0x2c4 (size before relaxing)
 .eh_frame      0x000000000002da24      0x28c obj_cooja/mtype674.a(packetbuf.o)
                                        0x2a4 (size before relaxing)
 .eh_frame      0x000000000002dcb0       0x80 obj_cooja/mtype674.a(netstack.o)
                                         0x98 (size before relaxing)
 .eh_frame      0x000000000002dd30       0x60 obj_cooja/mtype674.a(linkaddr.o)
                                         0x78 (size before relaxing)
 .eh_frame      0x000000000002dd90       0xa0 obj_cooja/mtype674.a(csma.o)
                                         0xb8 (size before relaxing)
 .eh_frame      0x000000000002de30      0x1d4 obj_cooja/mtype674.a(csma-output.o)
                                        0x1ec (size before relaxing)
 .eh_frame      0x000000000002e004      0x2e8 obj_cooja/mtype674.a(uip-ds6.o)
                                        0x300 (size before relaxing)
 .eh_frame      0x000000000002e2ec      0x248 obj_cooja/mtype674.a(tcp-socket.o)
                                        0x260 (size before relaxing)
 .eh_frame      0x000000000002e534      0x308 obj_cooja/mtype674.a(tcpip.o)
                                        0x320 (size before relaxing)
 .eh_frame      0x000000000002e83c      0x220 obj_cooja/mtype674.a(uip-ds6-route.o)
                                        0x238 (size before relaxing)
 .eh_frame      0x000000000002ea5c      0x274 obj_cooja/mtype674.a(uip6.o)
                                        0x28c (size before relaxing)
 .eh_frame      0x000000000002ecd0      0x1c0 obj_cooja/mtype674.a(uip-ds6-nbr.o)
                                        0x1d8 (size before relaxing)
 .eh_frame      0x000000000002ee90       0x84 obj_cooja/mtype674.a(uip-nd6.o)
                                         0x9c (size before relaxing)
 .eh_frame      0x000000000002ef14      0x2f8 obj_cooja/mtype674.a(sicslowpan.o)
                                        0x310 (size before relaxing)
 .eh_frame      0x000000000002f20c       0x88 obj_cooja/mtype674.a(uiplib.o)
                                         0xa0 (size before relaxing)
 .eh_frame      0x000000000002f294       0x80 obj_cooja/mtype674.a(rpl-nbr-policy.)
                                         0x98 (size before relaxing)
 .eh_frame      0x000000000002f314      0x2d4 obj_cooja/mtype674.a(rpl-neighbor.o)
                                        0x2ec (size before relaxing)
 .eh_frame      0x000000000002f5e8      0x368 obj_cooja/mtype674.a(rpl-timers.o)
                                        0x380 (size before relaxing)
 .eh_frame      0x000000000002f950      0x1e0 obj_cooja/mtype674.a(rpl.o)
                                        0x1f8 (size before relaxing)
 .eh_frame      0x000000000002fb30      0x1c4 obj_cooja/mtype674.a(rpl-icmp6.o)
                                        0x1dc (size before relaxing)
 .eh_frame      0x000000000002fcf4      0x370 obj_cooja/mtype674.a(rpl-dag.o)
                                        0x388 (size before relaxing)
 .eh_frame      0x0000000000030064       0xa0 obj_cooja/mtype674.a(rpl-dag-root.o)
                                         0xb8 (size before relaxing)
 .eh_frame      0x0000000000030104       0xa0 obj_cooja/mtype674.a(watchdog.o)
                                         0xb8 (size before relaxing)
 .eh_frame      0x00000000000301a4       0xc4 obj_cooja/mtype674.a(stimer.o)
                                         0xdc (size before relaxing)
 .eh_frame      0x0000000000030268       0xa0 obj_cooja/mtype674.a(memb.o)
                                         0xb8 (size before relaxing)
 .eh_frame      0x0000000000030308      0x1a0 obj_cooja/mtype674.a(queuebuf.o)
                                        0x1b8 (size before relaxing)
 .eh_frame      0x00000000000304a8      0x100 obj_cooja/mtype674.a(link-stats.o)
                                        0x118 (size before relaxing)
 .eh_frame      0x00000000000305a8       0x48 obj_cooja/mtype674.a(mac-sequence.o)
                                         0x60 (size before relaxing)
 .eh_frame      0x00000000000305f0       0x20 obj_cooja/mtype674.a(mac.o)
                                         0x38 (size before relaxing)
 .eh_frame      0x0000000000030610       0xa4 obj_cooja/mtype674.a(framer-802154.o)
                                         0xbc (size before relaxing)
 .eh_frame      0x00000000000306b4      0x1a4 obj_cooja/mtype674.a(frame802154.o)
                                        0x1bc (size before relaxing)
 .eh_frame      0x0000000000030858      0x100 obj_cooja/mtype674.a(uipbuf.o)
                                        0x118 (size before relaxing)
 .eh_frame      0x0000000000030958      0x160 obj_cooja/mtype674.a(uip-icmp6.o)
                                        0x178 (size before relaxing)
 .eh_frame      0x0000000000030ab8      0x184 obj_cooja/mtype674.a(uip-sr.o)
                                        0x19c (size before relaxing)
 .eh_frame      0x0000000000030c3c       0xe0 obj_cooja/mtype674.a(uip-packetqueue)
                                         0xf8 (size before relaxing)
 .eh_frame      0x0000000000030d1c      0x128 obj_cooja/mtype674.a(rpl-ext-header.)
                                        0x140 (size before relaxing)
 .eh_frame      0x0000000000030e44      0x148 obj_cooja/mtype674.a(rpl-mrhof.o)
                                        0x160 (size before relaxing)
 .eh_frame      0x0000000000030f8c        0x4 /usr/lib/gcc/i686-linux-gnu/5/crtendS.o
 *(.eh_frame.*)

.gcc_except_table
 *(.gcc_except_table .gcc_except_table.*)

.gnu_extab
 *(.gnu_extab*)

.exception_ranges
 *(.exception_ranges .exception_ranges*)
                0x0000000000032f10                . = DATA_SEGMENT_ALIGN (0x1000, 0x1000)

.eh_frame
 *(.eh_frame)
 *(.eh_frame.*)

.gnu_extab
 *(.gnu_extab)

.gcc_except_table
 *(.gcc_except_table .gcc_except_table.*)

.exception_ranges
 *(.exception_ranges .exception_ranges*)

.tdata
 *(.tdata .tdata.* .gnu.linkonce.td.*)

.tbss
 *(.tbss .tbss.* .gnu.linkonce.tb.*)
 *(.tcommon)

.preinit_array
 *(.preinit_array)

.init_array     0x0000000000032f10        0x4
 *(SORT(.init_array.*) SORT(.ctors.*))
 *(.init_array EXCLUDE_FILE(*crtend?.o *crtend.o *crtbegin?.o *crtbegin.o) .ctors)
 .init_array    0x0000000000032f10        0x4 /usr/lib/gcc/i686-linux-gnu/5/crtbeginS.o

.fini_array     0x0000000000032f14        0x4
 *(SORT(.fini_array.*) SORT(.dtors.*))
 *(.fini_array EXCLUDE_FILE(*crtend?.o *crtend.o *crtbegin?.o *crtbegin.o) .dtors)
 .fini_array    0x0000000000032f14        0x4 /usr/lib/gcc/i686-linux-gnu/5/crtbeginS.o

.ctors
 *crtbegin.o(.ctors)
 *crtbegin?.o(.ctors)
 *(EXCLUDE_FILE(*crtend?.o *crtend.o) .ctors)
 *(SORT(.ctors.*))
 *(.ctors)

.dtors
 *crtbegin.o(.dtors)
 *crtbegin?.o(.dtors)
 *(EXCLUDE_FILE(*crtend?.o *crtend.o) .dtors)
 *(SORT(.dtors.*))
 *(.dtors)

.jcr            0x0000000000032f18        0x4
 *(.jcr)
 .jcr           0x0000000000032f18        0x0 /usr/lib/gcc/i686-linux-gnu/5/crtbeginS.o
 .jcr           0x0000000000032f18        0x4 /usr/lib/gcc/i686-linux-gnu/5/crtendS.o

.data.rel.ro
 *(.data.rel.ro.local* .gnu.linkonce.d.rel.ro.local.*)
 *(.data.rel.ro .data.rel.ro.* .gnu.linkonce.d.rel.ro.*)

.dynamic        0x0000000000032f1c       0xd0
 *(.dynamic)
 .dynamic       0x0000000000032f1c       0xd0 /usr/lib/gcc/i686-linux-gnu/5/../../../i386-linux-gnu/crti.o
                0x0000000000032f1c                _DYNAMIC

.got            0x0000000000032fec       0x14
 *(.got)
 .got           0x0000000000032fec       0x14 /usr/lib/gcc/i686-linux-gnu/5/../../../i386-linux-gnu/crti.o
 *(.igot)
                0x0000000000033ff4                . = DATA_SEGMENT_RELRO_END (., (SIZEOF (.got.plt) >= 0xc)?0xc:0x0)

.got.plt        0x0000000000033000        0xc
 *(.got.plt)
 .got.plt       0x0000000000033000        0xc /usr/lib/gcc/i686-linux-gnu/5/../../../i386-linux-gnu/crti.o
                0x0000000000033000                _GLOBAL_OFFSET_TABLE_
 *(.igot.plt)

.data           0x0000000000033020      0x324
 *(.data .data.* .gnu.linkonce.d.*)
 .data          0x0000000000033020        0x0 /usr/lib/gcc/i686-linux-gnu/5/../../../i386-linux-gnu/crti.o
 .data          0x0000000000033020        0x0 /usr/lib/gcc/i686-linux-gnu/5/crtbeginS.o
 .data.rel.local
                0x0000000000033020        0x4 /usr/lib/gcc/i686-linux-gnu/5/crtbeginS.o
                0x0000000000033020                __dso_handle
 .data          0x0000000000033024       0x14 contact_tracing_node.o
                0x0000000000033028                contact_tracing_process
 *fill*         0x0000000000033038        0x8 
 .data          0x0000000000033040       0x44 obj_cooja/mtype674.o
                0x0000000000033040                simInterfaces
                0x0000000000033074                sensors
 .data          0x0000000000033084        0x0 obj_cooja/mtype674.a(simEnvChange.o)
 .data          0x0000000000033084        0x0 obj_cooja/mtype674.a(cooja_mt.o)
 .data          0x0000000000033084        0x0 obj_cooja/mtype674.a(cooja_mtarch.o)
 .data          0x0000000000033084        0x0 obj_cooja/mtype674.a(rtimer-arch.o)
 .data          0x0000000000033084        0x0 obj_cooja/mtype674.a(beep.o)
 .data          0x0000000000033084        0x0 obj_cooja/mtype674.a(button-sensor.o)
 .data          0x0000000000033084        0x0 obj_cooja/mtype674.a(leds-arch.o)
 .data          0x0000000000033084        0x0 obj_cooja/mtype674.a(moteid.o)
 .data          0x0000000000033084        0x0 obj_cooja/mtype674.a(pir-sensor.o)
 .data          0x0000000000033084        0x0 obj_cooja/mtype674.a(rs232.o)
 .data          0x0000000000033084        0x0 obj_cooja/mtype674.a(vib-sensor.o)
 .data          0x0000000000033084        0x0 obj_cooja/mtype674.a(clock.o)
 .data          0x0000000000033084        0x0 obj_cooja/mtype674.a(cooja-log.o)
 .data          0x0000000000033084        0x0 obj_cooja/mtype674.a(cfs-cooja.o)
 .data          0x0000000000033084       0x2c obj_cooja/mtype674.a(cooja-radio.o)
                0x0000000000033084                simRadioHWOn
                0x0000000000033088                simSignalStrength
                0x000000000003308c                simLastSignalStrength
                0x0000000000033090                simPower
                0x0000000000033094                simRadioChannel
                0x0000000000033098                simLQI
                0x00000000000330a0                cooja_radio_process
 .data          0x00000000000330b0        0x0 obj_cooja/mtype674.a(eeprom.o)
 .data          0x00000000000330b0        0x0 obj_cooja/mtype674.a(random.o)
 .data          0x00000000000330b0       0x10 obj_cooja/mtype674.a(sensors.o)
                0x00000000000330b0                sensors_process
 .data          0x00000000000330c0       0x14 obj_cooja/mtype674.a(mqtt.o)
                0x00000000000330c4                mqtt_process
 .data          0x00000000000330d4        0x0 obj_cooja/mtype674.a(contiki-main.o)
 .data          0x00000000000330d4        0x0 obj_cooja/mtype674.a(autostart.o)
 .data          0x00000000000330d4        0x0 obj_cooja/mtype674.a(energest.o)
 .data          0x00000000000330d4       0x10 obj_cooja/mtype674.a(etimer.o)
                0x00000000000330d4                etimer_process
 *fill*         0x00000000000330e4       0x1c 
 .data          0x0000000000033100       0xb0 obj_cooja/mtype674.a(log.o)
                0x0000000000033100                curr_log_level_main
                0x0000000000033120                all_modules
 .data          0x00000000000331b0       0x14 obj_cooja/mtype674.a(ctimer.o)
                0x00000000000331b4                ctimer_process
 .data          0x00000000000331c4        0x0 obj_cooja/mtype674.a(process.o)
 .data          0x00000000000331c4        0x0 obj_cooja/mtype674.a(rtimer.o)
 .data          0x00000000000331c4        0x0 obj_cooja/mtype674.a(node-id.o)
 .data          0x00000000000331c4        0x0 obj_cooja/mtype674.a(timer.o)
 .data          0x00000000000331c4       0x10 obj_cooja/mtype674.a(serial-line.o)
                0x00000000000331c4                serial_line_process
 .data          0x00000000000331d4        0x0 obj_cooja/mtype674.a(ringbuf.o)
 .data          0x00000000000331d4        0x0 obj_cooja/mtype674.a(list.o)
 .data          0x00000000000331d4       0x10 obj_cooja/mtype674.a(nbr-table.o)
 .data          0x00000000000331e4        0x4 obj_cooja/mtype674.a(packetbuf.o)
 .data          0x00000000000331e8        0x4 obj_cooja/mtype674.a(netstack.o)
 .data          0x00000000000331ec        0x0 obj_cooja/mtype674.a(linkaddr.o)
 .data          0x00000000000331ec        0x0 obj_cooja/mtype674.a(csma.o)
 .data          0x00000000000331ec       0x28 obj_cooja/mtype674.a(csma-output.o)
 .data          0x0000000000033214        0x0 obj_cooja/mtype674.a(uip-ds6.o)
 .data          0x0000000000033214       0x14 obj_cooja/mtype674.a(tcp-socket.o)
                0x0000000000033218                tcp_socket_process
 .data          0x0000000000033228       0x10 obj_cooja/mtype674.a(tcpip.o)
                0x0000000000033228                tcpip_process
 .data          0x0000000000033238       0x10 obj_cooja/mtype674.a(uip-ds6-route.o)
 .data          0x0000000000033248        0x0 obj_cooja/mtype674.a(uip6.o)
 .data          0x0000000000033248       0x14 obj_cooja/mtype674.a(uip-ds6-nbr.o)
                0x0000000000033258                ds6_neighbors
 .data          0x000000000003325c        0xc obj_cooja/mtype674.a(uip-nd6.o)
 .data          0x0000000000033268        0x0 obj_cooja/mtype674.a(sicslowpan.o)
 .data          0x0000000000033268        0x0 obj_cooja/mtype674.a(uiplib.o)
 .data          0x0000000000033268        0x0 obj_cooja/mtype674.a(rpl-nbr-policy.)
 .data          0x0000000000033268       0x14 obj_cooja/mtype674.a(rpl-neighbor.o)
                0x0000000000033278                rpl_neighbors
 .data          0x000000000003327c        0x0 obj_cooja/mtype674.a(rpl-timers.o)
 .data          0x000000000003327c        0x0 obj_cooja/mtype674.a(rpl.o)
 .data          0x000000000003327c       0x30 obj_cooja/mtype674.a(rpl-icmp6.o)
 .data          0x00000000000332ac        0x0 obj_cooja/mtype674.a(rpl-dag.o)
 .data          0x00000000000332ac        0x0 obj_cooja/mtype674.a(rpl-dag-root.o)
 .data          0x00000000000332ac        0x0 obj_cooja/mtype674.a(watchdog.o)
 .data          0x00000000000332ac        0x0 obj_cooja/mtype674.a(stimer.o)
 .data          0x00000000000332ac        0x0 obj_cooja/mtype674.a(memb.o)
 .data          0x00000000000332ac       0x18 obj_cooja/mtype674.a(queuebuf.o)
 .data          0x00000000000332c4       0x14 obj_cooja/mtype674.a(link-stats.o)
 .data          0x00000000000332d8        0x0 obj_cooja/mtype674.a(mac-sequence.o)
 .data          0x00000000000332d8        0x0 obj_cooja/mtype674.a(mac.o)
 .data          0x00000000000332d8        0x0 obj_cooja/mtype674.a(framer-802154.o)
 .data          0x00000000000332d8        0x2 obj_cooja/mtype674.a(frame802154.o)
 .data          0x00000000000332da        0x0 obj_cooja/mtype674.a(uipbuf.o)
 *fill*         0x00000000000332da        0x2 
 .data          0x00000000000332dc       0x20 obj_cooja/mtype674.a(uip-icmp6.o)
 .data          0x00000000000332fc       0x10 obj_cooja/mtype674.a(uip-sr.o)
 .data          0x000000000003330c        0xc obj_cooja/mtype674.a(uip-packetqueue)
 .data          0x0000000000033318        0x0 obj_cooja/mtype674.a(rpl-ext-header.)
 *fill*         0x0000000000033318        0x8 
 .data          0x0000000000033320       0x24 obj_cooja/mtype674.a(rpl-mrhof.o)
                0x0000000000033320                rpl_mrhof
 .data          0x0000000000033344        0x0 /usr/lib/gcc/i686-linux-gnu/5/crtendS.o
 .data          0x0000000000033344        0x0 /usr/lib/gcc/i686-linux-gnu/5/../../../i386-linux-gnu/crtn.o

.tm_clone_table
                0x0000000000033344        0x0
 .tm_clone_table
                0x0000000000033344        0x0 /usr/lib/gcc/i686-linux-gnu/5/crtbeginS.o
 .tm_clone_table
                0x0000000000033344        0x0 /usr/lib/gcc/i686-linux-gnu/5/crtendS.o

.data1
 *(.data1)
                0x0000000000033344                _edata = .
                [!provide]                        PROVIDE (edata, .)
                0x0000000000033344                . = .
                0x0000000000033344                __bss_start = .

.bss            0x0000000000033360    0x14460
 *(.dynbss)
 .dynbss        0x0000000000033360        0x0 /usr/lib/gcc/i686-linux-gnu/5/../../../i386-linux-gnu/crti.o
 *(.bss .bss.* .gnu.linkonce.b.*)
 .bss           0x0000000000033360        0x0 /usr/lib/gcc/i686-linux-gnu/5/../../../i386-linux-gnu/crti.o
 .bss           0x0000000000033360        0x1 /usr/lib/gcc/i686-linux-gnu/5/crtbeginS.o
 *fill*         0x0000000000033361       0x1f 
 .bss           0x0000000000033380      0x9e6 contact_tracing_node.o
 *fill*         0x0000000000033d66       0x1a 
 .bss           0x0000000000033d80     0x2030 obj_cooja/mtype674.o
 .bss           0x0000000000035db0        0x1 obj_cooja/mtype674.a(simEnvChange.o)
                0x0000000000035db0                simDontFallAsleep
 *fill*         0x0000000000035db1        0x3 
 .bss           0x0000000000035db4        0x4 obj_cooja/mtype674.a(cooja_mt.o)
 .bss           0x0000000000035db8        0x4 obj_cooja/mtype674.a(cooja_mtarch.o)
 .bss           0x0000000000035dbc        0x0 obj_cooja/mtype674.a(rtimer-arch.o)
 .bss           0x0000000000035dbc        0x0 obj_cooja/mtype674.a(beep.o)
 .bss           0x0000000000035dbc        0x8 obj_cooja/mtype674.a(button-sensor.o)
 .bss           0x0000000000035dc4        0x0 obj_cooja/mtype674.a(leds-arch.o)
 .bss           0x0000000000035dc4        0x0 obj_cooja/mtype674.a(moteid.o)
 .bss           0x0000000000035dc4        0x1 obj_cooja/mtype674.a(pir-sensor.o)
                0x0000000000035dc4                simPirValue
 *fill*         0x0000000000035dc5        0x3 
 .bss           0x0000000000035dc8        0x4 obj_cooja/mtype674.a(rs232.o)
 .bss           0x0000000000035dcc        0x1 obj_cooja/mtype674.a(vib-sensor.o)
                0x0000000000035dcc                simVibValue
 .bss           0x0000000000035dcd        0x0 obj_cooja/mtype674.a(clock.o)
 *fill*         0x0000000000035dcd       0x13 
 .bss           0x0000000000035de0     0x2020 obj_cooja/mtype674.a(cooja-log.o)
 .bss           0x0000000000037e00      0xfc0 obj_cooja/mtype674.a(cfs-cooja.o)
                0x0000000000037e00                simCFSData
                0x0000000000038da0                simCFSSize
                0x0000000000038da4                simCFSChanged
                0x0000000000038da8                simCFSRead
                0x0000000000038dac                simCFSWritten
 .bss           0x0000000000038dc0       0x24 obj_cooja/mtype674.a(cooja-radio.o)
                0x0000000000038dc0                simReceiving
                0x0000000000038dc4                simInSize
                0x0000000000038dc8                simLastPacketTimestamp
                0x0000000000038dd0                simOutSize
 .bss           0x0000000000038de4        0xc obj_cooja/mtype674.a(eeprom.o)
                0x0000000000038de4                simEEPROMChanged
                0x0000000000038de8                simEEPROMRead
                0x0000000000038dec                simEEPROMWritten
 .bss           0x0000000000038df0        0x0 obj_cooja/mtype674.a(random.o)
 .bss           0x0000000000038df0        0xc obj_cooja/mtype674.a(sensors.o)
 .bss           0x0000000000038dfc       0x15 obj_cooja/mtype674.a(mqtt.o)
 .bss           0x0000000000038e11        0x0 obj_cooja/mtype674.a(contiki-main.o)
 .bss           0x0000000000038e11        0x0 obj_cooja/mtype674.a(autostart.o)
 .bss           0x0000000000038e11        0x0 obj_cooja/mtype674.a(energest.o)
 *fill*         0x0000000000038e11        0x3 
 .bss           0x0000000000038e14        0x8 obj_cooja/mtype674.a(etimer.o)
 .bss           0x0000000000038e1c       0x28 obj_cooja/mtype674.a(log.o)
                0x0000000000038e1c                curr_log_level_rpl
                0x0000000000038e20                curr_log_level_tcpip
                0x0000000000038e24                curr_log_level_ipv6
                0x0000000000038e28                curr_log_level_6lowpan
                0x0000000000038e2c                curr_log_level_nullnet
                0x0000000000038e30                curr_log_level_mac
                0x0000000000038e34                curr_log_level_framer
                0x0000000000038e38                curr_log_level_6top
                0x0000000000038e3c                curr_log_level_coap
                0x0000000000038e40                curr_log_level_lwm2m
 .bss           0x0000000000038e44        0x5 obj_cooja/mtype674.a(ctimer.o)
 *fill*         0x0000000000038e49       0x17 
 .bss           0x0000000000038e60      0x1a1 obj_cooja/mtype674.a(process.o)
                0x0000000000038e60                process_list
                0x0000000000038e64                process_current
 *fill*         0x0000000000039001        0x3 
 .bss           0x0000000000039004        0x4 obj_cooja/mtype674.a(rtimer.o)
 .bss           0x0000000000039008        0x2 obj_cooja/mtype674.a(node-id.o)
                0x0000000000039008                node_id
 .bss           0x000000000003900a        0x0 obj_cooja/mtype674.a(timer.o)
 *fill*         0x000000000003900a       0x16 
 .bss           0x0000000000039020      0x140 obj_cooja/mtype674.a(serial-line.o)
 .bss           0x0000000000039160        0x0 obj_cooja/mtype674.a(ringbuf.o)
 .bss           0x0000000000039160        0x0 obj_cooja/mtype674.a(list.o)
 .bss           0x0000000000039160     0x1214 obj_cooja/mtype674.a(nbr-table.o)
 *fill*         0x000000000003a374        0xc 
 .bss           0x000000000003a380       0xa0 obj_cooja/mtype674.a(packetbuf.o)
 .bss           0x000000000003a420        0x4 obj_cooja/mtype674.a(netstack.o)
 .bss           0x000000000003a424        0x0 obj_cooja/mtype674.a(linkaddr.o)
 .bss           0x000000000003a424        0x0 obj_cooja/mtype674.a(csma.o)
 *fill*         0x000000000003a424       0x1c 
 .bss           0x000000000003a440      0x726 obj_cooja/mtype674.a(csma-output.o)
 *fill*         0x000000000003ab66        0x2 
 .bss           0x000000000003ab68       0x20 obj_cooja/mtype674.a(uip-ds6.o)
 .bss           0x000000000003ab88        0x5 obj_cooja/mtype674.a(tcp-socket.o)
 *fill*         0x000000000003ab8d       0x13 
 .bss           0x000000000003aba0       0xc4 obj_cooja/mtype674.a(tcpip.o)
 *fill*         0x000000000003ac64       0x1c 
 .bss           0x000000000003ac80       0x60 obj_cooja/mtype674.a(uip-ds6-route.o)
 .bss           0x000000000003ace0        0xc obj_cooja/mtype674.a(uip6.o)
                0x000000000003ace0                uip_ext_bitmap
                0x000000000003ace1                uip_ext_len
                0x000000000003ace2                uip_ext_opt_offset
 *fill*         0x000000000003acec       0x14 
 .bss           0x000000000003ad00     0x1c20 obj_cooja/mtype674.a(uip-ds6-nbr.o)
 .bss           0x000000000003c920       0x10 obj_cooja/mtype674.a(uip-nd6.o)
 *fill*         0x000000000003c930       0x10 
 .bss           0x000000000003c940      0x724 obj_cooja/mtype674.a(sicslowpan.o)
 .bss           0x000000000003d064        0x0 obj_cooja/mtype674.a(uiplib.o)
 .bss           0x000000000003d064        0xe obj_cooja/mtype674.a(rpl-nbr-policy.)
 *fill*         0x000000000003d072        0xe 
 .bss           0x000000000003d080      0x960 obj_cooja/mtype674.a(rpl-neighbor.o)
 .bss           0x000000000003d9e0       0x40 obj_cooja/mtype674.a(rpl-timers.o)
 .bss           0x000000000003da20        0x1 obj_cooja/mtype674.a(rpl.o)
 .bss           0x000000000003da21        0x0 obj_cooja/mtype674.a(rpl-icmp6.o)
 .bss           0x000000000003da21        0x0 obj_cooja/mtype674.a(rpl-dag.o)
 *fill*         0x000000000003da21        0x3 
 .bss           0x000000000003da24       0x11 obj_cooja/mtype674.a(rpl-dag-root.o)
 .bss           0x000000000003da35        0x0 obj_cooja/mtype674.a(watchdog.o)
 .bss           0x000000000003da35        0x0 obj_cooja/mtype674.a(stimer.o)
 .bss           0x000000000003da35        0x0 obj_cooja/mtype674.a(memb.o)
 *fill*         0x000000000003da35        0xb 
 .bss           0x000000000003da40     0x2c80 obj_cooja/mtype674.a(queuebuf.o)
 .bss           0x00000000000406c0      0xe10 obj_cooja/mtype674.a(link-stats.o)
 *fill*         0x00000000000414d0       0x10 
 .bss           0x00000000000414e0      0x100 obj_cooja/mtype674.a(mac-sequence.o)
 .bss           0x00000000000415e0        0x0 obj_cooja/mtype674.a(mac.o)
 .bss           0x00000000000415e0        0x2 obj_cooja/mtype674.a(framer-802154.o)
 .bss           0x00000000000415e2        0x0 obj_cooja/mtype674.a(frame802154.o)
 *fill*         0x00000000000415e2        0x2 
 .bss           0x00000000000415e4        0xc obj_cooja/mtype674.a(uipbuf.o)
 .bss           0x00000000000415f0       0x18 obj_cooja/mtype674.a(uip-icmp6.o)
 *fill*         0x0000000000041608       0x18 
 .bss           0x0000000000041620     0x1d80 obj_cooja/mtype674.a(uip-sr.o)
 .bss           0x00000000000433a0      0xa78 obj_cooja/mtype674.a(uip-packetqueue)
 .bss           0x0000000000043e18        0x0 obj_cooja/mtype674.a(rpl-ext-header.)
 .bss           0x0000000000043e18        0x0 obj_cooja/mtype674.a(rpl-mrhof.o)
 .bss           0x0000000000043e18        0x0 /usr/lib/gcc/i686-linux-gnu/5/crtendS.o
 .bss           0x0000000000043e18        0x0 /usr/lib/gcc/i686-linux-gnu/5/../../../i386-linux-gnu/crtn.o
 *(COMMON)
 COMMON         0x0000000000043e18        0x8 obj_cooja/mtype674.o
                0x0000000000043e18                referenceVar
                0x0000000000043e1c                sensors_flags
 COMMON         0x0000000000043e20        0xc obj_cooja/mtype674.a(simEnvChange.o)
                0x0000000000043e20                simEtimerPending
                0x0000000000043e24                simProcessRunValue
                0x0000000000043e28                simEtimerNextExpirationTime
 *fill*         0x0000000000043e2c        0x4 
 COMMON         0x0000000000043e30       0x18 obj_cooja/mtype674.a(rtimer-arch.o)
                0x0000000000043e30                simRtimerPending
                0x0000000000043e38                simRtimerCurrentTicks
                0x0000000000043e40                simRtimerNextExpirationTime
 COMMON         0x0000000000043e48        0x1 obj_cooja/mtype674.a(beep.o)
                0x0000000000043e48                simBeeped
 COMMON         0x0000000000043e49        0x3 obj_cooja/mtype674.a(button-sensor.o)
                0x0000000000043e49                simButtonIsActive
                0x0000000000043e4a                simButtonIsDown
                0x0000000000043e4b                simButtonChanged
 COMMON         0x0000000000043e4c        0x1 obj_cooja/mtype674.a(leds-arch.o)
                0x0000000000043e4c                simLedsValue
 *fill*         0x0000000000043e4d        0x3 
 COMMON         0x0000000000043e50        0xc obj_cooja/mtype674.a(moteid.o)
                0x0000000000043e50                simRandomSeed
                0x0000000000043e54                simMoteIDChanged
                0x0000000000043e58                simMoteID
 COMMON         0x0000000000043e5c        0x2 obj_cooja/mtype674.a(pir-sensor.o)
                0x0000000000043e5c                simPirIsActive
                0x0000000000043e5d                simPirChanged
 *fill*         0x0000000000043e5e        0x2 
 COMMON         0x0000000000043e60      0x820 obj_cooja/mtype674.a(rs232.o)
                0x0000000000043e60                simSerialReceivingFlag
                0x0000000000043e64                simSerialReceivingLength
                0x0000000000043e80                simSerialReceivingData
 COMMON         0x0000000000044680        0x2 obj_cooja/mtype674.a(vib-sensor.o)
                0x0000000000044680                simVibChanged
                0x0000000000044681                simVibIsActive
 *fill*         0x0000000000044682        0x2 
 COMMON         0x0000000000044684        0x4 obj_cooja/mtype674.a(clock.o)
                0x0000000000044684                simCurrentTime
 *fill*         0x0000000000044688       0x18 
 COMMON         0x00000000000446a0     0x2020 obj_cooja/mtype674.a(cooja-log.o)
                0x00000000000446a0                simLoggedLength
                0x00000000000446a4                simLoggedFlag
                0x00000000000446c0                simLoggedData
 COMMON         0x00000000000466c0      0x100 obj_cooja/mtype674.a(cooja-radio.o)
                0x00000000000466c0                simOutDataBuffer
                0x0000000000046740                simInDataBuffer
 COMMON         0x00000000000467c0      0x400 obj_cooja/mtype674.a(eeprom.o)
                0x00000000000467c0                simEEPROMData
 COMMON         0x0000000000046bc0        0x1 obj_cooja/mtype674.a(sensors.o)
                0x0000000000046bc0                sensors_event
 COMMON         0x0000000000046bc1        0x1 obj_cooja/mtype674.a(mqtt.o)
                0x0000000000046bc1                mqtt_update_event
 *fill*         0x0000000000046bc2        0x2 
 COMMON         0x0000000000046bc4       0x50 obj_cooja/mtype674.a(contiki-main.o)
                0x0000000000046bc4                eb_per_time_source
                0x0000000000046bd8                unicast_per_neighbor_rpl_storing
                0x0000000000046bec                unicast_per_neighbor_rpl_ns
                0x0000000000046c00                default_common
 COMMON         0x0000000000046c14        0x1 obj_cooja/mtype674.a(serial-line.o)
                0x0000000000046c14                serial_line_event_message
 *fill*         0x0000000000046c15        0x3 
 COMMON         0x0000000000046c18       0x2c obj_cooja/mtype674.a(packetbuf.o)
                0x0000000000046c18                packetbuf_attrs
                0x0000000000046c34                packetbuf_addrs
 COMMON         0x0000000000046c44        0x8 obj_cooja/mtype674.a(linkaddr.o)
                0x0000000000046c44                linkaddr_node_addr
 *fill*         0x0000000000046c4c       0x14 
 COMMON         0x0000000000046c60      0x181 obj_cooja/mtype674.a(uip-ds6.o)
                0x0000000000046c60                uip_ds6_prefix_list
                0x0000000000046cc0                uip_ds6_timer_periodic
                0x0000000000046cd0                uip_ds6_netif_addr_list_offset
                0x0000000000046ce0                uip_ds6_if
                0x0000000000046dd8                uip_ds6_timer_ra
                0x0000000000046de0                uip_ds6_addr_size
 COMMON         0x0000000000046de1        0x1 obj_cooja/mtype674.a(tcpip.o)
                0x0000000000046de1                tcpip_event
 *fill*         0x0000000000046de2       0x1e 
 COMMON         0x0000000000046e00      0x80c obj_cooja/mtype674.a(uip6.o)
                0x0000000000046e00                uip_slen
                0x0000000000046e04                uip_acc32
                0x0000000000046e20                uip_conns
                0x0000000000046fa0                uip_lladdr
                0x0000000000046fa8                uip_appdata
                0x0000000000046fac                uip_flags
                0x0000000000046fc0                uip_aligned_buf
                0x00000000000474c0                uip_listenports
                0x00000000000474e8                uip_len
                0x00000000000474ec                uip_sappdata
                0x0000000000047500                uip_udp_conns
                0x0000000000047600                uip_udp_conn
                0x0000000000047604                uip_next_hdr
                0x0000000000047608                uip_conn
 COMMON         0x000000000004760c       0x10 obj_cooja/mtype674.a(rpl.o)
                0x000000000004760c                rpl_multicast_addr
 *fill*         0x000000000004761c        0x4 
 COMMON         0x0000000000047620      0x164 obj_cooja/mtype674.a(rpl-dag.o)
                0x0000000000047620                curr_instance
 *fill*         0x0000000000047784       0x1c 
 COMMON         0x00000000000477a0       0x20 obj_cooja/mtype674.a(link-stats.o)
                0x00000000000477a0                periodic_timer
                0x00000000000477c0                . = ALIGN ((. != 0x0)?0x4:0x1)
                0x00000000000477c0                . = ALIGN (0x4)
                0x00000000000477c0                . = SEGMENT_START ("ldata-segment", .)
                0x00000000000477c0                . = ALIGN (0x4)
                0x00000000000477c0                _end = .
                [!provide]                        PROVIDE (end, .)
                0x00000000000477c0                . = DATA_SEGMENT_END (.)

.stab
 *(.stab)

.stabstr
 *(.stabstr)

.stab.excl
 *(.stab.excl)

.stab.exclstr
 *(.stab.exclstr)

.stab.index
 *(.stab.index)

.stab.indexstr
 *(.stab.indexstr)

.comment        0x0000000000000000       0x35
 *(.comment)
 .comment       0x0000000000000000       0x35 /usr/lib/gcc/i686-linux-gnu/5/crtbeginS.o
                                         0x36 (size before relaxing)
 .comment       0x0000000000000035       0x36 contact_tracing_node.o
 .comment       0x0000000000000035       0x36 obj_cooja/mtype674.o
 .comment       0x0000000000000035       0x36 obj_cooja/mtype674.a(simEnvChange.o)
 .comment       0x0000000000000035       0x36 obj_cooja/mtype674.a(cooja_mt.o)
 .comment       0x0000000000000035       0x36 obj_cooja/mtype674.a(cooja_mtarch.o)
 .comment       0x0000000000000035       0x36 obj_cooja/mtype674.a(rtimer-arch.o)
 .comment       0x0000000000000035       0x36 obj_cooja/mtype674.a(beep.o)
 .comment       0x0000000000000035       0x36 obj_cooja/mtype674.a(button-sensor.o)
 .comment       0x0000000000000035       0x36 obj_cooja/mtype674.a(leds-arch.o)
 .comment       0x0000000000000035       0x36 obj_cooja/mtype674.a(moteid.o)
 .comment       0x0000000000000035       0x36 obj_cooja/mtype674.a(pir-sensor.o)
 .comment       0x0000000000000035       0x36 obj_cooja/mtype674.a(rs232.o)
 .comment       0x0000000000000035       0x36 obj_cooja/mtype674.a(vib-sensor.o)
 .comment       0x0000000000000035       0x36 obj_cooja/mtype674.a(clock.o)
 .comment       0x0000000000000035       0x36 obj_cooja/mtype674.a(cooja-log.o)
 .comment       0x0000000000000035       0x36 obj_cooja/mtype674.a(cfs-cooja.o)
 .comment       0x0000000000000035       0x36 obj_cooja/mtype674.a(cooja-radio.o)
 .comment       0x0000000000000035       0x36 obj_cooja/mtype674.a(eeprom.o)
 .comment       0x0000000000000035       0x36 obj_cooja/mtype674.a(random.o)
 .comment       0x0000000000000035       0x36 obj_cooja/mtype674.a(sensors.o)
 .comment       0x0000000000000035       0x36 obj_cooja/mtype674.a(mqtt.o)
 .comment       0x0000000000000035       0x36 obj_cooja/mtype674.a(contiki-main.o)
 .comment       0x0000000000000035       0x36 obj_cooja/mtype674.a(autostart.o)
 .comment       0x0000000000000035       0x36 obj_cooja/mtype674.a(energest.o)
 .comment       0x0000000000000035       0x36 obj_cooja/mtype674.a(etimer.o)
 .comment       0x0000000000000035       0x36 obj_cooja/mtype674.a(log.o)
 .comment       0x0000000000000035       0x36 obj_cooja/mtype674.a(ctimer.o)
 .comment       0x0000000000000035       0x36 obj_cooja/mtype674.a(process.o)
 .comment       0x0000000000000035       0x36 obj_cooja/mtype674.a(rtimer.o)
 .comment       0x0000000000000035       0x36 obj_cooja/mtype674.a(node-id.o)
 .comment       0x0000000000000035       0x36 obj_cooja/mtype674.a(timer.o)
 .comment       0x0000000000000035       0x36 obj_cooja/mtype674.a(serial-line.o)
 .comment       0x0000000000000035       0x36 obj_cooja/mtype674.a(ringbuf.o)
 .comment       0x0000000000000035       0x36 obj_cooja/mtype674.a(list.o)
 .comment       0x0000000000000035       0x36 obj_cooja/mtype674.a(nbr-table.o)
 .comment       0x0000000000000035       0x36 obj_cooja/mtype674.a(packetbuf.o)
 .comment       0x0000000000000035       0x36 obj_cooja/mtype674.a(netstack.o)
 .comment       0x0000000000000035       0x36 obj_cooja/mtype674.a(linkaddr.o)
 .comment       0x0000000000000035       0x36 obj_cooja/mtype674.a(csma.o)
 .comment       0x0000000000000035       0x36 obj_cooja/mtype674.a(csma-output.o)
 .comment       0x0000000000000035       0x36 obj_cooja/mtype674.a(uip-ds6.o)
 .comment       0x0000000000000035       0x36 obj_cooja/mtype674.a(tcp-socket.o)
 .comment       0x0000000000000035       0x36 obj_cooja/mtype674.a(tcpip.o)
 .comment       0x0000000000000035       0x36 obj_cooja/mtype674.a(uip-ds6-route.o)
 .comment       0x0000000000000035       0x36 obj_cooja/mtype674.a(uip6.o)
 .comment       0x0000000000000035       0x36 obj_cooja/mtype674.a(uip-ds6-nbr.o)
 .comment       0x0000000000000035       0x36 obj_cooja/mtype674.a(uip-nd6.o)
 .comment       0x0000000000000035       0x36 obj_cooja/mtype674.a(sicslowpan.o)
 .comment       0x0000000000000035       0x36 obj_cooja/mtype674.a(uiplib.o)
 .comment       0x0000000000000035       0x36 obj_cooja/mtype674.a(rpl-nbr-policy.)
 .comment       0x0000000000000035       0x36 obj_cooja/mtype674.a(rpl-neighbor.o)
 .comment       0x0000000000000035       0x36 obj_cooja/mtype674.a(rpl-timers.o)
 .comment       0x0000000000000035       0x36 obj_cooja/mtype674.a(rpl.o)
 .comment       0x0000000000000035       0x36 obj_cooja/mtype674.a(rpl-icmp6.o)
 .comment       0x0000000000000035       0x36 obj_cooja/mtype674.a(rpl-dag.o)
 .comment       0x0000000000000035       0x36 obj_cooja/mtype674.a(rpl-dag-root.o)
 .comment       0x0000000000000035       0x36 obj_cooja/mtype674.a(watchdog.o)
 .comment       0x0000000000000035       0x36 obj_cooja/mtype674.a(stimer.o)
 .comment       0x0000000000000035       0x36 obj_cooja/mtype674.a(memb.o)
 .comment       0x0000000000000035       0x36 obj_cooja/mtype674.a(queuebuf.o)
 .comment       0x0000000000000035       0x36 obj_cooja/mtype674.a(link-stats.o)
 .comment       0x0000000000000035       0x36 obj_cooja/mtype674.a(mac-sequence.o)
 .comment       0x0000000000000035       0x36 obj_cooja/mtype674.a(mac.o)
 .comment       0x0000000000000035       0x36 obj_cooja/mtype674.a(framer-802154.o)
 .comment       0x0000000000000035       0x36 obj_cooja/mtype674.a(frame802154.o)
 .comment       0x0000000000000035       0x36 obj_cooja/mtype674.a(uipbuf.o)
 .comment       0x0000000000000035       0x36 obj_cooja/mtype674.a(uip-icmp6.o)
 .comment       0x0000000000000035       0x36 obj_cooja/mtype674.a(uip-sr.o)
 .comment       0x0000000000000035       0x36 obj_cooja/mtype674.a(uip-packetqueue)
 .comment       0x0000000000000035       0x36 obj_cooja/mtype674.a(rpl-ext-header.)
 .comment       0x0000000000000035       0x36 obj_cooja/mtype674.a(rpl-mrhof.o)
 .comment       0x0000000000000035       0x36 /usr/lib/gcc/i686-linux-gnu/5/crtendS.o

.debug
 *(.debug)

.line
 *(.line)

.debug_srcinfo
 *(.debug_srcinfo)

.debug_sfnames
 *(.debug_sfnames)

.debug_aranges  0x0000000000000000      0x8e0
 *(.debug_aranges)
 .debug_aranges
                0x0000000000000000       0x20 contact_tracing_node.o
 .debug_aranges
                0x0000000000000020       0x20 obj_cooja/mtype674.o
 .debug_aranges
                0x0000000000000040       0x20 obj_cooja/mtype674.a(simEnvChange.o)
 .debug_aranges
                0x0000000000000060       0x20 obj_cooja/mtype674.a(cooja_mt.o)
 .debug_aranges
                0x0000000000000080       0x20 obj_cooja/mtype674.a(cooja_mtarch.o)
 .debug_aranges
                0x00000000000000a0       0x20 obj_cooja/mtype674.a(rtimer-arch.o)
 .debug_aranges
                0x00000000000000c0       0x20 obj_cooja/mtype674.a(beep.o)
 .debug_aranges
                0x00000000000000e0       0x20 obj_cooja/mtype674.a(button-sensor.o)
 .debug_aranges
                0x0000000000000100       0x20 obj_cooja/mtype674.a(leds-arch.o)
 .debug_aranges
                0x0000000000000120       0x20 obj_cooja/mtype674.a(moteid.o)
 .debug_aranges
                0x0000000000000140       0x20 obj_cooja/mtype674.a(pir-sensor.o)
 .debug_aranges
                0x0000000000000160       0x20 obj_cooja/mtype674.a(rs232.o)
 .debug_aranges
                0x0000000000000180       0x20 obj_cooja/mtype674.a(vib-sensor.o)
 .debug_aranges
                0x00000000000001a0       0x20 obj_cooja/mtype674.a(clock.o)
 .debug_aranges
                0x00000000000001c0       0x20 obj_cooja/mtype674.a(cooja-log.o)
 .debug_aranges
                0x00000000000001e0       0x20 obj_cooja/mtype674.a(cfs-cooja.o)
 .debug_aranges
                0x0000000000000200       0x20 obj_cooja/mtype674.a(cooja-radio.o)
 .debug_aranges
                0x0000000000000220       0x20 obj_cooja/mtype674.a(eeprom.o)
 .debug_aranges
                0x0000000000000240       0x20 obj_cooja/mtype674.a(random.o)
 .debug_aranges
                0x0000000000000260       0x20 obj_cooja/mtype674.a(sensors.o)
 .debug_aranges
                0x0000000000000280       0x20 obj_cooja/mtype674.a(mqtt.o)
 .debug_aranges