Archive member included to satisfy reference by file (symbol)

obj_cooja/mtype496.a(simEnvChange.o)
                              obj_cooja/mtype496.o (simDontFallAsleep)
obj_cooja/mtype496.a(cooja_mt.o)
                              obj_cooja/mtype496.o (cooja_mt_start)
obj_cooja/mtype496.a(cooja_mtarch.o)
                              obj_cooja/mtype496.a(cooja_mt.o) (cooja_mtarch_start)
obj_cooja/mtype496.a(rtimer-arch.o)
                              obj_cooja/mtype496.o (rtimer_arch_check)
obj_cooja/mtype496.a(beep.o)  obj_cooja/mtype496.o (beep_interface)
obj_cooja/mtype496.a(button-sensor.o)
                              obj_cooja/mtype496.o (button_interface)
obj_cooja/mtype496.a(leds-arch.o)
                              obj_cooja/mtype496.o (leds_interface)
obj_cooja/mtype496.a(moteid.o)
                              obj_cooja/mtype496.o (moteid_interface)
obj_cooja/mtype496.a(pir-sensor.o)
                              obj_cooja/mtype496.o (pir_interface)
obj_cooja/mtype496.a(rs232.o)
                              obj_cooja/mtype496.o (rs232_interface)
obj_cooja/mtype496.a(vib-sensor.o)
                              obj_cooja/mtype496.o (vib_interface)
obj_cooja/mtype496.a(clock.o)
                              obj_cooja/mtype496.o (clock_interface)
obj_cooja/mtype496.a(cooja-log.o)
                              obj_cooja/mtype496.o (simlog_interface)
obj_cooja/mtype496.a(cfs-cooja.o)
                              obj_cooja/mtype496.o (cfs_interface)
obj_cooja/mtype496.a(cooja-radio.o)
                              obj_cooja/mtype496.o (radio_interface)
obj_cooja/mtype496.a(eeprom.o)
                              obj_cooja/mtype496.o (eeprom_interface)
obj_cooja/mtype496.a(random.o)
                              obj_cooja/mtype496.a(moteid.o) (random_init)
obj_cooja/mtype496.a(sensors.o)
                              obj_cooja/mtype496.a(button-sensor.o) (sensors_changed)
obj_cooja/mtype496.a(contiki-main.o)
                              obj_cooja/mtype496.o (main)
obj_cooja/mtype496.a(autostart.o)
                              obj_cooja/mtype496.a(contiki-main.o) (autostart_start)
obj_cooja/mtype496.a(energest.o)
                              obj_cooja/mtype496.a(contiki-main.o) (energest_init)
obj_cooja/mtype496.a(etimer.o)
                              obj_cooja/mtype496.a(contiki-main.o) (etimer_process)
obj_cooja/mtype496.a(log.o)   obj_cooja/mtype496.a(contiki-main.o) (curr_log_level_main)
obj_cooja/mtype496.a(ctimer.o)
                              obj_cooja/mtype496.a(contiki-main.o) (ctimer_init)
obj_cooja/mtype496.a(process.o)
                              obj_cooja/mtype496.a(etimer.o) (process_current)
obj_cooja/mtype496.a(rtimer.o)
                              obj_cooja/mtype496.a(contiki-main.o) (rtimer_init)
obj_cooja/mtype496.a(node-id.o)
                              obj_cooja/mtype496.a(contiki-main.o) (node_id)
obj_cooja/mtype496.a(timer.o)
                              obj_cooja/mtype496.a(button-sensor.o) (timer_set)
obj_cooja/mtype496.a(serial-line.o)
                              obj_cooja/mtype496.a(rs232.o) (serial_line_input_byte)
obj_cooja/mtype496.a(ringbuf.o)
                              obj_cooja/mtype496.a(serial-line.o) (ringbuf_init)
obj_cooja/mtype496.a(list.o)  obj_cooja/mtype496.a(ctimer.o) (list_init)
obj_cooja/mtype496.a(nbr-table.o)
                              contact_tracing_node.o (nbr_table_head)
obj_cooja/mtype496.a(packetbuf.o)
                              obj_cooja/mtype496.a(cooja-radio.o) (packetbuf_clear)
obj_cooja/mtype496.a(netstack.o)
                              obj_cooja/mtype496.a(contiki-main.o) (netstack_init)
obj_cooja/mtype496.a(linkaddr.o)
                              obj_cooja/mtype496.a(contiki-main.o) (linkaddr_node_addr)
obj_cooja/mtype496.a(csma.o)  obj_cooja/mtype496.a(cooja-radio.o) (csma_driver)
obj_cooja/mtype496.a(csma-output.o)
                              obj_cooja/mtype496.a(csma.o) (csma_output_packet)
obj_cooja/mtype496.a(uip-ds6.o)
                              obj_cooja/mtype496.a(contiki-main.o) (uip_ds6_get_link_local)
obj_cooja/mtype496.a(tcpip.o)
                              obj_cooja/mtype496.a(contiki-main.o) (tcpip_process)
obj_cooja/mtype496.a(uip-ds6-route.o)
                              obj_cooja/mtype496.a(uip-ds6.o) (uip_ds6_route_init)
obj_cooja/mtype496.a(uip6.o)  obj_cooja/mtype496.a(contiki-main.o) (uip_lladdr)
obj_cooja/mtype496.a(uip-ds6-nbr.o)
                              obj_cooja/mtype496.a(uip-ds6.o) (uip_ds6_neighbors_init)
obj_cooja/mtype496.a(uip-nd6.o)
                              obj_cooja/mtype496.a(uip6.o) (uip_nd6_init)
obj_cooja/mtype496.a(sicslowpan.o)
                              obj_cooja/mtype496.a(contiki-main.o) (sicslowpan_driver)
obj_cooja/mtype496.a(uiplib.o)
                              contact_tracing_node.o (uiplib_ipaddr_snprint)
obj_cooja/mtype496.a(rpl-nbr-policy.)
                              obj_cooja/mtype496.a(nbr-table.o) (rpl_nbr_policy_find_removable)
[...]
Memory Configuration

Name             Origin             Length             Attributes
*default*        0x0000000000000000 0xffffffffffffffff

Linker script and memory map

LOAD /usr/lib/gcc/i686-linux-gnu/5/../../../i386-linux-gnu/crti.o
LOAD /usr/lib/gcc/i686-linux-gnu/5/crtbeginS.o
LOAD contact_tracing_node.o
LOAD obj_cooja/mtype496.o
LOAD obj_cooja/mtype496.a
LOAD /usr/lib/gcc/i686-linux-gnu/5/libgcc.a
LOAD /usr/lib/gcc/i686-linux-gnu/5/libgcc_s.so
LOAD /usr/lib/gcc/i686-linux-gnu/5/../../../i386-linux-gnu/libc.so
START GROUP
LOAD /lib/i386-linux-gnu/libc.so.6
LOAD /usr/lib/i386-linux-gnu/libc_nonshared.a
LOAD /lib/i386-linux-gnu/ld-linux.so.2
END GROUP
LOAD /usr/lib/gcc/i686-linux-gnu/5/libgcc.a
LOAD /usr/lib/gcc/i686-linux-gnu/5/libgcc_s.so
LOAD /usr/lib/gcc/i686-linux-gnu/5/crtendS.o
LOAD /usr/lib/gcc/i686-linux-gnu/5/../../../i386-linux-gnu/crtn.o
                0x0000000000000114                . = (0x0 + SIZEOF_HEADERS)

.note.gnu.build-id
                0x0000000000000114       0x24
 *(.note.gnu.build-id)
 .note.gnu.build-id
                0x0000000000000114       0x24 /usr/lib/gcc/i686-linux-gnu/5/../../../i386-linux-gnu/crti.o

.hash
 *(.hash)

.gnu.hash       0x0000000000000138     0x131c
 *(.gnu.hash)
 .gnu.hash      0x0000000000000138     0x131c /usr/lib/gcc/i686-linux-gnu/5/../../../i386-linux-gnu/crti.o

.dynsym         0x0000000000001454     0x24c0
 *(.dynsym)
 .dynsym        0x0000000000001454     0x24c0 /usr/lib/gcc/i686-linux-gnu/5/../../../i386-linux-gnu/crti.o

.dynstr         0x0000000000003914     0x286e
 *(.dynstr)
 .dynstr        0x0000000000003914     0x286e /usr/lib/gcc/i686-linux-gnu/5/../../../i386-linux-gnu/crti.o

.gnu.version    0x0000000000006182      0x498
 *(.gnu.version)
 .gnu.version   0x0000000000006182      0x498 /usr/lib/gcc/i686-linux-gnu/5/../../../i386-linux-gnu/crti.o

.gnu.version_d  0x000000000000661c        0x0
 *(.gnu.version_d)
 .gnu.version_d
                0x000000000000661c        0x0 /usr/lib/gcc/i686-linux-gnu/5/../../../i386-linux-gnu/crti.o

.gnu.version_r  0x000000000000661c       0x40
 *(.gnu.version_r)
 .gnu.version_r
                0x000000000000661c       0x40 /usr/lib/gcc/i686-linux-gnu/5/../../../i386-linux-gnu/crti.o

.rel.dyn        0x000000000000665c     0x8190
 *(.rel.init)
 .rel.init      0x000000000000665c        0x0 /usr/lib/gcc/i686-linux-gnu/5/../../../i386-linux-gnu/crti.o
 *(.rel.text .rel.text.* .rel.gnu.linkonce.t.*)
 .rel.text      0x000000000000665c     0x7980 /usr/lib/gcc/i686-linux-gnu/5/../../../i386-linux-gnu/crti.o
 *(.rel.fini)
 .rel.fini      0x000000000000dfdc        0x0 /usr/lib/gcc/i686-linux-gnu/5/../../../i386-linux-gnu/crti.o
 *(.rel.rodata .rel.rodata.* .rel.gnu.linkonce.r.*)
 .rel.rodata    0x000000000000dfdc      0x4b8 /usr/lib/gcc/i686-linux-gnu/5/../../../i386-linux-gnu/crti.o
 *(.rel.data.rel.ro .rel.data.rel.ro.* .rel.gnu.linkonce.d.rel.ro.*)
 *(.rel.data .rel.data.* .rel.gnu.linkonce.d.*)
 .rel.data.rel.local
                0x000000000000e494        0x8 /usr/lib/gcc/i686-linux-gnu/5/../../../i386-linux-gnu/crti.o
 .rel.data      0x000000000000e49c      0x318 /usr/lib/gcc/i686-linux-gnu/5/../../../i386-linux-gnu/crti.o
 *(.rel.tdata .rel.tdata.* .rel.gnu.linkonce.td.*)
 *(.rel.tbss .rel.tbss.* .rel.gnu.linkonce.tb.*)
 *(.rel.ctors)
 *(.rel.dtors)
 *(.rel.got)
 .rel.got       0x000000000000e7b4       0x28 /usr/lib/gcc/i686-linux-gnu/5/../../../i386-linux-gnu/crti.o
 *(.rel.bss .rel.bss.* .rel.gnu.linkonce.b.*)
 *(.rel.ifunc)
 .rel.ifunc     0x000000000000e7dc        0x0 /usr/lib/gcc/i686-linux-gnu/5/../../../i386-linux-gnu/crti.o
 .rel.fini_array
                0x000000000000e7dc        0x8 /usr/lib/gcc/i686-linux-gnu/5/../../../i386-linux-gnu/crti.o
 .rel.init_array
                0x000000000000e7e4        0x8 /usr/lib/gcc/i686-linux-gnu/5/../../../i386-linux-gnu/crti.o

.rel.plt        0x000000000000e7ec        0x0
 *(.rel.plt)
 .rel.plt       0x000000000000e7ec        0x0 /usr/lib/gcc/i686-linux-gnu/5/../../../i386-linux-gnu/crti.o
 *(.rel.iplt)

.init           0x000000000000e7ec       0x23
 *(SORT(.init))
 .init          0x000000000000e7ec       0x1e /usr/lib/gcc/i686-linux-gnu/5/../../../i386-linux-gnu/crti.o
                0x000000000000e7ec                _init
 .init          0x000000000000e80a        0x5 /usr/lib/gcc/i686-linux-gnu/5/../../../i386-linux-gnu/crtn.o

.plt            0x000000000000e810       0x10
 *(.plt)
 .plt           0x000000000000e810       0x10 /usr/lib/gcc/i686-linux-gnu/5/../../../i386-linux-gnu/crti.o
 *(.iplt)

.plt.got        0x000000000000e820       0x10
 *(.plt.got)
 .plt.got       0x000000000000e820       0x10 /usr/lib/gcc/i686-linux-gnu/5/../../../i386-linux-gnu/crti.o

.text           0x000000000000e830    0x12edc
 *(.text.unlikely .text.*_unlikely .text.unlikely.*)
 .text.unlikely
                0x000000000000e830        0x0 /usr/lib/gcc/i686-linux-gnu/5/crtbeginS.o
 *(.text.exit .text.exit.*)
 *(.text.startup .text.startup.*)
 *(.text.hot .text.hot.*)
 *(.text .stub .text.* .gnu.linkonce.t.*)
 .text          0x000000000000e830        0x0 /usr/lib/gcc/i686-linux-gnu/5/../../../i386-linux-gnu/crti.o
 .gnu.linkonce.t.__x86.get_pc_thunk.bx
                0x000000000000e830        0x4 /usr/lib/gcc/i686-linux-gnu/5/../../../i386-linux-gnu/crti.o
                0x000000000000e830                __x86.get_pc_thunk.bx
 *fill*         0x000000000000e834        0xc 
 .text          0x000000000000e840      0x11c /usr/lib/gcc/i686-linux-gnu/5/crtbeginS.o
 .text.__x86.get_pc_thunk.dx
                0x000000000000e95c        0x4 /usr/lib/gcc/i686-linux-gnu/5/crtbeginS.o
                0x000000000000e95c                __x86.get_pc_thunk.dx
 .text          0x000000000000e960      0x1fc contact_tracing_node.o
 .text          0x000000000000eb5c      0x271 obj_cooja/mtype496.o
                0x000000000000ebee                platform_init_stage_one
                0x000000000000ebf4                platform_init_stage_two
                0x000000000000ec02                platform_init_stage_three
                0x000000000000ec15                platform_main_loop
                0x000000000000ec88                Java_org_contikios_cooja_corecomm_Lib2_init
                0x000000000000ecbf                Java_org_contikios_cooja_corecomm_Lib2_getMemory
                0x000000000000ecf2                Java_org_contikios_cooja_corecomm_Lib2_setMemory
                0x000000000000ed52                Java_org_contikios_cooja_corecomm_Lib2_tick
                0x000000000000edba                Java_org_contikios_cooja_corecomm_Lib2_setReferenceAddress
 .text          0x000000000000edcd       0x65 obj_cooja/mtype496.a(simEnvChange.o)
                0x000000000000edcd                doActionsBeforeTick
                0x000000000000edff                doActionsAfterTick
 .text          0x000000000000ee32       0x83 obj_cooja/mtype496.a(cooja_mt.o)
                0x000000000000ee32                cooja_mt_start
                0x000000000000ee5c                cooja_mt_exec
                0x000000000000ee92                cooja_mt_yield
 .text          0x000000000000eeb5       0xbe obj_cooja/mtype496.a(cooja_mtarch.o)
                0x000000000000eeb5                cooja_mtarch_start
                0x000000000000ef28                cooja_sw
                0x000000000000ef4b                cooja_mtarch_exec
                0x000000000000ef68                cooja_mtarch_yield
 .text          0x000000000000ef73       0xc5 obj_cooja/mtype496.a(rtimer-arch.o)
                0x000000000000ef73                rtimer_arch_init
                0x000000000000ef97                rtimer_arch_schedule
                0x000000000000efc7                rtimer_arch_next
                0x000000000000efd7                rtimer_arch_pending
                0x000000000000efe1                rtimer_arch_check
                0x000000000000f028                rtimer_arch_now
 .text          0x000000000000f038       0x81 obj_cooja/mtype496.a(beep.o)
                0x000000000000f038                beep_alarm
                0x000000000000f045                beep_beep
                0x000000000000f052                beep
                0x000000000000f05f                beep_down
                0x000000000000f06c                beep_on
                0x000000000000f079                beep_off
                0x000000000000f086                beep_spinup
                0x000000000000f093                beep_quick
                0x000000000000f0a0                beep_long
 .text          0x000000000000f0b9      0x10d obj_cooja/mtype496.a(button-sensor.o)
 .text          0x000000000000f1c6       0x49 obj_cooja/mtype496.a(leds-arch.o)
                0x000000000000f1c6                leds_arch_init
                0x000000000000f1d3                leds_arch_get
                0x000000000000f1df                leds_arch_set
 .text          0x000000000000f20f       0x35 obj_cooja/mtype496.a(moteid.o)
 .text          0x000000000000f244       0xb7 obj_cooja/mtype496.a(pir-sensor.o)
 .text          0x000000000000f2fb      0x148 obj_cooja/mtype496.a(rs232.o)
                0x000000000000f2fb                rs232_init
                0x000000000000f301                rs232_set_speed
                0x000000000000f310                rs232_set_input
                0x000000000000f31e                rs232_send
                0x000000000000f342                rs232_print
                0x000000000000f35e                slip_arch_writeb
 .text          0x000000000000f443       0xb7 obj_cooja/mtype496.a(vib-sensor.o)
 .text          0x000000000000f4fa       0x38 obj_cooja/mtype496.a(clock.o)
                0x000000000000f4fa                clock_init
                0x000000000000f500                clock_time
                0x000000000000f50a                clock_seconds
                0x000000000000f520                clock_delay
 .text          0x000000000000f532      0x219 obj_cooja/mtype496.a(cooja-log.o)
                0x000000000000f532                simlog_char
                0x000000000000f575                simlog
                0x000000000000f5eb                log_message
                0x000000000000f61c                log_set_putchar_with_slip
                0x000000000000f62a                log_putchar
                0x000000000000f6a5                log_puts
                0x000000000000f6cd                log_printf
 .text          0x000000000000f74b      0x2b9 obj_cooja/mtype496.a(cfs-cooja.o)
                0x000000000000f74b                cfs_open
                0x000000000000f7b4                cfs_close
                0x000000000000f7c1                cfs_read
                0x000000000000f856                cfs_write
                0x000000000000f932                cfs_seek
                0x000000000000f9ba                cfs_remove
                0x000000000000f9de                cfs_opendir
                0x000000000000f9e8                cfs_readdir
                0x000000000000f9f2                cfs_closedir
 .text          0x000000000000fa04      0x605 obj_cooja/mtype496.a(cooja-radio.o)
                0x000000000000fa46                radio_set_channel
                0x000000000000fa54                radio_set_txpower
                0x000000000000fa6c                radio_signal_strength_last
                0x000000000000fa76                radio_signal_strength_current
                0x000000000000fa80                radio_LQI
 .text          0x0000000000010009       0xee obj_cooja/mtype496.a(eeprom.o)
                0x0000000000010009                eeprom_init
                0x000000000001000f                eeprom_read
                0x000000000001007d                eeprom_write
 .text          0x00000000000100f7       0x2d obj_cooja/mtype496.a(random.o)
                0x00000000000100f7                random_init
                0x0000000000010117                random_rand
 .text          0x0000000000010124      0x29c obj_cooja/mtype496.a(sensors.o)
                0x000000000001015f                sensors_first
                0x0000000000010169                sensors_next
                0x0000000000010183                sensors_changed
                0x00000000000101b7                sensors_find
 .text          0x00000000000103c0      0x328 obj_cooja/mtype496.a(contiki-main.o)
                0x00000000000103c0                main
 .text          0x00000000000106e8       0x92 obj_cooja/mtype496.a(autostart.o)
                0x00000000000106e8                autostart_start
                0x0000000000010732                autostart_exit
 .text          0x000000000001077a       0x1b obj_cooja/mtype496.a(energest.o)
                0x000000000001077a                energest_init
                0x0000000000010780                energest_flush
                0x0000000000010786                energest_get_total_time
 .text          0x0000000000010795      0x43f obj_cooja/mtype496.a(etimer.o)
                0x00000000000109b9                etimer_request_poll
                0x0000000000010a42                etimer_set
                0x0000000000010a6b                etimer_reset_with_new_interval
                0x0000000000010a9a                etimer_reset
                0x0000000000010ac0                etimer_restart
                0x0000000000010ae6                etimer_adjust
                0x0000000000010b03                etimer_expired
                0x0000000000010b16                etimer_expiration_time
                0x0000000000010b28                etimer_start_time
                0x0000000000010b32                etimer_pending
                0x0000000000010b44                etimer_next_expiration_time
                0x0000000000010b5e                etimer_stop
 .text          0x0000000000010bd4      0x394 obj_cooja/mtype496.a(log.o)
                0x0000000000010bd4                log_6addr
                0x0000000000010c27                log_6addr_compact_snprint
                0x0000000000010cc5                log_6addr_compact
                0x0000000000010d18                log_lladdr
                0x0000000000010d8a                log_lladdr_compact
                0x0000000000010df2                log_set_level
                0x0000000000010ead                log_get_level
                0x0000000000010f26                log_level_to_str
 .text          0x0000000000010f68      0x355 obj_cooja/mtype496.a(ctimer.o)
                0x0000000000011090                ctimer_init
                0x00000000000110c3                ctimer_set
                0x00000000000110e9                ctimer_set_with_process
                0x0000000000011166                ctimer_reset
                0x00000000000111ba                ctimer_restart
                0x000000000001120e                ctimer_stop
                0x000000000001125e                ctimer_expired
 .text          0x00000000000112bd      0x4fb obj_cooja/mtype496.a(process.o)
                0x00000000000112bd                process_alloc_event
                0x00000000000112d2                process_start
                0x00000000000114ac                process_exit
                0x00000000000114c9                process_init
                0x000000000001165e                process_run
                0x0000000000011691                process_nevents
                0x00000000000116ac                process_post
                0x000000000001173f                process_post_synch
                0x0000000000011774                process_poll
                0x00000000000117a4                process_is_running
 .text          0x00000000000117b8       0xeb obj_cooja/mtype496.a(rtimer.o)
                0x00000000000117b8                rtimer_init
                0x00000000000117c6                rtimer_set
                0x0000000000011841                rtimer_run_next
 .text          0x00000000000118a3       0x25 obj_cooja/mtype496.a(node-id.o)
                0x00000000000118a3                node_id_init
 .text          0x00000000000118c8       0x9c obj_cooja/mtype496.a(timer.o)
                0x00000000000118c8                timer_set
                0x00000000000118e6                timer_reset
                0x00000000000118fe                timer_restart
                0x0000000000011913                timer_expired
                0x0000000000011940                timer_remaining
 .text          0x0000000000011964      0x1eb obj_cooja/mtype496.a(serial-line.o)
                0x0000000000011964                serial_line_input_byte
                0x0000000000011b1a                serial_line_init
 .text          0x0000000000011b4f      0x156 obj_cooja/mtype496.a(ringbuf.o)
                0x0000000000011b4f                ringbuf_init
                0x0000000000011b81                ringbuf_put
                0x0000000000011bff                ringbuf_get
                0x0000000000011c6c                ringbuf_size
                0x0000000000011c7e                ringbuf_elements
 .text          0x0000000000011ca5      0x28f obj_cooja/mtype496.a(list.o)
                0x0000000000011ca5                list_init
                0x0000000000011cb4                list_head
                0x0000000000011cbe                list_copy
                0x0000000000011cce                list_tail
                0x0000000000011d04                list_add
                0x0000000000011d50                list_push
                0x0000000000011d7c                list_chop
                0x0000000000011de6                list_pop
                0x0000000000011e0e                list_remove
                0x0000000000011e76                list_length
                0x0000000000011ea4                list_insert
                0x0000000000011ee9                list_item_next
                0x0000000000011f00                list_contains
 .text          0x0000000000011f34      0x78b obj_cooja/mtype496.a(nbr-table.o)
                0x00000000000123ad                nbr_table_register
                0x000000000001241a                nbr_table_is_registered
                0x0000000000012455                nbr_table_head
                0x00000000000124b0                nbr_table_next
                0x0000000000012511                nbr_table_add_lladdr
                0x00000000000125db                nbr_table_get_from_lladdr
                0x0000000000012627                nbr_table_remove
                0x000000000001265f                nbr_table_lock
                0x0000000000012679                nbr_table_unlock
                0x0000000000012693                nbr_table_get_lladdr
 .text          0x00000000000126bf      0x407 obj_cooja/mtype496.a(packetbuf.o)
                0x00000000000126bf                packetbuf_clear
                0x00000000000126ea                packetbuf_copyfrom
                0x0000000000012739                packetbuf_copyto
                0x00000000000127cc                packetbuf_hdralloc
                0x0000000000012848                packetbuf_hdrreduce
                0x000000000001288e                packetbuf_set_datalen
                0x00000000000128a8                packetbuf_dataptr
                0x00000000000128c5                packetbuf_hdrptr
                0x00000000000128cf                packetbuf_datalen
                0x00000000000128db                packetbuf_hdrlen
                0x00000000000128f2                packetbuf_totlen
                0x0000000000012908                packetbuf_remaininglen
                0x000000000001291b                packetbuf_attr_clear
                0x0000000000012967                packetbuf_attr_copyto
                0x00000000000129bf                packetbuf_attr_copyfrom
                0x0000000000012a17                packetbuf_set_attr
                0x0000000000012a41                packetbuf_attr
                0x0000000000012a5b                packetbuf_set_addr
                0x0000000000012a8c                packetbuf_addr
                0x0000000000012aa9                packetbuf_holds_broadcast
 .text          0x0000000000012ac6       0xef obj_cooja/mtype496.a(netstack.o)
                0x0000000000012ac6                netstack_process_ip_callback
                0x0000000000012b57                netstack_ip_packet_processor_add
                0x0000000000012b7a                uip_ds6_ip_packet_processor_rm
                0x0000000000012b97                netstack_init
 .text          0x0000000000012bb5       0x4f obj_cooja/mtype496.a(linkaddr.o)
                0x0000000000012bb5                linkaddr_copy
                0x0000000000012bcb                linkaddr_cmp
                0x0000000000012bee                linkaddr_set_node_addr
 .text          0x0000000000012c04      0x165 obj_cooja/mtype496.a(csma.o)
 .text          0x0000000000012d69      0x944 obj_cooja/mtype496.a(csma-output.o)
                0x00000000000133e2                csma_output_packet
                0x000000000001366f                csma_output_init
 .text          0x00000000000136ad      0xb25 obj_cooja/mtype496.a(uip-ds6.o)
                0x00000000000136ad                uip_ds6_init
                0x0000000000013858                uip_ds6_periodic
                0x00000000000138df                uip_ds6_list_loop
                0x000000000001399f                uip_ds6_prefix_add
                0x0000000000013a4b                uip_ds6_prefix_rm
                0x0000000000013a5e                uip_ds6_prefix_lookup
                0x0000000000013a9d                uip_ds6_is_addr_onlink
                0x0000000000013b10                uip_ds6_addr_add
                0x0000000000013c30                uip_ds6_addr_rm
                0x0000000000013cd9                uip_ds6_addr_lookup
                0x0000000000013d12                uip_ds6_get_link_local
                0x0000000000013d93                uip_ds6_get_global
                0x0000000000013e14                uip_ds6_maddr_add
                0x0000000000013e74                uip_ds6_maddr_rm
                0x0000000000013e87                uip_ds6_maddr_lookup
                0x0000000000013ec0                uip_ds6_aaddr_add
                0x0000000000013f20                uip_ds6_aaddr_rm
                0x0000000000013f33                uip_ds6_aaddr_lookup
                0x0000000000013f6c                uip_ds6_select_src
                0x00000000000140b5                uip_ds6_set_addr_iid
                0x00000000000140e0                uip_ds6_set_lladdr_from_iid
                0x0000000000014109                get_match_length
                0x000000000001419a                uip_ds6_compute_reachable_time
 .text          0x00000000000141d2      0x737 obj_cooja/mtype496.a(tcpip.o)
                0x00000000000141ec                tcpip_output
                0x000000000001427b                udp_attach
                0x0000000000014293                udp_new
                0x00000000000142dd                udp_broadcast_new
                0x000000000001444f                tcpip_input
                0x00000000000145ef                tcpip_ipv6_output
                0x0000000000014803                tcpip_poll_udp
                0x0000000000014821                tcpip_uipcall
 .text          0x0000000000014909      0x35b obj_cooja/mtype496.a(uip-ds6-route.o)
                0x000000000001495a                uip_ds6_route_init
                0x0000000000014984                uip_ds6_route_nexthop
                0x000000000001498e                uip_ds6_route_head
                0x0000000000014998                uip_ds6_route_next
                0x00000000000149a2                uip_ds6_route_is_nexthop
                0x00000000000149ac                uip_ds6_route_num_routes
                0x00000000000149b6                uip_ds6_route_lookup
                0x00000000000149c0                uip_ds6_route_add
                0x00000000000149d3                uip_ds6_route_rm
                0x00000000000149d9                uip_ds6_route_rm_by_nexthop
                0x00000000000149df                uip_ds6_defrt_head
                0x00000000000149f8                uip_ds6_defrt_add
                0x0000000000014aa6                uip_ds6_defrt_rm
                0x0000000000014b0c                uip_ds6_defrt_lookup
                0x0000000000014b73                uip_ds6_defrt_choose
                0x0000000000014be9                uip_ds6_defrt_periodic
 .text          0x0000000000014c64     0x123f obj_cooja/mtype496.a(uip6.o)
                0x0000000000014d13                uip_chksum
                0x0000000000014df4                uip_icmp6chksum
                0x0000000000014e09                uip_udpchksum
                0x0000000000014e1e                uip_init
                0x0000000000014e62                remove_ext_hdr
                0x0000000000014f47                uip_udp_new
                0x0000000000015264                uip_process
                0x0000000000015d9e                uip_htons
                0x0000000000015dc0                uip_htonl
                0x0000000000015dfe                uip_send
 .text          0x0000000000015ea3      0x374 obj_cooja/mtype496.a(uip-ds6-nbr.o)
                0x0000000000015ea3                uip_ds6_neighbors_init
                0x0000000000015ec7                uip_ds6_nbr_add
                0x0000000000015f4d                uip_ds6_nbr_rm
                0x0000000000015f98                uip_ds6_nbr_update_ll
                0x0000000000016086                uip_ds6_nbr_get_ipaddr
                0x000000000001609b                uip_ds6_nbr_get_ll
                0x00000000000160b7                uip_ds6_nbr_num
                0x0000000000016100                uip_ds6_nbr_head
                0x0000000000016119                uip_ds6_nbr_next
                0x0000000000016135                uip_ds6_nbr_lookup
                0x0000000000016198                uip_ds6_nbr_ll_lookup
                0x00000000000161b4                uip_ds6_nbr_ipaddr_from_lladdr
                0x00000000000161dd                uip_ds6_nbr_lladdr_from_ipaddr
                0x0000000000016211                uip_ds6_link_callback
 .text          0x0000000000016217      0x6b5 obj_cooja/mtype496.a(uip-nd6.o)
                0x00000000000168b3                uip_nd6_init
 .text          0x00000000000168cc     0x2a78 obj_cooja/mtype496.a(sicslowpan.o)
                0x0000000000016dca                netstack_sniffer_add
                0x0000000000016dd8                netstack_sniffer_remove
                0x0000000000019310                sicslowpan_init
                0x000000000001933a                sicslowpan_get_last_rssi
 .text          0x0000000000019344      0x4d1 obj_cooja/mtype496.a(uiplib.o)
                0x0000000000019344                uiplib_ip6addrconv
                0x00000000000194fc                uiplib_ip4addrconv
                0x00000000000195bf                uiplib_ipaddr_print
                0x0000000000019612                uiplib_ipaddr_snprint
 .text          0x0000000000019815      0x1c8 obj_cooja/mtype496.a(rpl-nbr-policy.)
                0x000000000001999a                rpl_nbr_policy_find_removable
 .text          0x00000000000199dd      0x908 obj_cooja/mtype496.a(rpl-neighbor.o)
                0x0000000000019a59                rpl_neighbor_snprint
                0x0000000000019d06                rpl_neighbor_print_list
                0x0000000000019dd6                rpl_neighbor_count
                0x0000000000019e7d                rpl_neighbor_get_from_lladdr
                0x0000000000019e99                rpl_neighbor_is_acceptable_parent
                0x0000000000019ecd                rpl_neighbor_get_link_metric
                0x0000000000019f01                rpl_neighbor_rank_via_nbr
                0x0000000000019f35                rpl_neighbor_get_lladdr
                0x0000000000019f51                rpl_neighbor_get_ipaddr
                0x0000000000019f78                rpl_neighbor_get_link_stats
                0x0000000000019f9f                rpl_neighbor_is_fresh
                0x0000000000019fc6                rpl_neighbor_is_reachable
                0x000000000001a011                rpl_neighbor_is_parent
                0x000000000001a03b                rpl_neighbor_set_preferred_parent
                0x000000000001a0c7                rpl_neighbor_remove_all
                0x000000000001a116                rpl_neighbor_get_from_ipaddr
                0x000000000001a21a                rpl_neighbor_select_best
                0x000000000001a2c6                rpl_neighbor_init
 .text          0x000000000001a2e5      0xa19 obj_cooja/mtype496.a(rpl-timers.o)
                0x000000000001a2e5                rpl_timers_schedule_periodic_dis
                0x000000000001a433                rpl_timers_dio_reset
                0x000000000001a524                rpl_timers_schedule_unicast_dio
                0x000000000001a6aa                rpl_timers_schedule_dao
                0x000000000001a7e4                rpl_timers_schedule_dao_ack
                0x000000000001a86a                get_probing_delay
                0x000000000001a89e                get_probing_target
                0x000000000001aa88                rpl_schedule_probing
                0x000000000001aab6                rpl_schedule_probing_now
                0x000000000001ab20                rpl_timers_unschedule_leaving
                0x000000000001ab58                rpl_timers_schedule_leaving
                0x000000000001ab99                rpl_timers_init
                0x000000000001ac29                rpl_timers_stop_dag_timers
                0x000000000001aca2                rpl_timers_unschedule_state_update
                0x000000000001acc6                rpl_timers_schedule_state_update
 .text          0x000000000001acfe      0x4c9 obj_cooja/mtype496.a(rpl.o)
                0x000000000001acfe                rpl_lollipop_greater_than
                0x000000000001ad58                rpl_get_global_address
                0x000000000001ae50                rpl_link_callback
                0x000000000001ae94                rpl_has_joined
                0x000000000001aeb9                rpl_is_reachable
                0x000000000001af3a                rpl_reset_prefix
                0x000000000001afa4                rpl_set_prefix_from_addr
                0x000000000001b089                rpl_set_prefix
                0x000000000001b1a3                rpl_set_leaf_only
                0x000000000001b1bb                rpl_get_leaf_only
 .text          0x000000000001b1c7     0x13cb obj_cooja/mtype496.a(rpl-icmp6.o)
                0x000000000001b2ec                rpl_icmp6_update_nbr_table
                0x000000000001b385                rpl_icmp6_dis_output
                0x000000000001b9db                rpl_icmp6_dio_output
                0x000000000001c1e8                rpl_icmp6_dao_output
                0x000000000001c4d9                rpl_icmp6_dao_ack_output
                0x000000000001c549                rpl_icmp6_init
 .text          0x000000000001c592      0xe51 obj_cooja/mtype496.a(rpl-dag.o)
                0x000000000001c592                rpl_dag_state_to_str
                0x000000000001c5d1                rpl_dag_get_root_ipaddr
                0x000000000001c619                rpl_dag_leave
                0x000000000001c6a2                rpl_dag_poison_and_leave
                0x000000000001c6ba                rpl_dag_periodic
                0x000000000001c742                rpl_is_addr_in_our_dag
                0x000000000001c786                rpl_get_default_instance
                0x000000000001c7a2                rpl_get_any_dag
                0x000000000001c7fb                rpl_refresh_routes
                0x000000000001c83b                rpl_global_repair
                0x000000000001c8c7                rpl_local_repair
                0x000000000001c911                rpl_dag_ready_to_advertise
                0x000000000001c954                rpl_dag_update_state
                0x000000000001d078                rpl_process_dio
                0x000000000001d0f9                rpl_process_dis
                0x000000000001d13e                rpl_process_dao
                0x000000000001d1cd                rpl_process_dao_ack
                0x000000000001d25f                rpl_process_hbh
                0x000000000001d2af                rpl_dag_init_root
                0x000000000001d3c3                rpl_dag_init
 .text          0x000000000001d3e3      0x286 obj_cooja/mtype496.a(rpl-dag-root.o)
                0x000000000001d3e3                rpl_dag_root_print_links
                0x000000000001d531                rpl_dag_root_set_prefix
                0x000000000001d55d                rpl_dag_root_start
                0x000000000001d63a                rpl_dag_root_is_root
 .text          0x000000000001d669       0x1e obj_cooja/mtype496.a(watchdog.o)
                0x000000000001d669                watchdog_init
                0x000000000001d66f                watchdog_start
                0x000000000001d675                watchdog_periodic
                0x000000000001d67b                watchdog_stop
                0x000000000001d681                watchdog_reboot
 .text          0x000000000001d687       0xb2 obj_cooja/mtype496.a(stimer.o)
                0x000000000001d687                stimer_set
                0x000000000001d6a5                stimer_reset
                0x000000000001d6bd                stimer_restart
                0x000000000001d6d2                stimer_expired
                0x000000000001d6fd                stimer_remaining
                0x000000000001d721                stimer_elapsed
 .text          0x000000000001d739      0x1b8 obj_cooja/mtype496.a(memb.o)
                0x000000000001d739                memb_init
                0x000000000001d78e                memb_alloc
                0x000000000001d7f3                memb_free
                0x000000000001d86e                memb_inmemb
                0x000000000001d8ad                memb_numfree
 .text          0x000000000001d8f1      0x2e7 obj_cooja/mtype496.a(queuebuf.o)
                0x000000000001d8fb                queuebuf_init
                0x000000000001d924                queuebuf_numfree
                0x000000000001d93c                queuebuf_new_from_packetbuf
                0x000000000001d9db                queuebuf_update_attr_from_packetbuf
                0x000000000001da10                queuebuf_update_from_packetbuf
                0x000000000001da60                queuebuf_free
                0x000000000001daa9                queuebuf_to_packetbuf
                0x000000000001db15                queuebuf_dataptr
                0x000000000001db4f                queuebuf_datalen
                0x000000000001db72                queuebuf_addr
                0x000000000001dba7                queuebuf_attr
                0x000000000001dbd2                queuebuf_debug_print
 .text          0x000000000001dbd8      0x37c obj_cooja/mtype496.a(link-stats.o)
                0x000000000001dbd8                link_stats_from_lladdr
                0x000000000001dbf4                link_stats_is_fresh
                0x000000000001dc30                guess_etx_from_rssi
                0x000000000001dcac                link_stats_packet_sent
                0x000000000001ddbf                link_stats_input_callback
                0x000000000001decf                link_stats_reset
                0x000000000001df1f                link_stats_init
 .text          0x000000000001df54      0x187 obj_cooja/mtype496.a(mac-sequence.o)
                0x000000000001df54                mac_sequence_is_duplicate
                0x000000000001dff4                mac_sequence_register_seqno
 .text          0x000000000001e0db       0x23 obj_cooja/mtype496.a(mac.o)
                0x000000000001e0db                mac_call_sent_callback
 .text          0x000000000001e0fe      0x41d obj_cooja/mtype496.a(framer-802154.o)
                0x000000000001e28d                framer_802154_setup_params
 .text          0x000000000001e51b      0xb6f obj_cooja/mtype496.a(frame802154.o)
                0x000000000001e54c                frame802154_get_pan_id
                0x000000000001e558                frame802154_set_pan_id
                0x000000000001e572                frame802154_has_panid
                0x000000000001e721                frame802154_check_dest_panid
                0x000000000001e7a9                frame802154_is_broadcast_addr
                0x000000000001e7f6                frame802154_extract_linkaddr
                0x000000000001ea5b                frame802154_hdrlen
                0x000000000001eace                frame802154_create_fcf
                0x000000000001eb86                frame802154_create
                0x000000000001ecfb                frame802154_parse_fcf
                0x000000000001eddd                frame802154_parse
 .text          0x000000000001f08a      0x1ec obj_cooja/mtype496.a(uipbuf.o)
                0x000000000001f08a                uipbuf_get_next_header
                0x000000000001f0f9                uipbuf_get_last_header
                0x000000000001f180                uipbuf_get_attr
                0x000000000001f1a7                uipbuf_set_attr
                0x000000000001f1de                uipbuf_clear_attr
                0x000000000001f20a                uipbuf_set_attr_flag
                0x000000000001f22b                uipbuf_clr_attr_flag
                0x000000000001f252                uipbuf_is_attr_flag
 .text          0x000000000001f276      0x96e obj_cooja/mtype496.a(uip-icmp6.o)
                0x000000000001f2eb                uip_icmp6_input
                0x000000000001f342                uip_icmp6_register_input_handler
                0x000000000001f54e                uip_icmp6_error_output
                0x000000000001f8ad                uip_icmp6_send
                0x000000000001fb6c                uip_icmp6_echo_reply_callback_add
                0x000000000001fb9e                uip_icmp6_echo_reply_callback_rm
                0x000000000001fbbb                uip_icmp6_init
 .text          0x000000000001fbe4      0x69b obj_cooja/mtype496.a(uip-sr.o)
                0x000000000001fbe4                uip_sr_num_nodes
                0x000000000001fc72                uip_sr_get_node
                0x000000000001fcc9                uip_sr_is_addr_reachable
                0x000000000001fd77                uip_sr_expire_parent
                0x000000000001fdc0                uip_sr_update_node
                0x000000000001fef0                uip_sr_init
                0x000000000001ff24                uip_sr_node_head
                0x000000000001ff3d                uip_sr_node_next
                0x000000000001ff53                uip_sr_periodic
                0x0000000000020059                uip_sr_free_all
                0x00000000000200c9                uip_sr_link_snprint
 .text          0x000000000002027f      0x146 obj_cooja/mtype496.a(uip-packetqueue)
                0x00000000000202ad                uip_packetqueue_new
                0x00000000000202bc                uip_packetqueue_alloc
                0x0000000000020317                uip_packetqueue_free
                0x000000000002035e                uip_packetqueue_buf
                0x000000000002037b                uip_packetqueue_buflen
                0x000000000002039c                uip_packetqueue_set_buflen
 .text          0x00000000000203c5     0x102c obj_cooja/mtype496.a(rpl-ext-header.)
                0x00000000000203c5                rpl_ext_header_srh_get_next_hop
                0x0000000000020541                rpl_ext_header_srh_update
                0x0000000000020c3a                rpl_ext_header_hbh_update
                0x000000000002118f                rpl_ext_header_update
                0x0000000000021218                rpl_ext_header_remove
 .text          0x00000000000213f1      0x31b obj_cooja/mtype496.a(rpl-mrhof.o)
 .text          0x000000000002170c        0x0 /usr/lib/gcc/i686-linux-gnu/5/crtendS.o
 .text          0x000000000002170c        0x0 /usr/lib/gcc/i686-linux-gnu/5/../../../i386-linux-gnu/crtn.o
 *(.gnu.warning)

.fini           0x000000000002170c       0x14
 *(SORT(.fini))
 .fini          0x000000000002170c        0xf /usr/lib/gcc/i686-linux-gnu/5/../../../i386-linux-gnu/crti.o
                0x000000000002170c                _fini
 .fini          0x000000000002171b        0x5 /usr/lib/gcc/i686-linux-gnu/5/../../../i386-linux-gnu/crtn.o
                [!provide]                        PROVIDE (__etext, .)
                [!provide]                        PROVIDE (_etext, .)
                [!provide]                        PROVIDE (etext, .)

.rodata         0x0000000000021720      0x79c
 *(.rodata .rodata.* .gnu.linkonce.r.*)
 .rodata        0x0000000000021720       0x79 contact_tracing_node.o
                0x0000000000021734                autostart_processes
 *fill*         0x0000000000021799        0x3 
 .rodata        0x000000000002179c        0x8 obj_cooja/mtype496.a(beep.o)
                0x000000000002179c                beep_interface
 .rodata        0x00000000000217a4       0x20 obj_cooja/mtype496.a(button-sensor.o)
                0x00000000000217a4                button_interface
                0x00000000000217b4                button_sensor
 .rodata        0x00000000000217c4        0x8 obj_cooja/mtype496.a(leds-arch.o)
                0x00000000000217c4                leds_interface
 .rodata        0x00000000000217cc        0x8 obj_cooja/mtype496.a(moteid.o)
                0x00000000000217cc                moteid_interface
 .rodata        0x00000000000217d4       0x1c obj_cooja/mtype496.a(pir-sensor.o)
                0x00000000000217d4                pir_interface
                0x00000000000217e0                pir_sensor
 .rodata        0x00000000000217f0        0xe obj_cooja/mtype496.a(rs232.o)
                0x00000000000217f0                rs232_interface
 *fill*         0x00000000000217fe        0x2 
 .rodata        0x0000000000021800       0x24 obj_cooja/mtype496.a(vib-sensor.o)
                0x0000000000021800                vib_interface
                0x0000000000021814                vib_sensor
 .rodata        0x0000000000021824        0x8 obj_cooja/mtype496.a(clock.o)
                0x0000000000021824                clock_interface
 .rodata        0x000000000002182c        0x8 obj_cooja/mtype496.a(cooja-log.o)
                0x000000000002182c                simlog_interface
 .rodata        0x0000000000021834       0x2f obj_cooja/mtype496.a(cfs-cooja.o)
                0x0000000000021834                cfs_interface
 *fill*         0x0000000000021863       0x1d 
 .rodata        0x0000000000021880       0x58 obj_cooja/mtype496.a(cooja-radio.o)
                0x0000000000021880                radio_interface
                0x00000000000218a0                cooja_radio_driver
 .rodata        0x00000000000218d8        0x8 obj_cooja/mtype496.a(eeprom.o)
                0x00000000000218d8                eeprom_interface
 .rodata        0x00000000000218e0        0x8 obj_cooja/mtype496.a(sensors.o)
 .rodata        0x00000000000218e8       0xf4 obj_cooja/mtype496.a(contiki-main.o)
 .rodata        0x00000000000219dc        0xc obj_cooja/mtype496.a(etimer.o)
 .rodata        0x00000000000219e8       0xc0 obj_cooja/mtype496.a(log.o)
 .rodata        0x0000000000021aa8        0xf obj_cooja/mtype496.a(ctimer.o)
 .rodata        0x0000000000021ab7        0xe obj_cooja/mtype496.a(serial-line.o)
 *fill*         0x0000000000021ac5        0x3 
 .rodata        0x0000000000021ac8        0x8 obj_cooja/mtype496.a(linkaddr.o)
                0x0000000000021ac8                linkaddr_null
 .rodata        0x0000000000021ad0       0x20 obj_cooja/mtype496.a(csma.o)
                0x0000000000021ad8                csma_driver
 .rodata        0x0000000000021af0        0xd obj_cooja/mtype496.a(tcpip.o)
 *fill*         0x0000000000021afd        0x3 
 .rodata        0x0000000000021b00       0x4d obj_cooja/mtype496.a(uip-ds6-route.o)
 *fill*         0x0000000000021b4d        0x3 
 .rodata        0x0000000000021b50       0xf4 obj_cooja/mtype496.a(uip6.o)
 .rodata        0x0000000000021c44       0x30 obj_cooja/mtype496.a(sicslowpan.o)
                0x0000000000021c44                unc_llconf
                0x0000000000021c48                unc_ctxconf
                0x0000000000021c4c                unc_mxconf
                0x0000000000021c50                llprefix
                0x0000000000021c64                sicslowpan_driver
 .rodata        0x0000000000021c74       0x2d obj_cooja/mtype496.a(uiplib.o)
 *fill*         0x0000000000021ca1        0x3 
 .rodata        0x0000000000021ca4       0x61 obj_cooja/mtype496.a(rpl-neighbor.o)
 .rodata        0x0000000000021d05        0xc obj_cooja/mtype496.a(rpl-timers.o)
 *fill*         0x0000000000021d11        0xf 
 .rodata        0x0000000000021d20       0x70 obj_cooja/mtype496.a(rpl.o)
                0x0000000000021d40                rpl_lite_driver
 .rodata        0x0000000000021d90       0xdb obj_cooja/mtype496.a(rpl-dag.o)
 *fill*         0x0000000000021e6b        0x1 
 .rodata        0x0000000000021e6c        0xc obj_cooja/mtype496.a(framer-802154.o)
                0x0000000000021e6c                framer_802154
 .rodata        0x0000000000021e78       0x44 obj_cooja/mtype496.a(uip-sr.o)

.rodata1
 *(.rodata1)

.eh_frame_hdr   0x0000000000021ebc     0x13a4
 *(.eh_frame_hdr)
 .eh_frame_hdr  0x0000000000021ebc     0x13a4 contact_tracing_node.o
                0x0000000000021ebc                __GNU_EH_FRAME_HDR
 *(.eh_frame_entry .eh_frame_entry.*)

.eh_frame       0x0000000000023260     0x4f74
 *(.eh_frame)
 .eh_frame      0x0000000000023260       0x3c /usr/lib/gcc/i686-linux-gnu/5/../../../i386-linux-gnu/crti.o
                                         0x40 (size before relaxing)
 .eh_frame      0x000000000002329c       0x20 contact_tracing_node.o
                                         0x38 (size before relaxing)
 .eh_frame      0x00000000000232bc      0x178 obj_cooja/mtype496.o
                                        0x190 (size before relaxing)
 .eh_frame      0x0000000000023434       0x40 obj_cooja/mtype496.a(simEnvChange.o)
                                         0x58 (size before relaxing)
 .eh_frame      0x0000000000023474       0x60 obj_cooja/mtype496.a(cooja_mt.o)
                                         0x78 (size before relaxing)
 .eh_frame      0x00000000000234d4       0x80 obj_cooja/mtype496.a(cooja_mtarch.o)
                                         0x98 (size before relaxing)
 .eh_frame      0x0000000000023554       0xc8 obj_cooja/mtype496.a(rtimer-arch.o)
                                         0xe0 (size before relaxing)
 .eh_frame      0x000000000002361c      0x160 obj_cooja/mtype496.a(beep.o)
                                        0x178 (size before relaxing)
 .eh_frame      0x000000000002377c       0xa0 obj_cooja/mtype496.a(button-sensor.o)
                                         0xb8 (size before relaxing)
 .eh_frame      0x000000000002381c       0xa0 obj_cooja/mtype496.a(leds-arch.o)
                                         0xb8 (size before relaxing)
 .eh_frame      0x00000000000238bc       0x40 obj_cooja/mtype496.a(moteid.o)
                                         0x58 (size before relaxing)
 .eh_frame      0x00000000000238fc       0xa0 obj_cooja/mtype496.a(pir-sensor.o)
                                         0xb8 (size before relaxing)
 .eh_frame      0x000000000002399c      0x100 obj_cooja/mtype496.a(rs232.o)
                                        0x118 (size before relaxing)
 .eh_frame      0x0000000000023a9c       0xa0 obj_cooja/mtype496.a(vib-sensor.o)
                                         0xb8 (size before relaxing)
 .eh_frame      0x0000000000023b3c       0xc0 obj_cooja/mtype496.a(clock.o)
                                         0xd8 (size before relaxing)
 .eh_frame      0x0000000000023bfc      0x120 obj_cooja/mtype496.a(cooja-log.o)
                                        0x138 (size before relaxing)
 .eh_frame      0x0000000000023d1c      0x160 obj_cooja/mtype496.a(cfs-cooja.o)
                                        0x178 (size before relaxing)
 .eh_frame      0x0000000000023e7c      0x340 obj_cooja/mtype496.a(cooja-radio.o)
                                        0x358 (size before relaxing)
 .eh_frame      0x00000000000241bc       0xa0 obj_cooja/mtype496.a(eeprom.o)
                                         0xb8 (size before relaxing)
 .eh_frame      0x000000000002425c       0x40 obj_cooja/mtype496.a(random.o)
                                         0x58 (size before relaxing)
 .eh_frame      0x000000000002429c       0xc0 obj_cooja/mtype496.a(sensors.o)
                                         0xd8 (size before relaxing)
 .eh_frame      0x000000000002435c       0x30 obj_cooja/mtype496.a(contiki-main.o)
                                         0x48 (size before relaxing)
 .eh_frame      0x000000000002438c       0x40 obj_cooja/mtype496.a(autostart.o)
                                         0x58 (size before relaxing)
 .eh_frame      0x00000000000243cc       0x60 obj_cooja/mtype496.a(energest.o)
                                         0x78 (size before relaxing)
 .eh_frame      0x000000000002442c      0x1e0 obj_cooja/mtype496.a(etimer.o)
                                        0x1f8 (size before relaxing)
 .eh_frame      0x000000000002460c      0x100 obj_cooja/mtype496.a(log.o)
                                        0x118 (size before relaxing)
 .eh_frame      0x000000000002470c      0x100 obj_cooja/mtype496.a(ctimer.o)
                                        0x118 (size before relaxing)
 .eh_frame      0x000000000002480c      0x1c4 obj_cooja/mtype496.a(process.o)
                                        0x1dc (size before relaxing)
 .eh_frame      0x00000000000249d0       0x60 obj_cooja/mtype496.a(rtimer.o)
                                         0x78 (size before relaxing)
 .eh_frame      0x0000000000024a30       0x20 obj_cooja/mtype496.a(node-id.o)
                                         0x38 (size before relaxing)
 .eh_frame      0x0000000000024a50       0xa4 obj_cooja/mtype496.a(timer.o)
                                         0xbc (size before relaxing)
 .eh_frame      0x0000000000024af4       0x60 obj_cooja/mtype496.a(serial-line.o)
                                         0x78 (size before relaxing)
 .eh_frame      0x0000000000024b54       0xa0 obj_cooja/mtype496.a(ringbuf.o)
                                         0xb8 (size before relaxing)
 .eh_frame      0x0000000000024bf4      0x1a0 obj_cooja/mtype496.a(list.o)
                                        0x1b8 (size before relaxing)
 .eh_frame      0x0000000000024d94      0x2ac obj_cooja/mtype496.a(nbr-table.o)
                                        0x2c4 (size before relaxing)
 .eh_frame      0x0000000000025040      0x28c obj_cooja/mtype496.a(packetbuf.o)
                                        0x2a4 (size before relaxing)
 .eh_frame      0x00000000000252cc       0x80 obj_cooja/mtype496.a(netstack.o)
                                         0x98 (size before relaxing)
 .eh_frame      0x000000000002534c       0x60 obj_cooja/mtype496.a(linkaddr.o)
                                         0x78 (size before relaxing)
 .eh_frame      0x00000000000253ac       0xa0 obj_cooja/mtype496.a(csma.o)
                                         0xb8 (size before relaxing)
 .eh_frame      0x000000000002544c      0x1d4 obj_cooja/mtype496.a(csma-output.o)
                                        0x1ec (size before relaxing)
 .eh_frame      0x0000000000025620      0x2e8 obj_cooja/mtype496.a(uip-ds6.o)
                                        0x300 (size before relaxing)
 .eh_frame      0x0000000000025908      0x244 obj_cooja/mtype496.a(tcpip.o)
                                        0x25c (size before relaxing)
 .eh_frame      0x0000000000025b4c      0x220 obj_cooja/mtype496.a(uip-ds6-route.o)
                                        0x238 (size before relaxing)
 .eh_frame      0x0000000000025d6c      0x1a8 obj_cooja/mtype496.a(uip6.o)
                                        0x1c0 (size before relaxing)
 .eh_frame      0x0000000000025f14      0x1c0 obj_cooja/mtype496.a(uip-ds6-nbr.o)
                                        0x1d8 (size before relaxing)
 .eh_frame      0x00000000000260d4       0x84 obj_cooja/mtype496.a(uip-nd6.o)
                                         0x9c (size before relaxing)
 .eh_frame      0x0000000000026158      0x2f8 obj_cooja/mtype496.a(sicslowpan.o)
                                        0x310 (size before relaxing)
 .eh_frame      0x0000000000026450       0x88 obj_cooja/mtype496.a(uiplib.o)
                                         0xa0 (size before relaxing)
 .eh_frame      0x00000000000264d8       0x80 obj_cooja/mtype496.a(rpl-nbr-policy.)
                                         0x98 (size before relaxing)
 .eh_frame      0x0000000000026558      0x2d4 obj_cooja/mtype496.a(rpl-neighbor.o)
                                        0x2ec (size before relaxing)
 .eh_frame      0x000000000002682c      0x368 obj_cooja/mtype496.a(rpl-timers.o)
                                        0x380 (size before relaxing)
 .eh_frame      0x0000000000026b94      0x1e0 obj_cooja/mtype496.a(rpl.o)
                                        0x1f8 (size before relaxing)
 .eh_frame      0x0000000000026d74      0x1c4 obj_cooja/mtype496.a(rpl-icmp6.o)
                                        0x1dc (size before relaxing)
 .eh_frame      0x0000000000026f38      0x370 obj_cooja/mtype496.a(rpl-dag.o)
                                        0x388 (size before relaxing)
 .eh_frame      0x00000000000272a8       0xa0 obj_cooja/mtype496.a(rpl-dag-root.o)
                                         0xb8 (size before relaxing)
 .eh_frame      0x0000000000027348       0xa0 obj_cooja/mtype496.a(watchdog.o)
                                         0xb8 (size before relaxing)
 .eh_frame      0x00000000000273e8       0xc4 obj_cooja/mtype496.a(stimer.o)
                                         0xdc (size before relaxing)
 .eh_frame      0x00000000000274ac       0xa0 obj_cooja/mtype496.a(memb.o)
                                         0xb8 (size before relaxing)
 .eh_frame      0x000000000002754c      0x1a0 obj_cooja/mtype496.a(queuebuf.o)
                                        0x1b8 (size before relaxing)
 .eh_frame      0x00000000000276ec      0x100 obj_cooja/mtype496.a(link-stats.o)
                                        0x118 (size before relaxing)
 .eh_frame      0x00000000000277ec       0x48 obj_cooja/mtype496.a(mac-sequence.o)
                                         0x60 (size before relaxing)
 .eh_frame      0x0000000000027834       0x20 obj_cooja/mtype496.a(mac.o)
                                         0x38 (size before relaxing)
 .eh_frame      0x0000000000027854       0xa4 obj_cooja/mtype496.a(framer-802154.o)
                                         0xbc (size before relaxing)
 .eh_frame      0x00000000000278f8      0x1a4 obj_cooja/mtype496.a(frame802154.o)
                                        0x1bc (size before relaxing)
 .eh_frame      0x0000000000027a9c      0x100 obj_cooja/mtype496.a(uipbuf.o)
                                        0x118 (size before relaxing)
 .eh_frame      0x0000000000027b9c      0x160 obj_cooja/mtype496.a(uip-icmp6.o)
                                        0x178 (size before relaxing)
 .eh_frame      0x0000000000027cfc      0x184 obj_cooja/mtype496.a(uip-sr.o)
                                        0x19c (size before relaxing)
 .eh_frame      0x0000000000027e80       0xe0 obj_cooja/mtype496.a(uip-packetqueue)
                                         0xf8 (size before relaxing)
 .eh_frame      0x0000000000027f60      0x128 obj_cooja/mtype496.a(rpl-ext-header.)
                                        0x140 (size before relaxing)
 .eh_frame      0x0000000000028088      0x148 obj_cooja/mtype496.a(rpl-mrhof.o)
                                        0x160 (size before relaxing)
 .eh_frame      0x00000000000281d0        0x4 /usr/lib/gcc/i686-linux-gnu/5/crtendS.o
 *(.eh_frame.*)

.gcc_except_table
 *(.gcc_except_table .gcc_except_table.*)

.gnu_extab
 *(.gnu_extab*)

.exception_ranges
 *(.exception_ranges .exception_ranges*)
                0x0000000000029f10                . = DATA_SEGMENT_ALIGN (0x1000, 0x1000)

.eh_frame
 *(.eh_frame)
 *(.eh_frame.*)

.gnu_extab
 *(.gnu_extab)

.gcc_except_table
 *(.gcc_except_table .gcc_except_table.*)

.exception_ranges
 *(.exception_ranges .exception_ranges*)

.tdata
 *(.tdata .tdata.* .gnu.linkonce.td.*)

.tbss
 *(.tbss .tbss.* .gnu.linkonce.tb.*)
 *(.tcommon)

.preinit_array
 *(.preinit_array)

.init_array     0x0000000000029f10        0x4
 *(SORT(.init_array.*) SORT(.ctors.*))
 *(.init_array EXCLUDE_FILE(*crtend?.o *crtend.o *crtbegin?.o *crtbegin.o) .ctors)
 .init_array    0x0000000000029f10        0x4 /usr/lib/gcc/i686-linux-gnu/5/crtbeginS.o

.fini_array     0x0000000000029f14        0x4
 *(SORT(.fini_array.*) SORT(.dtors.*))
 *(.fini_array EXCLUDE_FILE(*crtend?.o *crtend.o *crtbegin?.o *crtbegin.o) .dtors)
 .fini_array    0x0000000000029f14        0x4 /usr/lib/gcc/i686-linux-gnu/5/crtbeginS.o

.ctors
 *crtbegin.o(.ctors)
 *crtbegin?.o(.ctors)
 *(EXCLUDE_FILE(*crtend?.o *crtend.o) .ctors)
 *(SORT(.ctors.*))
 *(.ctors)

.dtors
 *crtbegin.o(.dtors)
 *crtbegin?.o(.dtors)
 *(EXCLUDE_FILE(*crtend?.o *crtend.o) .dtors)
 *(SORT(.dtors.*))
 *(.dtors)

.jcr            0x0000000000029f18        0x4
 *(.jcr)
 .jcr           0x0000000000029f18        0x0 /usr/lib/gcc/i686-linux-gnu/5/crtbeginS.o
 .jcr           0x0000000000029f18        0x4 /usr/lib/gcc/i686-linux-gnu/5/crtendS.o

.data.rel.ro
 *(.data.rel.ro.local* .gnu.linkonce.d.rel.ro.local.*)
 *(.data.rel.ro .data.rel.ro.* .gnu.linkonce.d.rel.ro.*)

.dynamic        0x0000000000029f1c       0xd0
 *(.dynamic)
 .dynamic       0x0000000000029f1c       0xd0 /usr/lib/gcc/i686-linux-gnu/5/../../../i386-linux-gnu/crti.o
                0x0000000000029f1c                _DYNAMIC

.got            0x0000000000029fec       0x14
 *(.got)
 .got           0x0000000000029fec       0x14 /usr/lib/gcc/i686-linux-gnu/5/../../../i386-linux-gnu/crti.o
 *(.igot)
                0x000000000002aff4                . = DATA_SEGMENT_RELRO_END (., (SIZEOF (.got.plt) >= 0xc)?0xc:0x0)

.got.plt        0x000000000002a000        0xc
 *(.got.plt)
 .got.plt       0x000000000002a000        0xc /usr/lib/gcc/i686-linux-gnu/5/../../../i386-linux-gnu/crti.o
                0x000000000002a000                _GLOBAL_OFFSET_TABLE_
 *(.igot.plt)

.data           0x000000000002a020      0x304
 *(.data .data.* .gnu.linkonce.d.*)
 .data          0x000000000002a020        0x0 /usr/lib/gcc/i686-linux-gnu/5/../../../i386-linux-gnu/crti.o
 .data          0x000000000002a020        0x0 /usr/lib/gcc/i686-linux-gnu/5/crtbeginS.o
 .data.rel.local
                0x000000000002a020        0x4 /usr/lib/gcc/i686-linux-gnu/5/crtbeginS.o
                0x000000000002a020                __dso_handle
 .data          0x000000000002a024       0x14 contact_tracing_node.o
                0x000000000002a028                contact_tracing_process
 *fill*         0x000000000002a038        0x8 
 .data          0x000000000002a040       0x44 obj_cooja/mtype496.o
                0x000000000002a040                simInterfaces
                0x000000000002a074                sensors
 .data          0x000000000002a084        0x0 obj_cooja/mtype496.a(simEnvChange.o)
 .data          0x000000000002a084        0x0 obj_cooja/mtype496.a(cooja_mt.o)
 .data          0x000000000002a084        0x0 obj_cooja/mtype496.a(cooja_mtarch.o)
 .data          0x000000000002a084        0x0 obj_cooja/mtype496.a(rtimer-arch.o)
 .data          0x000000000002a084        0x0 obj_cooja/mtype496.a(beep.o)
 .data          0x000000000002a084        0x0 obj_cooja/mtype496.a(button-sensor.o)
 .data          0x000000000002a084        0x0 obj_cooja/mtype496.a(leds-arch.o)
 .data          0x000000000002a084        0x0 obj_cooja/mtype496.a(moteid.o)
 .data          0x000000000002a084        0x0 obj_cooja/mtype496.a(pir-sensor.o)
 .data          0x000000000002a084        0x0 obj_cooja/mtype496.a(rs232.o)
 .data          0x000000000002a084        0x0 obj_cooja/mtype496.a(vib-sensor.o)
 .data          0x000000000002a084        0x0 obj_cooja/mtype496.a(clock.o)
 .data          0x000000000002a084        0x0 obj_cooja/mtype496.a(cooja-log.o)
 .data          0x000000000002a084        0x0 obj_cooja/mtype496.a(cfs-cooja.o)
 .data          0x000000000002a084       0x2c obj_cooja/mtype496.a(cooja-radio.o)
                0x000000000002a084                simRadioHWOn
                0x000000000002a088                simSignalStrength
                0x000000000002a08c                simLastSignalStrength
                0x000000000002a090                simPower
                0x000000000002a094                simRadioChannel
                0x000000000002a098                simLQI
                0x000000000002a0a0                cooja_radio_process
 .data          0x000000000002a0b0        0x0 obj_cooja/mtype496.a(eeprom.o)
 .data          0x000000000002a0b0        0x0 obj_cooja/mtype496.a(random.o)
 .data          0x000000000002a0b0       0x10 obj_cooja/mtype496.a(sensors.o)
                0x000000000002a0b0                sensors_process
 .data          0x000000000002a0c0        0x0 obj_cooja/mtype496.a(contiki-main.o)
 .data          0x000000000002a0c0        0x0 obj_cooja/mtype496.a(autostart.o)
 .data          0x000000000002a0c0        0x0 obj_cooja/mtype496.a(energest.o)
 .data          0x000000000002a0c0       0x10 obj_cooja/mtype496.a(etimer.o)
                0x000000000002a0c0                etimer_process
 *fill*         0x000000000002a0d0       0x10 
 .data          0x000000000002a0e0       0xb0 obj_cooja/mtype496.a(log.o)
                0x000000000002a0e0                curr_log_level_main
                0x000000000002a100                all_modules
 .data          0x000000000002a190       0x14 obj_cooja/mtype496.a(ctimer.o)
                0x000000000002a194                ctimer_process
 .data          0x000000000002a1a4        0x0 obj_cooja/mtype496.a(process.o)
 .data          0x000000000002a1a4        0x0 obj_cooja/mtype496.a(rtimer.o)
 .data          0x000000000002a1a4        0x0 obj_cooja/mtype496.a(node-id.o)
 .data          0x000000000002a1a4        0x0 obj_cooja/mtype496.a(timer.o)
 .data          0x000000000002a1a4       0x10 obj_cooja/mtype496.a(serial-line.o)
                0x000000000002a1a4                serial_line_process
 .data          0x000000000002a1b4        0x0 obj_cooja/mtype496.a(ringbuf.o)
 .data          0x000000000002a1b4        0x0 obj_cooja/mtype496.a(list.o)
 .data          0x000000000002a1b4       0x10 obj_cooja/mtype496.a(nbr-table.o)
 .data          0x000000000002a1c4        0x4 obj_cooja/mtype496.a(packetbuf.o)
 .data          0x000000000002a1c8        0x4 obj_cooja/mtype496.a(netstack.o)
 .data          0x000000000002a1cc        0x0 obj_cooja/mtype496.a(linkaddr.o)
 .data          0x000000000002a1cc        0x0 obj_cooja/mtype496.a(csma.o)
 .data          0x000000000002a1cc       0x28 obj_cooja/mtype496.a(csma-output.o)
 .data          0x000000000002a1f4        0x0 obj_cooja/mtype496.a(uip-ds6.o)
 .data          0x000000000002a1f4       0x10 obj_cooja/mtype496.a(tcpip.o)
                0x000000000002a1f4                tcpip_process
 .data          0x000000000002a204       0x10 obj_cooja/mtype496.a(uip-ds6-route.o)
 .data          0x000000000002a214        0x0 obj_cooja/mtype496.a(uip6.o)
 .data          0x000000000002a214       0x14 obj_cooja/mtype496.a(uip-ds6-nbr.o)
                0x000000000002a224                ds6_neighbors
 .data          0x000000000002a228        0xc obj_cooja/mtype496.a(uip-nd6.o)
 .data          0x000000000002a234        0x0 obj_cooja/mtype496.a(sicslowpan.o)
 .data          0x000000000002a234        0x0 obj_cooja/mtype496.a(uiplib.o)
 .data          0x000000000002a234        0x0 obj_cooja/mtype496.a(rpl-nbr-policy.)
 .data          0x000000000002a234       0x14 obj_cooja/mtype496.a(rpl-neighbor.o)
                0x000000000002a244                rpl_neighbors
 .data          0x000000000002a248        0x0 obj_cooja/mtype496.a(rpl-timers.o)
 .data          0x000000000002a248        0x0 obj_cooja/mtype496.a(rpl.o)
 .data          0x000000000002a248       0x30 obj_cooja/mtype496.a(rpl-icmp6.o)
 .data          0x000000000002a278        0x0 obj_cooja/mtype496.a(rpl-dag.o)
 .data          0x000000000002a278        0x0 obj_cooja/mtype496.a(rpl-dag-root.o)
 .data          0x000000000002a278        0x0 obj_cooja/mtype496.a(watchdog.o)
 .data          0x000000000002a278        0x0 obj_cooja/mtype496.a(stimer.o)
 .data          0x000000000002a278        0x0 obj_cooja/mtype496.a(memb.o)
 .data          0x000000000002a278       0x18 obj_cooja/mtype496.a(queuebuf.o)
 .data          0x000000000002a290       0x14 obj_cooja/mtype496.a(link-stats.o)
 .data          0x000000000002a2a4        0x0 obj_cooja/mtype496.a(mac-sequence.o)
 .data          0x000000000002a2a4        0x0 obj_cooja/mtype496.a(mac.o)
 .data          0x000000000002a2a4        0x0 obj_cooja/mtype496.a(framer-802154.o)
 .data          0x000000000002a2a4        0x2 obj_cooja/mtype496.a(frame802154.o)
 .data          0x000000000002a2a6        0x0 obj_cooja/mtype496.a(uipbuf.o)
 *fill*         0x000000000002a2a6        0x2 
 .data          0x000000000002a2a8       0x20 obj_cooja/mtype496.a(uip-icmp6.o)
 .data          0x000000000002a2c8       0x10 obj_cooja/mtype496.a(uip-sr.o)
 .data          0x000000000002a2d8        0xc obj_cooja/mtype496.a(uip-packetqueue)
 .data          0x000000000002a2e4        0x0 obj_cooja/mtype496.a(rpl-ext-header.)
 *fill*         0x000000000002a2e4       0x1c 
 .data          0x000000000002a300       0x24 obj_cooja/mtype496.a(rpl-mrhof.o)
                0x000000000002a300                rpl_mrhof
 .data          0x000000000002a324        0x0 /usr/lib/gcc/i686-linux-gnu/5/crtendS.o
 .data          0x000000000002a324        0x0 /usr/lib/gcc/i686-linux-gnu/5/../../../i386-linux-gnu/crtn.o

.tm_clone_table
                0x000000000002a324        0x0
 .tm_clone_table
                0x000000000002a324        0x0 /usr/lib/gcc/i686-linux-gnu/5/crtbeginS.o
 .tm_clone_table
                0x000000000002a324        0x0 /usr/lib/gcc/i686-linux-gnu/5/crtendS.o

.data1
 *(.data1)
                0x000000000002a324                _edata = .
                [!provide]                        PROVIDE (edata, .)
                0x000000000002a324                . = .
                0x000000000002a324                __bss_start = .

.bss            0x000000000002a340    0x137a0
 *(.dynbss)
 .dynbss        0x000000000002a340        0x0 /usr/lib/gcc/i686-linux-gnu/5/../../../i386-linux-gnu/crti.o
 *(.bss .bss.* .gnu.linkonce.b.*)
 .bss           0x000000000002a340        0x0 /usr/lib/gcc/i686-linux-gnu/5/../../../i386-linux-gnu/crti.o
 .bss           0x000000000002a340        0x1 /usr/lib/gcc/i686-linux-gnu/5/crtbeginS.o
 *fill*         0x000000000002a341        0x3 
 .bss           0x000000000002a344       0x10 contact_tracing_node.o
 *fill*         0x000000000002a354        0xc 
 .bss           0x000000000002a360     0x2030 obj_cooja/mtype496.o
 .bss           0x000000000002c390        0x1 obj_cooja/mtype496.a(simEnvChange.o)
                0x000000000002c390                simDontFallAsleep
 *fill*         0x000000000002c391        0x3 
 .bss           0x000000000002c394        0x4 obj_cooja/mtype496.a(cooja_mt.o)
 .bss           0x000000000002c398        0x4 obj_cooja/mtype496.a(cooja_mtarch.o)
 .bss           0x000000000002c39c        0x0 obj_cooja/mtype496.a(rtimer-arch.o)
 .bss           0x000000000002c39c        0x0 obj_cooja/mtype496.a(beep.o)
 .bss           0x000000000002c39c        0x8 obj_cooja/mtype496.a(button-sensor.o)
 .bss           0x000000000002c3a4        0x0 obj_cooja/mtype496.a(leds-arch.o)
 .bss           0x000000000002c3a4        0x0 obj_cooja/mtype496.a(moteid.o)
 .bss           0x000000000002c3a4        0x1 obj_cooja/mtype496.a(pir-sensor.o)
                0x000000000002c3a4                simPirValue
 *fill*         0x000000000002c3a5        0x3 
 .bss           0x000000000002c3a8        0x4 obj_cooja/mtype496.a(rs232.o)
 .bss           0x000000000002c3ac        0x1 obj_cooja/mtype496.a(vib-sensor.o)
                0x000000000002c3ac                simVibValue
 .bss           0x000000000002c3ad        0x0 obj_cooja/mtype496.a(clock.o)
 *fill*         0x000000000002c3ad       0x13 
 .bss           0x000000000002c3c0     0x2020 obj_cooja/mtype496.a(cooja-log.o)
 .bss           0x000000000002e3e0      0xfc0 obj_cooja/mtype496.a(cfs-cooja.o)
                0x000000000002e3e0                simCFSData
                0x000000000002f380                simCFSSize
                0x000000000002f384                simCFSChanged
                0x000000000002f388                simCFSRead
                0x000000000002f38c                simCFSWritten
 .bss           0x000000000002f3a0       0x24 obj_cooja/mtype496.a(cooja-radio.o)
                0x000000000002f3a0                simReceiving
                0x000000000002f3a4                simInSize
                0x000000000002f3a8                simLastPacketTimestamp
                0x000000000002f3b0                simOutSize
 .bss           0x000000000002f3c4        0xc obj_cooja/mtype496.a(eeprom.o)
                0x000000000002f3c4                simEEPROMChanged
                0x000000000002f3c8                simEEPROMRead
                0x000000000002f3cc                simEEPROMWritten
 .bss           0x000000000002f3d0        0x0 obj_cooja/mtype496.a(random.o)
 .bss           0x000000000002f3d0        0xc obj_cooja/mtype496.a(sensors.o)
 .bss           0x000000000002f3dc        0x0 obj_cooja/mtype496.a(contiki-main.o)
 .bss           0x000000000002f3dc        0x0 obj_cooja/mtype496.a(autostart.o)
 .bss           0x000000000002f3dc        0x0 obj_cooja/mtype496.a(energest.o)
 .bss           0x000000000002f3dc        0x8 obj_cooja/mtype496.a(etimer.o)
 .bss           0x000000000002f3e4       0x28 obj_cooja/mtype496.a(log.o)
                0x000000000002f3e4                curr_log_level_rpl
                0x000000000002f3e8                curr_log_level_tcpip
                0x000000000002f3ec                curr_log_level_ipv6
                0x000000000002f3f0                curr_log_level_6lowpan
                0x000000000002f3f4                curr_log_level_nullnet
                0x000000000002f3f8                curr_log_level_mac
                0x000000000002f3fc                curr_log_level_framer
                0x000000000002f400                curr_log_level_6top
                0x000000000002f404                curr_log_level_coap
                0x000000000002f408                curr_log_level_lwm2m
 .bss           0x000000000002f40c        0x5 obj_cooja/mtype496.a(ctimer.o)
 *fill*         0x000000000002f411        0xf 
 .bss           0x000000000002f420      0x1a1 obj_cooja/mtype496.a(process.o)
                0x000000000002f420                process_list
                0x000000000002f424                process_current
 *fill*         0x000000000002f5c1        0x3 
 .bss           0x000000000002f5c4        0x4 obj_cooja/mtype496.a(rtimer.o)
 .bss           0x000000000002f5c8        0x2 obj_cooja/mtype496.a(node-id.o)
                0x000000000002f5c8                node_id
 .bss           0x000000000002f5ca        0x0 obj_cooja/mtype496.a(timer.o)
 *fill*         0x000000000002f5ca       0x16 
 .bss           0x000000000002f5e0      0x140 obj_cooja/mtype496.a(serial-line.o)
 .bss           0x000000000002f720        0x0 obj_cooja/mtype496.a(ringbuf.o)
 .bss           0x000000000002f720        0x0 obj_cooja/mtype496.a(list.o)
 .bss           0x000000000002f720     0x1214 obj_cooja/mtype496.a(nbr-table.o)
 *fill*         0x0000000000030934        0xc 
 .bss           0x0000000000030940       0xa0 obj_cooja/mtype496.a(packetbuf.o)
 .bss           0x00000000000309e0        0x4 obj_cooja/mtype496.a(netstack.o)
 .bss           0x00000000000309e4        0x0 obj_cooja/mtype496.a(linkaddr.o)
 .bss           0x00000000000309e4        0x0 obj_cooja/mtype496.a(csma.o)
 *fill*         0x00000000000309e4       0x1c 
 .bss           0x0000000000030a00      0x726 obj_cooja/mtype496.a(csma-output.o)
 *fill*         0x0000000000031126        0x2 
 .bss           0x0000000000031128       0x20 obj_cooja/mtype496.a(uip-ds6.o)
 .bss           0x0000000000031148       0x10 obj_cooja/mtype496.a(tcpip.o)
 *fill*         0x0000000000031158        0x8 
 .bss           0x0000000000031160       0x60 obj_cooja/mtype496.a(uip-ds6-route.o)
 .bss           0x00000000000311c0        0x6 obj_cooja/mtype496.a(uip6.o)
                0x00000000000311c0                uip_ext_bitmap
                0x00000000000311c1                uip_ext_len
                0x00000000000311c2                uip_ext_opt_offset
 *fill*         0x00000000000311c6       0x1a 
 .bss           0x00000000000311e0     0x1c20 obj_cooja/mtype496.a(uip-ds6-nbr.o)
 .bss           0x0000000000032e00       0x10 obj_cooja/mtype496.a(uip-nd6.o)
 *fill*         0x0000000000032e10       0x10 
 .bss           0x0000000000032e20      0x724 obj_cooja/mtype496.a(sicslowpan.o)
 .bss           0x0000000000033544        0x0 obj_cooja/mtype496.a(uiplib.o)
 .bss           0x0000000000033544        0xe obj_cooja/mtype496.a(rpl-nbr-policy.)
 *fill*         0x0000000000033552        0xe 
 .bss           0x0000000000033560      0x960 obj_cooja/mtype496.a(rpl-neighbor.o)
 .bss           0x0000000000033ec0       0x40 obj_cooja/mtype496.a(rpl-timers.o)
 .bss           0x0000000000033f00        0x1 obj_cooja/mtype496.a(rpl.o)
 .bss           0x0000000000033f01        0x0 obj_cooja/mtype496.a(rpl-icmp6.o)
 .bss           0x0000000000033f01        0x0 obj_cooja/mtype496.a(rpl-dag.o)
 *fill*         0x0000000000033f01        0x3 
 .bss           0x0000000000033f04       0x11 obj_cooja/mtype496.a(rpl-dag-root.o)
 .bss           0x0000000000033f15        0x0 obj_cooja/mtype496.a(watchdog.o)
 .bss           0x0000000000033f15        0x0 obj_cooja/mtype496.a(stimer.o)
 .bss           0x0000000000033f15        0x0 obj_cooja/mtype496.a(memb.o)
 *fill*         0x0000000000033f15        0xb 
 .bss           0x0000000000033f20     0x2c80 obj_cooja/mtype496.a(queuebuf.o)
 .bss           0x0000000000036ba0      0xe10 obj_cooja/mtype496.a(link-stats.o)
 *fill*         0x00000000000379b0       0x10 
 .bss           0x00000000000379c0      0x100 obj_cooja/mtype496.a(mac-sequence.o)
 .bss           0x0000000000037ac0        0x0 obj_cooja/mtype496.a(mac.o)
 .bss           0x0000000000037ac0        0x2 obj_cooja/mtype496.a(framer-802154.o)
 .bss           0x0000000000037ac2        0x0 obj_cooja/mtype496.a(frame802154.o)
 *fill*         0x0000000000037ac2        0x2 
 .bss           0x0000000000037ac4        0xc obj_cooja/mtype496.a(uipbuf.o)
 .bss           0x0000000000037ad0       0x18 obj_cooja/mtype496.a(uip-icmp6.o)
 *fill*         0x0000000000037ae8       0x18 
 .bss           0x0000000000037b00     0x1d80 obj_cooja/mtype496.a(uip-sr.o)
 .bss           0x0000000000039880      0xa78 obj_cooja/mtype496.a(uip-packetqueue)
 .bss           0x000000000003a2f8        0x0 obj_cooja/mtype496.a(rpl-ext-header.)
 .bss           0x000000000003a2f8        0x0 obj_cooja/mtype496.a(rpl-mrhof.o)
 .bss           0x000000000003a2f8        0x0 /usr/lib/gcc/i686-linux-gnu/5/crtendS.o
 .bss           0x000000000003a2f8        0x0 /usr/lib/gcc/i686-linux-gnu/5/../../../i386-linux-gnu/crtn.o
 *(COMMON)
 COMMON         0x000000000003a2f8        0x8 obj_cooja/mtype496.o
                0x000000000003a2f8                referenceVar
                0x000000000003a2fc                sensors_flags
 COMMON         0x000000000003a300        0xc obj_cooja/mtype496.a(simEnvChange.o)
                0x000000000003a300                simEtimerPending
                0x000000000003a304                simProcessRunValue
                0x000000000003a308                simEtimerNextExpirationTime
 *fill*         0x000000000003a30c        0x4 
 COMMON         0x000000000003a310       0x18 obj_cooja/mtype496.a(rtimer-arch.o)
                0x000000000003a310                simRtimerPending
                0x000000000003a318                simRtimerCurrentTicks
                0x000000000003a320                simRtimerNextExpirationTime
 COMMON         0x000000000003a328        0x1 obj_cooja/mtype496.a(beep.o)
                0x000000000003a328                simBeeped
 COMMON         0x000000000003a329        0x3 obj_cooja/mtype496.a(button-sensor.o)
                0x000000000003a329                simButtonIsActive
                0x000000000003a32a                simButtonIsDown
                0x000000000003a32b                simButtonChanged
 COMMON         0x000000000003a32c        0x1 obj_cooja/mtype496.a(leds-arch.o)
                0x000000000003a32c                simLedsValue
 *fill*         0x000000000003a32d        0x3 
 COMMON         0x000000000003a330        0xc obj_cooja/mtype496.a(moteid.o)
                0x000000000003a330                simRandomSeed
                0x000000000003a334                simMoteIDChanged
                0x000000000003a338                simMoteID
 COMMON         0x000000000003a33c        0x2 obj_cooja/mtype496.a(pir-sensor.o)
                0x000000000003a33c                simPirIsActive
                0x000000000003a33d                simPirChanged
 *fill*         0x000000000003a33e        0x2 
 COMMON         0x000000000003a340      0x820 obj_cooja/mtype496.a(rs232.o)
                0x000000000003a340                simSerialReceivingFlag
                0x000000000003a344                simSerialReceivingLength
                0x000000000003a360                simSerialReceivingData
 COMMON         0x000000000003ab60        0x2 obj_cooja/mtype496.a(vib-sensor.o)
                0x000000000003ab60                simVibChanged
                0x000000000003ab61                simVibIsActive
 *fill*         0x000000000003ab62        0x2 
 COMMON         0x000000000003ab64        0x4 obj_cooja/mtype496.a(clock.o)
                0x000000000003ab64                simCurrentTime
 *fill*         0x000000000003ab68       0x18 
 COMMON         0x000000000003ab80     0x2020 obj_cooja/mtype496.a(cooja-log.o)
                0x000000000003ab80                simLoggedLength
                0x000000000003ab84                simLoggedFlag
                0x000000000003aba0                simLoggedData
 COMMON         0x000000000003cba0      0x100 obj_cooja/mtype496.a(cooja-radio.o)
                0x000000000003cba0                simOutDataBuffer
                0x000000000003cc20                simInDataBuffer
 COMMON         0x000000000003cca0      0x400 obj_cooja/mtype496.a(eeprom.o)
                0x000000000003cca0                simEEPROMData
 COMMON         0x000000000003d0a0        0x1 obj_cooja/mtype496.a(sensors.o)
                0x000000000003d0a0                sensors_event
 *fill*         0x000000000003d0a1        0x3 
 COMMON         0x000000000003d0a4       0x50 obj_cooja/mtype496.a(contiki-main.o)
                0x000000000003d0a4                eb_per_time_source
                0x000000000003d0b8                unicast_per_neighbor_rpl_storing
                0x000000000003d0cc                unicast_per_neighbor_rpl_ns
                0x000000000003d0e0                default_common
 COMMON         0x000000000003d0f4        0x1 obj_cooja/mtype496.a(serial-line.o)
                0x000000000003d0f4                serial_line_event_message
 *fill*         0x000000000003d0f5        0x3 
 COMMON         0x000000000003d0f8       0x2c obj_cooja/mtype496.a(packetbuf.o)
                0x000000000003d0f8                packetbuf_attrs
                0x000000000003d114                packetbuf_addrs
 COMMON         0x000000000003d124        0x8 obj_cooja/mtype496.a(linkaddr.o)
                0x000000000003d124                linkaddr_node_addr
 *fill*         0x000000000003d12c       0x14 
 COMMON         0x000000000003d140      0x181 obj_cooja/mtype496.a(uip-ds6.o)
                0x000000000003d140                uip_ds6_prefix_list
                0x000000000003d1a0                uip_ds6_timer_periodic
                0x000000000003d1b0                uip_ds6_netif_addr_list_offset
                0x000000000003d1c0                uip_ds6_if
                0x000000000003d2b8                uip_ds6_timer_ra
                0x000000000003d2c0                uip_ds6_addr_size
 COMMON         0x000000000003d2c1        0x1 obj_cooja/mtype496.a(tcpip.o)
                0x000000000003d2c1                tcpip_event
 *fill*         0x000000000003d2c2       0x1e 
 COMMON         0x000000000003d2e0      0x64c obj_cooja/mtype496.a(uip6.o)
                0x000000000003d2e0                uip_slen
                0x000000000003d2e4                uip_lladdr
                0x000000000003d2ec                uip_appdata
                0x000000000003d2f0                uip_flags
                0x000000000003d300                uip_aligned_buf
                0x000000000003d800                uip_len
                0x000000000003d804                uip_sappdata
                0x000000000003d820                uip_udp_conns
                0x000000000003d920                uip_udp_conn
                0x000000000003d924                uip_next_hdr
                0x000000000003d928                uip_conn
 COMMON         0x000000000003d92c       0x10 obj_cooja/mtype496.a(rpl.o)
                0x000000000003d92c                rpl_multicast_addr
 *fill*         0x000000000003d93c        0x4 
 COMMON         0x000000000003d940      0x164 obj_cooja/mtype496.a(rpl-dag.o)
                0x000000000003d940                curr_instance
 *fill*         0x000000000003daa4       0x1c 
 COMMON         0x000000000003dac0       0x20 obj_cooja/mtype496.a(link-stats.o)
                0x000000000003dac0                periodic_timer
                0x000000000003dae0                . = ALIGN ((. != 0x0)?0x4:0x1)
                0x000000000003dae0                . = ALIGN (0x4)
                0x000000000003dae0                . = SEGMENT_START ("ldata-segment", .)
                0x000000000003dae0                . = ALIGN (0x4)
                0x000000000003dae0                _end = .
                [!provide]                        PROVIDE (end, .)
                0x000000000003dae0                . = DATA_SEGMENT_END (.)

.stab
 *(.stab)

.stabstr
 *(.stabstr)

.stab.excl
 *(.stab.excl)

.stab.exclstr
 *(.stab.exclstr)

.stab.index
 *(.stab.index)

.stab.indexstr
 *(.stab.indexstr)

.comment        0x0000000000000000       0x35
 *(.comment)
 .comment       0x0000000000000000       0x35 /usr/lib/gcc/i686-linux-gnu/5/crtbeginS.o
                                         0x36 (size before relaxing)
 .comment       0x0000000000000035       0x36 contact_tracing_node.o
 .comment       0x0000000000000035       0x36 obj_cooja/mtype496.o
 .comment       0x0000000000000035       0x36 obj_cooja/mtype496.a(simEnvChange.o)
 .comment       0x0000000000000035       0x36 obj_cooja/mtype496.a(cooja_mt.o)
 .comment       0x0000000000000035       0x36 obj_cooja/mtype496.a(cooja_mtarch.o)
 .comment       0x0000000000000035       0x36 obj_cooja/mtype496.a(rtimer-arch.o)
 .comment       0x0000000000000035       0x36 obj_cooja/mtype496.a(beep.o)
 .comment       0x0000000000000035       0x36 obj_cooja/mtype496.a(button-sensor.o)
 .comment       0x0000000000000035       0x36 obj_cooja/mtype496.a(leds-arch.o)
 .comment       0x0000000000000035       0x36 obj_cooja/mtype496.a(moteid.o)
 .comment       0x0000000000000035       0x36 obj_cooja/mtype496.a(pir-sensor.o)
 .comment       0x0000000000000035       0x36 obj_cooja/mtype496.a(rs232.o)
 .comment       0x0000000000000035       0x36 obj_cooja/mtype496.a(vib-sensor.o)
 .comment       0x0000000000000035       0x36 obj_cooja/mtype496.a(clock.o)
 .comment       0x0000000000000035       0x36 obj_cooja/mtype496.a(cooja-log.o)
 .comment       0x0000000000000035       0x36 obj_cooja/mtype496.a(cfs-cooja.o)
 .comment       0x0000000000000035       0x36 obj_cooja/mtype496.a(cooja-radio.o)
 .comment       0x0000000000000035       0x36 obj_cooja/mtype496.a(eeprom.o)
 .comment       0x0000000000000035       0x36 obj_cooja/mtype496.a(random.o)
 .comment       0x0000000000000035       0x36 obj_cooja/mtype496.a(sensors.o)
 .comment       0x0000000000000035       0x36 obj_cooja/mtype496.a(contiki-main.o)
 .comment       0x0000000000000035       0x36 obj_cooja/mtype496.a(autostart.o)
 .comment       0x0000000000000035       0x36 obj_cooja/mtype496.a(energest.o)
 .comment       0x0000000000000035       0x36 obj_cooja/mtype496.a(etimer.o)
 .comment       0x0000000000000035       0x36 obj_cooja/mtype496.a(log.o)
 .comment       0x0000000000000035       0x36 obj_cooja/mtype496.a(ctimer.o)
 .comment       0x0000000000000035       0x36 obj_cooja/mtype496.a(process.o)
 .comment       0x0000000000000035       0x36 obj_cooja/mtype496.a(rtimer.o)
 .comment       0x0000000000000035       0x36 obj_cooja/mtype496.a(node-id.o)
 .comment       0x0000000000000035       0x36 obj_cooja/mtype496.a(timer.o)
 .comment       0x0000000000000035       0x36 obj_cooja/mtype496.a(serial-line.o)
 .comment       0x0000000000000035       0x36 obj_cooja/mtype496.a(ringbuf.o)
 .comment       0x0000000000000035       0x36 obj_cooja/mtype496.a(list.o)
 .comment       0x0000000000000035       0x36 obj_cooja/mtype496.a(nbr-table.o)
 .comment       0x0000000000000035       0x36 obj_cooja/mtype496.a(packetbuf.o)
 .comment       0x0000000000000035       0x36 obj_cooja/mtype496.a(netstack.o)
 .comment       0x0000000000000035       0x36 obj_cooja/mtype496.a(linkaddr.o)
 .comment       0x0000000000000035       0x36 obj_cooja/mtype496.a(csma.o)
 .comment       0x0000000000000035       0x36 obj_cooja/mtype496.a(csma-output.o)
 .comment       0x0000000000000035       0x36 obj_cooja/mtype496.a(uip-ds6.o)
 .comment       0x0000000000000035       0x36 obj_cooja/mtype496.a(tcpip.o)
 .comment       0x0000000000000035       0x36 obj_cooja/mtype496.a(uip-ds6-route.o)
 .comment       0x0000000000000035       0x36 obj_cooja/mtype496.a(uip6.o)
 .comment       0x0000000000000035       0x36 obj_cooja/mtype496.a(uip-ds6-nbr.o)
 .comment       0x0000000000000035       0x36 obj_cooja/mtype496.a(uip-nd6.o)
 .comment       0x0000000000000035       0x36 obj_cooja/mtype496.a(sicslowpan.o)
 .comment       0x0000000000000035       0x36 obj_cooja/mtype496.a(uiplib.o)
 .comment       0x0000000000000035       0x36 obj_cooja/mtype496.a(rpl-nbr-policy.)
 .comment       0x0000000000000035       0x36 obj_cooja/mtype496.a(rpl-neighbor.o)
 .comment       0x0000000000000035       0x36 obj_cooja/mtype496.a(rpl-timers.o)
 .comment       0x0000000000000035       0x36 obj_cooja/mtype496.a(rpl.o)
 .comment       0x0000000000000035       0x36 obj_cooja/mtype496.a(rpl-icmp6.o)
 .comment       0x0000000000000035       0x36 obj_cooja/mtype496.a(rpl-dag.o)
 .comment       0x0000000000000035       0x36 obj_cooja/mtype496.a(rpl-dag-root.o)
 .comment       0x0000000000000035       0x36 obj_cooja/mtype496.a(watchdog.o)
 .comment       0x0000000000000035       0x36 obj_cooja/mtype496.a(stimer.o)
 .comment       0x0000000000000035       0x36 obj_cooja/mtype496.a(memb.o)
 .comment       0x0000000000000035       0x36 obj_cooja/mtype496.a(queuebuf.o)
 .comment       0x0000000000000035       0x36 obj_cooja/mtype496.a(link-stats.o)
 .comment       0x0000000000000035       0x36 obj_cooja/mtype496.a(mac-sequence.o)
 .comment       0x0000000000000035       0x36 obj_cooja/mtype496.a(mac.o)
 .comment       0x0000000000000035       0x36 obj_cooja/mtype496.a(framer-802154.o)
 .comment       0x0000000000000035       0x36 obj_cooja/mtype496.a(frame802154.o)
 .comment       0x0000000000000035       0x36 obj_cooja/mtype496.a(uipbuf.o)
 .comment       0x0000000000000035       0x36 obj_cooja/mtype496.a(uip-icmp6.o)
 .comment       0x0000000000000035       0x36 obj_cooja/mtype496.a(uip-sr.o)
 .comment       0x0000000000000035       0x36 obj_cooja/mtype496.a(uip-packetqueue)
 .comment       0x0000000000000035       0x36 obj_cooja/mtype496.a(rpl-ext-header.)
 .comment       0x0000000000000035       0x36 obj_cooja/mtype496.a(rpl-mrhof.o)
 .comment       0x0000000000000035       0x36 /usr/lib/gcc/i686-linux-gnu/5/crtendS.o

.debug
 *(.debug)

.line
 *(.line)

.debug_srcinfo
 *(.debug_srcinfo)

.debug_sfnames
 *(.debug_sfnames)

.debug_aranges  0x0000000000000000      0x8a0
 *(.debug_aranges)
 .debug_aranges
                0x0000000000000000       0x20 contact_tracing_node.o
 .debug_aranges
                0x0000000000000020       0x20 obj_cooja/mtype496.o
 .debug_aranges
                0x0000000000000040       0x20 obj_cooja/mtype496.a(simEnvChange.o)
 .debug_aranges
                0x0000000000000060       0x20 obj_cooja/mtype496.a(cooja_mt.o)
 .debug_aranges
                0x0000000000000080       0x20 obj_cooja/mtype496.a(cooja_mtarch.o)
 .debug_aranges
                0x00000000000000a0       0x20 obj_cooja/mtype496.a(rtimer-arch.o)
 .debug_aranges
                0x00000000000000c0       0x20 obj_cooja/mtype496.a(beep.o)
 .debug_aranges
                0x00000000000000e0       0x20 obj_cooja/mtype496.a(button-sensor.o)
 .debug_aranges
                0x0000000000000100       0x20 obj_cooja/mtype496.a(leds-arch.o)
 .debug_aranges
                0x0000000000000120       0x20 obj_cooja/mtype496.a(moteid.o)
 .debug_aranges
                0x0000000000000140       0x20 obj_cooja/mtype496.a(pir-sensor.o)
 .debug_aranges
                0x0000000000000160       0x20 obj_cooja/mtype496.a(rs232.o)
 .debug_aranges
                0x0000000000000180       0x20 obj_cooja/mtype496.a(vib-sensor.o)
 .debug_aranges
                0x00000000000001a0       0x20 obj_cooja/mtype496.a(clock.o)
 .debug_aranges
                0x00000000000001c0       0x20 obj_cooja/mtype496.a(cooja-log.o)
 .debug_aranges
                0x00000000000001e0       0x20 obj_cooja/mtype496.a(cfs-cooja.o)
 .debug_aranges
                0x0000000000000200       0x20 obj_cooja/mtype496.a(cooja-radio.o)
 .debug_aranges
                0x0000000000000220       0x20 obj_cooja/mtype496.a(eeprom.o)
 .debug_aranges
                0x0000000000000240       0x20 obj_cooja/mtype496.a(random.o)
 .debug_aranges
                0x0000000000000260       0x20 obj_cooja/mtype496.a(sensors.o)
 .debug_aranges
                0x0000000000000280       0x20 obj_cooja/mtype496.a(contiki-main.o)
 .debug_aranges
                0x00000000000002a0       0x20 obj_cooja/mtype496.a(autostart.o)
 .debug_aranges
                0x00000000000002c0       0x20 obj_cooja/mtype496.a(energest.o)
 .debug_aranges
                0x00000000000002e0       0x20 obj_cooja/mtype496.a(etimer.o)
 .debug_aranges
                0x0000000000000300       0x20 obj_cooja/mtype496.a(log.o)
 .debug_aranges
                0x0000000000000320       0x20 obj_cooja/mtype496.a(ctimer.o)
 .debug_aranges
                0x0000000000000340       0x20 obj_cooja/mtype496.a(process.o)
 .debug_aranges
                0x0000000000000360       0x20 obj_cooja/mtype496.a(rtimer.o)
 .debug_aranges
                0x0000000000000380       0x20 obj_cooja/mtype496.a(node-id.o)
 .debug_aranges
                0x00000000000003a0       0x20 obj_cooja/mtype496.a(timer.o)
 .debug_aranges
                0x00000000000003c0       0x20 obj_cooja/mtype496.a(serial-line.o)
 .debug_aranges
                0x00000000000003e0       0x20 obj_cooja/mtype496.a(ringbuf.o)
 .debug_aranges
                0x0000000000000400       0x20 obj_cooja/mtype496.a(list.o)
 .debug_aranges
                0x0000000000000420       0x20 obj_cooja/mtype496.a(nbr-table.o)
 .debug_aranges
                0x0000000000000440       0x20 obj_cooja/mtype496.a(packetbuf.o)
 .debug_aranges
                0x0000000000000460       0x20 obj_cooja/mtype496.a(netstack.o)
 .debug_aranges
                0x0000000000000480       0x20 obj_cooja/mtype496.a(linkaddr.o)
 .debug_aranges
                0x00000000000004a0       0x20 obj_cooja/mtype496.a(csma.o)
 .debug_aranges
                0x00000000000004c0       0x20 obj_cooja/mtype496.a(csma-output.o)
 .debug_aranges
                0x00000000000004e0       0x20 obj_cooja/mtype496.a(uip-ds6.o)
 .debug_aranges
                0x0000000000000500       0x20 obj_cooja/mtype496.a(tcpip.o)
 .debug_aranges
                0x0000000000000520       0x20 obj_cooja/mtype496.a(uip-ds6-route.o)
 .debug_aranges
                0x0000000000000540       0x20 obj_cooja/mtype496.a(uip6.o)
 .debug_aranges
                0x0000000000000560       0x20 obj_cooja/mtype496.a(uip-ds6-nbr.o)
 .debug_aranges
                0x0000000000000580       0x20 obj_cooja/mtype496.a(uip-nd6.o)
 .debug_aranges
                0x00000000000005a0       0x20 obj_cooja/mtype496.a(sicslowpan.o)
 .debug_aranges
                0x00000000000005c0       0x20 obj_cooja/mtype496.a(uiplib.o)
 .debug_aranges
                0x00000000000005e0       0x20 obj_cooja/mtype496.a(rpl-nbr-policy.)
 .debug_aranges
                0x0000000000000600       0x20 obj_cooja/mtype496.a(rpl-neighbor.o)
 .debug_aranges
                0x0000000000000620       0x20 obj_cooja/mtype496.a(rpl-timers.o)
 .debug_aranges
                0x0000000000000640       0x20 obj_cooja/mtype496.a(rpl.o)
 .debug_aranges
                0x0000000000000660       0x20 obj_cooja/mtype496.a(rpl-icmp6.o)
 .debug_aranges
                0x0000000000000680       0x20 obj_cooja/mtype496.a(rpl-dag.o)
 .debug_aranges
                0x00000000000006a0       0x20 obj_cooja/mtype496.a(rpl-dag-root.o)
 .debug_aranges
                0x00000000000006c0       0x20 obj_cooja/mtype496.a(watchdog.o)
 .debug_aranges
                0x00000000000006e0       0x20 obj_cooja/mtype496.a(stimer.o)
 .debug_aranges
                0x0000000000000700       0x20 obj_cooja/mtype496.a(memb.o)
 .debug_aranges
                0x0000000000000720       0x20 obj_cooja/mtype496.a(queuebuf.o)
 .debug_aranges