Archive member included to satisfy reference by file (symbol)

obj_cooja/mtype552.a(simEnvChange.o)
                              obj_cooja/mtype552.o (simDontFallAsleep)
obj_cooja/mtype552.a(cooja_mt.o)
                              obj_cooja/mtype552.o (cooja_mt_start)
obj_cooja/mtype552.a(cooja_mtarch.o)
                              obj_cooja/mtype552.a(cooja_mt.o) (cooja_mtarch_start)
obj_cooja/mtype552.a(rtimer-arch.o)
                              obj_cooja/mtype552.o (rtimer_arch_check)
obj_cooja/mtype552.a(beep.o)  obj_cooja/mtype552.o (beep_interface)
obj_cooja/mtype552.a(button-sensor.o)
                              obj_cooja/mtype552.o (button_interface)
obj_cooja/mtype552.a(leds-arch.o)
                              obj_cooja/mtype552.o (leds_interface)
obj_cooja/mtype552.a(moteid.o)
                              obj_cooja/mtype552.o (moteid_interface)
obj_cooja/mtype552.a(pir-sensor.o)
                              obj_cooja/mtype552.o (pir_interface)
obj_cooja/mtype552.a(rs232.o)
                              obj_cooja/mtype552.o (rs232_interface)
obj_cooja/mtype552.a(vib-sensor.o)
                              obj_cooja/mtype552.o (vib_interface)
obj_cooja/mtype552.a(clock.o)
                              obj_cooja/mtype552.o (clock_interface)
obj_cooja/mtype552.a(cooja-log.o)
                              obj_cooja/mtype552.o (simlog_interface)
obj_cooja/mtype552.a(cfs-cooja.o)
                              obj_cooja/mtype552.o (cfs_interface)
obj_cooja/mtype552.a(cooja-radio.o)
                              obj_cooja/mtype552.o (radio_interface)
obj_cooja/mtype552.a(eeprom.o)
                              obj_cooja/mtype552.o (eeprom_interface)
obj_cooja/mtype552.a(random.o)
                              obj_cooja/mtype552.a(moteid.o) (random_init)
obj_cooja/mtype552.a(sensors.o)
                              obj_cooja/mtype552.a(button-sensor.o) (sensors_changed)
obj_cooja/mtype552.a(mqtt.o)  contact_tracing_node.o (mqtt_disconnect)
obj_cooja/mtype552.a(contiki-main.o)
                              obj_cooja/mtype552.o (main)
obj_cooja/mtype552.a(autostart.o)
                              obj_cooja/mtype552.a(contiki-main.o) (autostart_start)
obj_cooja/mtype552.a(energest.o)
                              obj_cooja/mtype552.a(contiki-main.o) (energest_init)
obj_cooja/mtype552.a(etimer.o)
                              obj_cooja/mtype552.a(contiki-main.o) (etimer_process)
obj_cooja/mtype552.a(log.o)   obj_cooja/mtype552.a(contiki-main.o) (curr_log_level_main)
obj_cooja/mtype552.a(ctimer.o)
                              obj_cooja/mtype552.a(contiki-main.o) (ctimer_init)
obj_cooja/mtype552.a(process.o)
                              obj_cooja/mtype552.a(mqtt.o) (process_current)
obj_cooja/mtype552.a(rtimer.o)
                              obj_cooja/mtype552.a(contiki-main.o) (rtimer_init)
obj_cooja/mtype552.a(node-id.o)
                              obj_cooja/mtype552.a(contiki-main.o) (node_id)
obj_cooja/mtype552.a(timer.o)
                              contact_tracing_node.o (timer_set)
obj_cooja/mtype552.a(serial-line.o)
                              obj_cooja/mtype552.a(rs232.o) (serial_line_input_byte)
obj_cooja/mtype552.a(ringbuf.o)
                              obj_cooja/mtype552.a(serial-line.o) (ringbuf_init)
obj_cooja/mtype552.a(list.o)  obj_cooja/mtype552.a(mqtt.o) (list_init)
obj_cooja/mtype552.a(nbr-table.o)
                              contact_tracing_node.o (nbr_table_head)
obj_cooja/mtype552.a(packetbuf.o)
                              obj_cooja/mtype552.a(cooja-radio.o) (packetbuf_clear)
obj_cooja/mtype552.a(netstack.o)
                              obj_cooja/mtype552.a(contiki-main.o) (netstack_init)
obj_cooja/mtype552.a(linkaddr.o)
                              obj_cooja/mtype552.a(contiki-main.o) (linkaddr_node_addr)
obj_cooja/mtype552.a(csma.o)  obj_cooja/mtype552.a(cooja-radio.o) (csma_driver)
obj_cooja/mtype552.a(csma-output.o)
                              obj_cooja/mtype552.a(csma.o) (csma_output_packet)
obj_cooja/mtype552.a(uip-ds6.o)
                              obj_cooja/mtype552.a(contiki-main.o) (uip_ds6_get_link_local)
obj_cooja/mtype552.a(tcp-socket.o)
                              obj_cooja/mtype552.a(mqtt.o) (tcp_socket_register)
obj_cooja/mtype552.a(tcpip.o)
                              obj_cooja/mtype552.a(tcp-socket.o) (tcpip_event)
obj_cooja/mtype552.a(uip-ds6-route.o)
                              obj_cooja/mtype552.a(uip-ds6.o) (uip_ds6_route_init)
obj_cooja/mtype552.a(uip6.o)  obj_cooja/mtype552.a(contiki-main.o) (uip_lladdr)
obj_cooja/mtype552.a(uip-ds6-nbr.o)
                              obj_cooja/mtype552.a(uip-ds6.o) (uip_ds6_neighbors_init)
obj_cooja/mtype552.a(uip-nd6.o)
                              obj_cooja/mtype552.a(uip6.o) (uip_nd6_init)
obj_cooja/mtype552.a(sicslowpan.o)
                              obj_cooja/mtype552.a(contiki-main.o) (sicslowpan_driver)
obj_cooja/mtype552.a(uiplib.o)
[...]
Memory Configuration

Name             Origin             Length             Attributes
*default*        0x0000000000000000 0xffffffffffffffff

Linker script and memory map

LOAD /usr/lib/gcc/i686-linux-gnu/5/../../../i386-linux-gnu/crti.o
LOAD /usr/lib/gcc/i686-linux-gnu/5/crtbeginS.o
LOAD contact_tracing_node.o
LOAD obj_cooja/mtype552.o
LOAD obj_cooja/mtype552.a
LOAD /usr/lib/gcc/i686-linux-gnu/5/libgcc.a
LOAD /usr/lib/gcc/i686-linux-gnu/5/libgcc_s.so
LOAD /usr/lib/gcc/i686-linux-gnu/5/../../../i386-linux-gnu/libc.so
START GROUP
LOAD /lib/i386-linux-gnu/libc.so.6
LOAD /usr/lib/i386-linux-gnu/libc_nonshared.a
LOAD /lib/i386-linux-gnu/ld-linux.so.2
END GROUP
LOAD /usr/lib/gcc/i686-linux-gnu/5/libgcc.a
LOAD /usr/lib/gcc/i686-linux-gnu/5/libgcc_s.so
LOAD /usr/lib/gcc/i686-linux-gnu/5/crtendS.o
LOAD /usr/lib/gcc/i686-linux-gnu/5/../../../i386-linux-gnu/crtn.o
                0x0000000000000114                . = (0x0 + SIZEOF_HEADERS)

.note.gnu.build-id
                0x0000000000000114       0x24
 *(.note.gnu.build-id)
 .note.gnu.build-id
                0x0000000000000114       0x24 /usr/lib/gcc/i686-linux-gnu/5/../../../i386-linux-gnu/crti.o

.hash
 *(.hash)

.gnu.hash       0x0000000000000138     0x13ac
 *(.gnu.hash)
 .gnu.hash      0x0000000000000138     0x13ac /usr/lib/gcc/i686-linux-gnu/5/../../../i386-linux-gnu/crti.o

.dynsym         0x00000000000014e4     0x2730
 *(.dynsym)
 .dynsym        0x00000000000014e4     0x2730 /usr/lib/gcc/i686-linux-gnu/5/../../../i386-linux-gnu/crti.o

.dynstr         0x0000000000003c14     0x2ab4
 *(.dynstr)
 .dynstr        0x0000000000003c14     0x2ab4 /usr/lib/gcc/i686-linux-gnu/5/../../../i386-linux-gnu/crti.o

.gnu.version    0x00000000000066c8      0x4e6
 *(.gnu.version)
 .gnu.version   0x00000000000066c8      0x4e6 /usr/lib/gcc/i686-linux-gnu/5/../../../i386-linux-gnu/crti.o

.gnu.version_d  0x0000000000006bb0        0x0
 *(.gnu.version_d)
 .gnu.version_d
                0x0000000000006bb0        0x0 /usr/lib/gcc/i686-linux-gnu/5/../../../i386-linux-gnu/crti.o

.gnu.version_r  0x0000000000006bb0       0x40
 *(.gnu.version_r)
 .gnu.version_r
                0x0000000000006bb0       0x40 /usr/lib/gcc/i686-linux-gnu/5/../../../i386-linux-gnu/crti.o

.rel.dyn        0x0000000000006bf0     0x9be0
 *(.rel.init)
 .rel.init      0x0000000000006bf0        0x0 /usr/lib/gcc/i686-linux-gnu/5/../../../i386-linux-gnu/crti.o
 *(.rel.text .rel.text.* .rel.gnu.linkonce.t.*)
 .rel.text      0x0000000000006bf0     0x92b0 /usr/lib/gcc/i686-linux-gnu/5/../../../i386-linux-gnu/crti.o
 *(.rel.fini)
 .rel.fini      0x000000000000fea0        0x0 /usr/lib/gcc/i686-linux-gnu/5/../../../i386-linux-gnu/crti.o
 *(.rel.rodata .rel.rodata.* .rel.gnu.linkonce.r.*)
 .rel.rodata    0x000000000000fea0      0x5a8 /usr/lib/gcc/i686-linux-gnu/5/../../../i386-linux-gnu/crti.o
 *(.rel.data.rel.ro .rel.data.rel.ro.* .rel.gnu.linkonce.d.rel.ro.*)
 *(.rel.data .rel.data.* .rel.gnu.linkonce.d.*)
 .rel.data.rel.local
                0x0000000000010448        0x8 /usr/lib/gcc/i686-linux-gnu/5/../../../i386-linux-gnu/crti.o
 .rel.data      0x0000000000010450      0x348 /usr/lib/gcc/i686-linux-gnu/5/../../../i386-linux-gnu/crti.o
 *(.rel.tdata .rel.tdata.* .rel.gnu.linkonce.td.*)
 *(.rel.tbss .rel.tbss.* .rel.gnu.linkonce.tb.*)
 *(.rel.ctors)
 *(.rel.dtors)
 *(.rel.got)
 .rel.got       0x0000000000010798       0x28 /usr/lib/gcc/i686-linux-gnu/5/../../../i386-linux-gnu/crti.o
 *(.rel.bss .rel.bss.* .rel.gnu.linkonce.b.*)
 *(.rel.ifunc)
 .rel.ifunc     0x00000000000107c0        0x0 /usr/lib/gcc/i686-linux-gnu/5/../../../i386-linux-gnu/crti.o
 .rel.fini_array
                0x00000000000107c0        0x8 /usr/lib/gcc/i686-linux-gnu/5/../../../i386-linux-gnu/crti.o
 .rel.init_array
                0x00000000000107c8        0x8 /usr/lib/gcc/i686-linux-gnu/5/../../../i386-linux-gnu/crti.o

.rel.plt        0x00000000000107d0        0x0
 *(.rel.plt)
 .rel.plt       0x00000000000107d0        0x0 /usr/lib/gcc/i686-linux-gnu/5/../../../i386-linux-gnu/crti.o
 *(.rel.iplt)

.init           0x00000000000107d0       0x23
 *(SORT(.init))
 .init          0x00000000000107d0       0x1e /usr/lib/gcc/i686-linux-gnu/5/../../../i386-linux-gnu/crti.o
                0x00000000000107d0                _init
 .init          0x00000000000107ee        0x5 /usr/lib/gcc/i686-linux-gnu/5/../../../i386-linux-gnu/crtn.o

.plt            0x0000000000010800       0x10
 *(.plt)
 .plt           0x0000000000010800       0x10 /usr/lib/gcc/i686-linux-gnu/5/../../../i386-linux-gnu/crti.o
 *(.iplt)

.plt.got        0x0000000000010810       0x10
 *(.plt.got)
 .plt.got       0x0000000000010810       0x10 /usr/lib/gcc/i686-linux-gnu/5/../../../i386-linux-gnu/crti.o

.text           0x0000000000010820    0x18f1e
 *(.text.unlikely .text.*_unlikely .text.unlikely.*)
 .text.unlikely
                0x0000000000010820        0x0 /usr/lib/gcc/i686-linux-gnu/5/crtbeginS.o
 *(.text.exit .text.exit.*)
 *(.text.startup .text.startup.*)
 *(.text.hot .text.hot.*)
 *(.text .stub .text.* .gnu.linkonce.t.*)
 .text          0x0000000000010820        0x0 /usr/lib/gcc/i686-linux-gnu/5/../../../i386-linux-gnu/crti.o
 .gnu.linkonce.t.__x86.get_pc_thunk.bx
                0x0000000000010820        0x4 /usr/lib/gcc/i686-linux-gnu/5/../../../i386-linux-gnu/crti.o
                0x0000000000010820                __x86.get_pc_thunk.bx
 *fill*         0x0000000000010824        0xc 
 .text          0x0000000000010830      0x11c /usr/lib/gcc/i686-linux-gnu/5/crtbeginS.o
 .text.__x86.get_pc_thunk.dx
                0x000000000001094c        0x4 /usr/lib/gcc/i686-linux-gnu/5/crtbeginS.o
                0x000000000001094c                __x86.get_pc_thunk.dx
 .text          0x0000000000010950      0x7f2 contact_tracing_node.o
                0x0000000000010c3b                build_topics
 .text          0x0000000000011142      0x271 obj_cooja/mtype552.o
                0x00000000000111d4                platform_init_stage_one
                0x00000000000111da                platform_init_stage_two
                0x00000000000111e8                platform_init_stage_three
                0x00000000000111fb                platform_main_loop
                0x000000000001126e                Java_org_contikios_cooja_corecomm_Lib8_init
                0x00000000000112a5                Java_org_contikios_cooja_corecomm_Lib8_getMemory
                0x00000000000112d8                Java_org_contikios_cooja_corecomm_Lib8_setMemory
                0x0000000000011338                Java_org_contikios_cooja_corecomm_Lib8_tick
                0x00000000000113a0                Java_org_contikios_cooja_corecomm_Lib8_setReferenceAddress
 .text          0x00000000000113b3       0x65 obj_cooja/mtype552.a(simEnvChange.o)
                0x00000000000113b3                doActionsBeforeTick
                0x00000000000113e5                doActionsAfterTick
 .text          0x0000000000011418       0x83 obj_cooja/mtype552.a(cooja_mt.o)
                0x0000000000011418                cooja_mt_start
                0x0000000000011442                cooja_mt_exec
                0x0000000000011478                cooja_mt_yield
 .text          0x000000000001149b       0xbe obj_cooja/mtype552.a(cooja_mtarch.o)
                0x000000000001149b                cooja_mtarch_start
                0x000000000001150e                cooja_sw
                0x0000000000011531                cooja_mtarch_exec
                0x000000000001154e                cooja_mtarch_yield
 .text          0x0000000000011559       0xc5 obj_cooja/mtype552.a(rtimer-arch.o)
                0x0000000000011559                rtimer_arch_init
                0x000000000001157d                rtimer_arch_schedule
                0x00000000000115ad                rtimer_arch_next
                0x00000000000115bd                rtimer_arch_pending
                0x00000000000115c7                rtimer_arch_check
                0x000000000001160e                rtimer_arch_now
 .text          0x000000000001161e       0x81 obj_cooja/mtype552.a(beep.o)
                0x000000000001161e                beep_alarm
                0x000000000001162b                beep_beep
                0x0000000000011638                beep
                0x0000000000011645                beep_down
                0x0000000000011652                beep_on
                0x000000000001165f                beep_off
                0x000000000001166c                beep_spinup
                0x0000000000011679                beep_quick
                0x0000000000011686                beep_long
 .text          0x000000000001169f      0x10d obj_cooja/mtype552.a(button-sensor.o)
 .text          0x00000000000117ac       0x49 obj_cooja/mtype552.a(leds-arch.o)
                0x00000000000117ac                leds_arch_init
                0x00000000000117b9                leds_arch_get
                0x00000000000117c5                leds_arch_set
 .text          0x00000000000117f5       0x35 obj_cooja/mtype552.a(moteid.o)
 .text          0x000000000001182a       0xb7 obj_cooja/mtype552.a(pir-sensor.o)
 .text          0x00000000000118e1      0x148 obj_cooja/mtype552.a(rs232.o)
                0x00000000000118e1                rs232_init
                0x00000000000118e7                rs232_set_speed
                0x00000000000118f6                rs232_set_input
                0x0000000000011904                rs232_send
                0x0000000000011928                rs232_print
                0x0000000000011944                slip_arch_writeb
 .text          0x0000000000011a29       0xb7 obj_cooja/mtype552.a(vib-sensor.o)
 .text          0x0000000000011ae0       0x38 obj_cooja/mtype552.a(clock.o)
                0x0000000000011ae0                clock_init
                0x0000000000011ae6                clock_time
                0x0000000000011af0                clock_seconds
                0x0000000000011b06                clock_delay
 .text          0x0000000000011b18      0x219 obj_cooja/mtype552.a(cooja-log.o)
                0x0000000000011b18                simlog_char
                0x0000000000011b5b                simlog
                0x0000000000011bd1                log_message
                0x0000000000011c02                log_set_putchar_with_slip
                0x0000000000011c10                log_putchar
                0x0000000000011c8b                log_puts
                0x0000000000011cb3                log_printf
 .text          0x0000000000011d31      0x2b9 obj_cooja/mtype552.a(cfs-cooja.o)
                0x0000000000011d31                cfs_open
                0x0000000000011d9a                cfs_close
                0x0000000000011da7                cfs_read
                0x0000000000011e3c                cfs_write
                0x0000000000011f18                cfs_seek
                0x0000000000011fa0                cfs_remove
                0x0000000000011fc4                cfs_opendir
                0x0000000000011fce                cfs_readdir
                0x0000000000011fd8                cfs_closedir
 .text          0x0000000000011fea      0x605 obj_cooja/mtype552.a(cooja-radio.o)
                0x000000000001202c                radio_set_channel
                0x000000000001203a                radio_set_txpower
                0x0000000000012052                radio_signal_strength_last
                0x000000000001205c                radio_signal_strength_current
                0x0000000000012066                radio_LQI
 .text          0x00000000000125ef       0xee obj_cooja/mtype552.a(eeprom.o)
                0x00000000000125ef                eeprom_init
                0x00000000000125f5                eeprom_read
                0x0000000000012663                eeprom_write
 .text          0x00000000000126dd       0x2d obj_cooja/mtype552.a(random.o)
                0x00000000000126dd                random_init
                0x00000000000126fd                random_rand
 .text          0x000000000001270a      0x29c obj_cooja/mtype552.a(sensors.o)
                0x0000000000012745                sensors_first
                0x000000000001274f                sensors_next
                0x0000000000012769                sensors_changed
                0x000000000001279d                sensors_find
 .text          0x00000000000129a6     0x3779 obj_cooja/mtype552.a(mqtt.o)
                0x0000000000015b49                mqtt_init
                0x0000000000015c07                mqtt_register
                0x0000000000015ca4                mqtt_connect
                0x0000000000015db6                mqtt_disconnect
                0x0000000000015df4                mqtt_subscribe
                0x0000000000015eb1                mqtt_unsubscribe
                0x0000000000015f5f                mqtt_publish
                0x0000000000016040                mqtt_set_username_password
                0x00000000000160cb                mqtt_set_last_will
 .text          0x000000000001611f      0x328 obj_cooja/mtype552.a(contiki-main.o)
                0x000000000001611f                main
 .text          0x0000000000016447       0x92 obj_cooja/mtype552.a(autostart.o)
                0x0000000000016447                autostart_start
                0x0000000000016491                autostart_exit
 .text          0x00000000000164d9       0x1b obj_cooja/mtype552.a(energest.o)
                0x00000000000164d9                energest_init
                0x00000000000164df                energest_flush
                0x00000000000164e5                energest_get_total_time
 .text          0x00000000000164f4      0x43f obj_cooja/mtype552.a(etimer.o)
                0x0000000000016718                etimer_request_poll
                0x00000000000167a1                etimer_set
                0x00000000000167ca                etimer_reset_with_new_interval
                0x00000000000167f9                etimer_reset
                0x000000000001681f                etimer_restart
                0x0000000000016845                etimer_adjust
                0x0000000000016862                etimer_expired
                0x0000000000016875                etimer_expiration_time
                0x0000000000016887                etimer_start_time
                0x0000000000016891                etimer_pending
                0x00000000000168a3                etimer_next_expiration_time
                0x00000000000168bd                etimer_stop
 .text          0x0000000000016933      0x394 obj_cooja/mtype552.a(log.o)
                0x0000000000016933                log_6addr
                0x0000000000016986                log_6addr_compact_snprint
                0x0000000000016a24                log_6addr_compact
                0x0000000000016a77                log_lladdr
                0x0000000000016ae9                log_lladdr_compact
                0x0000000000016b51                log_set_level
                0x0000000000016c0c                log_get_level
                0x0000000000016c85                log_level_to_str
 .text          0x0000000000016cc7      0x355 obj_cooja/mtype552.a(ctimer.o)
                0x0000000000016def                ctimer_init
                0x0000000000016e22                ctimer_set
                0x0000000000016e48                ctimer_set_with_process
                0x0000000000016ec5                ctimer_reset
                0x0000000000016f19                ctimer_restart
                0x0000000000016f6d                ctimer_stop
                0x0000000000016fbd                ctimer_expired
 .text          0x000000000001701c      0x4fb obj_cooja/mtype552.a(process.o)
                0x000000000001701c                process_alloc_event
                0x0000000000017031                process_start
                0x000000000001720b                process_exit
                0x0000000000017228                process_init
                0x00000000000173bd                process_run
                0x00000000000173f0                process_nevents
                0x000000000001740b                process_post
                0x000000000001749e                process_post_synch
                0x00000000000174d3                process_poll
                0x0000000000017503                process_is_running
 .text          0x0000000000017517       0xeb obj_cooja/mtype552.a(rtimer.o)
                0x0000000000017517                rtimer_init
                0x0000000000017525                rtimer_set
                0x00000000000175a0                rtimer_run_next
 .text          0x0000000000017602       0x25 obj_cooja/mtype552.a(node-id.o)
                0x0000000000017602                node_id_init
 .text          0x0000000000017627       0x9c obj_cooja/mtype552.a(timer.o)
                0x0000000000017627                timer_set
                0x0000000000017645                timer_reset
                0x000000000001765d                timer_restart
                0x0000000000017672                timer_expired
                0x000000000001769f                timer_remaining
 .text          0x00000000000176c3      0x1eb obj_cooja/mtype552.a(serial-line.o)
                0x00000000000176c3                serial_line_input_byte
                0x0000000000017879                serial_line_init
 .text          0x00000000000178ae      0x156 obj_cooja/mtype552.a(ringbuf.o)
                0x00000000000178ae                ringbuf_init
                0x00000000000178e0                ringbuf_put
                0x000000000001795e                ringbuf_get
                0x00000000000179cb                ringbuf_size
                0x00000000000179dd                ringbuf_elements
 .text          0x0000000000017a04      0x28f obj_cooja/mtype552.a(list.o)
                0x0000000000017a04                list_init
                0x0000000000017a13                list_head
                0x0000000000017a1d                list_copy
                0x0000000000017a2d                list_tail
                0x0000000000017a63                list_add
                0x0000000000017aaf                list_push
                0x0000000000017adb                list_chop
                0x0000000000017b45                list_pop
                0x0000000000017b6d                list_remove
                0x0000000000017bd5                list_length
                0x0000000000017c03                list_insert
                0x0000000000017c48                list_item_next
                0x0000000000017c5f                list_contains
 .text          0x0000000000017c93      0x78b obj_cooja/mtype552.a(nbr-table.o)
                0x000000000001810c                nbr_table_register
                0x0000000000018179                nbr_table_is_registered
                0x00000000000181b4                nbr_table_head
                0x000000000001820f                nbr_table_next
                0x0000000000018270                nbr_table_add_lladdr
                0x000000000001833a                nbr_table_get_from_lladdr
                0x0000000000018386                nbr_table_remove
                0x00000000000183be                nbr_table_lock
                0x00000000000183d8                nbr_table_unlock
                0x00000000000183f2                nbr_table_get_lladdr
 .text          0x000000000001841e      0x407 obj_cooja/mtype552.a(packetbuf.o)
                0x000000000001841e                packetbuf_clear
                0x0000000000018449                packetbuf_copyfrom
                0x0000000000018498                packetbuf_copyto
                0x000000000001852b                packetbuf_hdralloc
                0x00000000000185a7                packetbuf_hdrreduce
                0x00000000000185ed                packetbuf_set_datalen
                0x0000000000018607                packetbuf_dataptr
                0x0000000000018624                packetbuf_hdrptr
                0x000000000001862e                packetbuf_datalen
                0x000000000001863a                packetbuf_hdrlen
                0x0000000000018651                packetbuf_totlen
                0x0000000000018667                packetbuf_remaininglen
                0x000000000001867a                packetbuf_attr_clear
                0x00000000000186c6                packetbuf_attr_copyto
                0x000000000001871e                packetbuf_attr_copyfrom
                0x0000000000018776                packetbuf_set_attr
                0x00000000000187a0                packetbuf_attr
                0x00000000000187ba                packetbuf_set_addr
                0x00000000000187eb                packetbuf_addr
                0x0000000000018808                packetbuf_holds_broadcast
 .text          0x0000000000018825       0xef obj_cooja/mtype552.a(netstack.o)
                0x0000000000018825                netstack_process_ip_callback
                0x00000000000188b6                netstack_ip_packet_processor_add
                0x00000000000188d9                uip_ds6_ip_packet_processor_rm
                0x00000000000188f6                netstack_init
 .text          0x0000000000018914       0x4f obj_cooja/mtype552.a(linkaddr.o)
                0x0000000000018914                linkaddr_copy
                0x000000000001892a                linkaddr_cmp
                0x000000000001894d                linkaddr_set_node_addr
 .text          0x0000000000018963      0x165 obj_cooja/mtype552.a(csma.o)
 .text          0x0000000000018ac8      0x944 obj_cooja/mtype552.a(csma-output.o)
                0x0000000000019141                csma_output_packet
                0x00000000000193ce                csma_output_init
 .text          0x000000000001940c      0xb25 obj_cooja/mtype552.a(uip-ds6.o)
                0x000000000001940c                uip_ds6_init
                0x00000000000195b7                uip_ds6_periodic
                0x000000000001963e                uip_ds6_list_loop
                0x00000000000196fe                uip_ds6_prefix_add
                0x00000000000197aa                uip_ds6_prefix_rm
                0x00000000000197bd                uip_ds6_prefix_lookup
                0x00000000000197fc                uip_ds6_is_addr_onlink
                0x000000000001986f                uip_ds6_addr_add
                0x000000000001998f                uip_ds6_addr_rm
                0x0000000000019a38                uip_ds6_addr_lookup
                0x0000000000019a71                uip_ds6_get_link_local
                0x0000000000019af2                uip_ds6_get_global
                0x0000000000019b73                uip_ds6_maddr_add
                0x0000000000019bd3                uip_ds6_maddr_rm
                0x0000000000019be6                uip_ds6_maddr_lookup
                0x0000000000019c1f                uip_ds6_aaddr_add
                0x0000000000019c7f                uip_ds6_aaddr_rm
                0x0000000000019c92                uip_ds6_aaddr_lookup
                0x0000000000019ccb                uip_ds6_select_src
                0x0000000000019e14                uip_ds6_set_addr_iid
                0x0000000000019e3f                uip_ds6_set_lladdr_from_iid
                0x0000000000019e68                get_match_length
                0x0000000000019ef9                uip_ds6_compute_reachable_time
 .text          0x0000000000019f31      0x9d5 obj_cooja/mtype552.a(tcp-socket.o)
                0x000000000001a57c                tcp_socket_register
                0x000000000001a60d                tcp_socket_connect
                0x000000000001a6a4                tcp_socket_listen
                0x000000000001a71b                tcp_socket_unlisten
                0x000000000001a78f                tcp_socket_send
                0x000000000001a82f                tcp_socket_send_str
                0x000000000001a857                tcp_socket_close
                0x000000000001a880                tcp_socket_unregister
                0x000000000001a8da                tcp_socket_max_sendlen
                0x000000000001a8f7                tcp_socket_queuelen
 .text          0x000000000001a906      0xa72 obj_cooja/mtype552.a(tcpip.o)
                0x000000000001a920                tcpip_output
                0x000000000001aa04                tcp_connect
                0x000000000001aa5c                tcp_unlisten
                0x000000000001aabc                tcp_listen
                0x000000000001ab1a                tcp_attach
                0x000000000001ab32                udp_attach
                0x000000000001ab4a                udp_new
                0x000000000001ab94                udp_broadcast_new
                0x000000000001ae19                tcpip_input
                0x000000000001afb9                tcpip_ipv6_output
                0x000000000001b1cd                tcpip_poll_udp
                0x000000000001b1eb                tcpip_poll_tcp
                0x000000000001b209                tcpip_uipcall
 .text          0x000000000001b378      0x35b obj_cooja/mtype552.a(uip-ds6-route.o)
                0x000000000001b3c9                uip_ds6_route_init
                0x000000000001b3f3                uip_ds6_route_nexthop
                0x000000000001b3fd                uip_ds6_route_head
                0x000000000001b407                uip_ds6_route_next
                0x000000000001b411                uip_ds6_route_is_nexthop
                0x000000000001b41b                uip_ds6_route_num_routes
                0x000000000001b425                uip_ds6_route_lookup
                0x000000000001b42f                uip_ds6_route_add
                0x000000000001b442                uip_ds6_route_rm
                0x000000000001b448                uip_ds6_route_rm_by_nexthop
                0x000000000001b44e                uip_ds6_defrt_head
                0x000000000001b467                uip_ds6_defrt_add
                0x000000000001b515                uip_ds6_defrt_rm
                0x000000000001b57b                uip_ds6_defrt_lookup
                0x000000000001b5e2                uip_ds6_defrt_choose
                0x000000000001b658                uip_ds6_defrt_periodic
 .text          0x000000000001b6d3     0x2802 obj_cooja/mtype552.a(uip6.o)
                0x000000000001b6d3                uip_add32
                0x000000000001b86d                uip_chksum
                0x000000000001b94e                uip_icmp6chksum
                0x000000000001b963                uip_tcpchksum
                0x000000000001b978                uip_udpchksum
                0x000000000001b98d                uip_init
                0x000000000001ba18                uip_connect
                0x000000000001bba1                remove_ext_hdr
                0x000000000001bc86                uip_udp_new
                0x000000000001bda8                uip_unlisten
                0x000000000001bdea                uip_listen
                0x000000000001c08b                uip_process
                0x000000000001ddd0                uip_htons
                0x000000000001ddf2                uip_htonl
                0x000000000001de30                uip_send
 .text          0x000000000001ded5      0x374 obj_cooja/mtype552.a(uip-ds6-nbr.o)
                0x000000000001ded5                uip_ds6_neighbors_init
                0x000000000001def9                uip_ds6_nbr_add
                0x000000000001df7f                uip_ds6_nbr_rm
                0x000000000001dfca                uip_ds6_nbr_update_ll
                0x000000000001e0b8                uip_ds6_nbr_get_ipaddr
                0x000000000001e0cd                uip_ds6_nbr_get_ll
                0x000000000001e0e9                uip_ds6_nbr_num
                0x000000000001e132                uip_ds6_nbr_head
                0x000000000001e14b                uip_ds6_nbr_next
                0x000000000001e167                uip_ds6_nbr_lookup
                0x000000000001e1ca                uip_ds6_nbr_ll_lookup
                0x000000000001e1e6                uip_ds6_nbr_ipaddr_from_lladdr
                0x000000000001e20f                uip_ds6_nbr_lladdr_from_ipaddr
                0x000000000001e243                uip_ds6_link_callback
 .text          0x000000000001e249      0x6b5 obj_cooja/mtype552.a(uip-nd6.o)
                0x000000000001e8e5                uip_nd6_init
 .text          0x000000000001e8fe     0x2a78 obj_cooja/mtype552.a(sicslowpan.o)
                0x000000000001edfc                netstack_sniffer_add
                0x000000000001ee0a                netstack_sniffer_remove
                0x0000000000021342                sicslowpan_init
                0x000000000002136c                sicslowpan_get_last_rssi
 .text          0x0000000000021376      0x4d1 obj_cooja/mtype552.a(uiplib.o)
                0x0000000000021376                uiplib_ip6addrconv
                0x000000000002152e                uiplib_ip4addrconv
                0x00000000000215f1                uiplib_ipaddr_print
                0x0000000000021644                uiplib_ipaddr_snprint
 .text          0x0000000000021847      0x1c8 obj_cooja/mtype552.a(rpl-nbr-policy.)
                0x00000000000219cc                rpl_nbr_policy_find_removable
 .text          0x0000000000021a0f      0x908 obj_cooja/mtype552.a(rpl-neighbor.o)
                0x0000000000021a8b                rpl_neighbor_snprint
                0x0000000000021d38                rpl_neighbor_print_list
                0x0000000000021e08                rpl_neighbor_count
                0x0000000000021eaf                rpl_neighbor_get_from_lladdr
                0x0000000000021ecb                rpl_neighbor_is_acceptable_parent
                0x0000000000021eff                rpl_neighbor_get_link_metric
                0x0000000000021f33                rpl_neighbor_rank_via_nbr
                0x0000000000021f67                rpl_neighbor_get_lladdr
                0x0000000000021f83                rpl_neighbor_get_ipaddr
                0x0000000000021faa                rpl_neighbor_get_link_stats
                0x0000000000021fd1                rpl_neighbor_is_fresh
                0x0000000000021ff8                rpl_neighbor_is_reachable
                0x0000000000022043                rpl_neighbor_is_parent
                0x000000000002206d                rpl_neighbor_set_preferred_parent
                0x00000000000220f9                rpl_neighbor_remove_all
                0x0000000000022148                rpl_neighbor_get_from_ipaddr
                0x000000000002224c                rpl_neighbor_select_best
                0x00000000000222f8                rpl_neighbor_init
 .text          0x0000000000022317      0xa19 obj_cooja/mtype552.a(rpl-timers.o)
                0x0000000000022317                rpl_timers_schedule_periodic_dis
                0x0000000000022465                rpl_timers_dio_reset
                0x0000000000022556                rpl_timers_schedule_unicast_dio
                0x00000000000226dc                rpl_timers_schedule_dao
                0x0000000000022816                rpl_timers_schedule_dao_ack
                0x000000000002289c                get_probing_delay
                0x00000000000228d0                get_probing_target
                0x0000000000022aba                rpl_schedule_probing
                0x0000000000022ae8                rpl_schedule_probing_now
                0x0000000000022b52                rpl_timers_unschedule_leaving
                0x0000000000022b8a                rpl_timers_schedule_leaving
                0x0000000000022bcb                rpl_timers_init
                0x0000000000022c5b                rpl_timers_stop_dag_timers
                0x0000000000022cd4                rpl_timers_unschedule_state_update
                0x0000000000022cf8                rpl_timers_schedule_state_update
 .text          0x0000000000022d30      0x4c9 obj_cooja/mtype552.a(rpl.o)
                0x0000000000022d30                rpl_lollipop_greater_than
                0x0000000000022d8a                rpl_get_global_address
                0x0000000000022e82                rpl_link_callback
                0x0000000000022ec6                rpl_has_joined
                0x0000000000022eeb                rpl_is_reachable
                0x0000000000022f6c                rpl_reset_prefix
                0x0000000000022fd6                rpl_set_prefix_from_addr
                0x00000000000230bb                rpl_set_prefix
                0x00000000000231d5                rpl_set_leaf_only
                0x00000000000231ed                rpl_get_leaf_only
 .text          0x00000000000231f9     0x13cb obj_cooja/mtype552.a(rpl-icmp6.o)
                0x000000000002331e                rpl_icmp6_update_nbr_table
                0x00000000000233b7                rpl_icmp6_dis_output
                0x0000000000023a0d                rpl_icmp6_dio_output
                0x000000000002421a                rpl_icmp6_dao_output
                0x000000000002450b                rpl_icmp6_dao_ack_output
                0x000000000002457b                rpl_icmp6_init
 .text          0x00000000000245c4      0xe51 obj_cooja/mtype552.a(rpl-dag.o)
                0x00000000000245c4                rpl_dag_state_to_str
                0x0000000000024603                rpl_dag_get_root_ipaddr
                0x000000000002464b                rpl_dag_leave
                0x00000000000246d4                rpl_dag_poison_and_leave
                0x00000000000246ec                rpl_dag_periodic
                0x0000000000024774                rpl_is_addr_in_our_dag
                0x00000000000247b8                rpl_get_default_instance
                0x00000000000247d4                rpl_get_any_dag
                0x000000000002482d                rpl_refresh_routes
                0x000000000002486d                rpl_global_repair
                0x00000000000248f9                rpl_local_repair
                0x0000000000024943                rpl_dag_ready_to_advertise
                0x0000000000024986                rpl_dag_update_state
                0x00000000000250aa                rpl_process_dio
                0x000000000002512b                rpl_process_dis
                0x0000000000025170                rpl_process_dao
                0x00000000000251ff                rpl_process_dao_ack
                0x0000000000025291                rpl_process_hbh
                0x00000000000252e1                rpl_dag_init_root
                0x00000000000253f5                rpl_dag_init
 .text          0x0000000000025415      0x286 obj_cooja/mtype552.a(rpl-dag-root.o)
                0x0000000000025415                rpl_dag_root_print_links
                0x0000000000025563                rpl_dag_root_set_prefix
                0x000000000002558f                rpl_dag_root_start
                0x000000000002566c                rpl_dag_root_is_root
 .text          0x000000000002569b       0x1e obj_cooja/mtype552.a(watchdog.o)
                0x000000000002569b                watchdog_init
                0x00000000000256a1                watchdog_start
                0x00000000000256a7                watchdog_periodic
                0x00000000000256ad                watchdog_stop
                0x00000000000256b3                watchdog_reboot
 .text          0x00000000000256b9       0xb2 obj_cooja/mtype552.a(stimer.o)
                0x00000000000256b9                stimer_set
                0x00000000000256d7                stimer_reset
                0x00000000000256ef                stimer_restart
                0x0000000000025704                stimer_expired
                0x000000000002572f                stimer_remaining
                0x0000000000025753                stimer_elapsed
 .text          0x000000000002576b      0x1b8 obj_cooja/mtype552.a(memb.o)
                0x000000000002576b                memb_init
                0x00000000000257c0                memb_alloc
                0x0000000000025825                memb_free
                0x00000000000258a0                memb_inmemb
                0x00000000000258df                memb_numfree
 .text          0x0000000000025923      0x2e7 obj_cooja/mtype552.a(queuebuf.o)
                0x000000000002592d                queuebuf_init
                0x0000000000025956                queuebuf_numfree
                0x000000000002596e                queuebuf_new_from_packetbuf
                0x0000000000025a0d                queuebuf_update_attr_from_packetbuf
                0x0000000000025a42                queuebuf_update_from_packetbuf
                0x0000000000025a92                queuebuf_free
                0x0000000000025adb                queuebuf_to_packetbuf
                0x0000000000025b47                queuebuf_dataptr
                0x0000000000025b81                queuebuf_datalen
                0x0000000000025ba4                queuebuf_addr
                0x0000000000025bd9                queuebuf_attr
                0x0000000000025c04                queuebuf_debug_print
 .text          0x0000000000025c0a      0x37c obj_cooja/mtype552.a(link-stats.o)
                0x0000000000025c0a                link_stats_from_lladdr
                0x0000000000025c26                link_stats_is_fresh
                0x0000000000025c62                guess_etx_from_rssi
                0x0000000000025cde                link_stats_packet_sent
                0x0000000000025df1                link_stats_input_callback
                0x0000000000025f01                link_stats_reset
                0x0000000000025f51                link_stats_init
 .text          0x0000000000025f86      0x187 obj_cooja/mtype552.a(mac-sequence.o)
                0x0000000000025f86                mac_sequence_is_duplicate
                0x0000000000026026                mac_sequence_register_seqno
 .text          0x000000000002610d       0x23 obj_cooja/mtype552.a(mac.o)
                0x000000000002610d                mac_call_sent_callback
 .text          0x0000000000026130      0x41d obj_cooja/mtype552.a(framer-802154.o)
                0x00000000000262bf                framer_802154_setup_params
 .text          0x000000000002654d      0xb6f obj_cooja/mtype552.a(frame802154.o)
                0x000000000002657e                frame802154_get_pan_id
                0x000000000002658a                frame802154_set_pan_id
                0x00000000000265a4                frame802154_has_panid
                0x0000000000026753                frame802154_check_dest_panid
                0x00000000000267db                frame802154_is_broadcast_addr
                0x0000000000026828                frame802154_extract_linkaddr
                0x0000000000026a8d                frame802154_hdrlen
                0x0000000000026b00                frame802154_create_fcf
                0x0000000000026bb8                frame802154_create
                0x0000000000026d2d                frame802154_parse_fcf
                0x0000000000026e0f                frame802154_parse
 .text          0x00000000000270bc      0x1ec obj_cooja/mtype552.a(uipbuf.o)
                0x00000000000270bc                uipbuf_get_next_header
                0x000000000002712b                uipbuf_get_last_header
                0x00000000000271b2                uipbuf_get_attr
                0x00000000000271d9                uipbuf_set_attr
                0x0000000000027210                uipbuf_clear_attr
                0x000000000002723c                uipbuf_set_attr_flag
                0x000000000002725d                uipbuf_clr_attr_flag
                0x0000000000027284                uipbuf_is_attr_flag
 .text          0x00000000000272a8      0x96e obj_cooja/mtype552.a(uip-icmp6.o)
                0x000000000002731d                uip_icmp6_input
                0x0000000000027374                uip_icmp6_register_input_handler
                0x0000000000027580                uip_icmp6_error_output
                0x00000000000278df                uip_icmp6_send
                0x0000000000027b9e                uip_icmp6_echo_reply_callback_add
                0x0000000000027bd0                uip_icmp6_echo_reply_callback_rm
                0x0000000000027bed                uip_icmp6_init
 .text          0x0000000000027c16      0x69b obj_cooja/mtype552.a(uip-sr.o)
                0x0000000000027c16                uip_sr_num_nodes
                0x0000000000027ca4                uip_sr_get_node
                0x0000000000027cfb                uip_sr_is_addr_reachable
                0x0000000000027da9                uip_sr_expire_parent
                0x0000000000027df2                uip_sr_update_node
                0x0000000000027f22                uip_sr_init
                0x0000000000027f56                uip_sr_node_head
                0x0000000000027f6f                uip_sr_node_next
                0x0000000000027f85                uip_sr_periodic
                0x000000000002808b                uip_sr_free_all
                0x00000000000280fb                uip_sr_link_snprint
 .text          0x00000000000282b1      0x146 obj_cooja/mtype552.a(uip-packetqueue)
                0x00000000000282df                uip_packetqueue_new
                0x00000000000282ee                uip_packetqueue_alloc
                0x0000000000028349                uip_packetqueue_free
                0x0000000000028390                uip_packetqueue_buf
                0x00000000000283ad                uip_packetqueue_buflen
                0x00000000000283ce                uip_packetqueue_set_buflen
 .text          0x00000000000283f7     0x102c obj_cooja/mtype552.a(rpl-ext-header.)
                0x00000000000283f7                rpl_ext_header_srh_get_next_hop
                0x0000000000028573                rpl_ext_header_srh_update
                0x0000000000028c6c                rpl_ext_header_hbh_update
                0x00000000000291c1                rpl_ext_header_update
                0x000000000002924a                rpl_ext_header_remove
 .text          0x0000000000029423      0x31b obj_cooja/mtype552.a(rpl-mrhof.o)
 .text          0x000000000002973e        0x0 /usr/lib/gcc/i686-linux-gnu/5/crtendS.o
 .text          0x000000000002973e        0x0 /usr/lib/gcc/i686-linux-gnu/5/../../../i386-linux-gnu/crtn.o
 *(.gnu.warning)

.fini           0x0000000000029740       0x14
 *(SORT(.fini))
 .fini          0x0000000000029740        0xf /usr/lib/gcc/i686-linux-gnu/5/../../../i386-linux-gnu/crti.o
                0x0000000000029740                _fini
 .fini          0x000000000002974f        0x5 /usr/lib/gcc/i686-linux-gnu/5/../../../i386-linux-gnu/crtn.o
                [!provide]                        PROVIDE (__etext, .)
                [!provide]                        PROVIDE (_etext, .)
                [!provide]                        PROVIDE (etext, .)

.rodata         0x0000000000029760      0xa5c
 *(.rodata .rodata.* .gnu.linkonce.r.*)
 .rodata        0x0000000000029760      0x2d0 contact_tracing_node.o
                0x0000000000029a18                autostart_processes
 .rodata        0x0000000000029a30        0x8 obj_cooja/mtype552.a(beep.o)
                0x0000000000029a30                beep_interface
 .rodata        0x0000000000029a38       0x20 obj_cooja/mtype552.a(button-sensor.o)
                0x0000000000029a38                button_interface
                0x0000000000029a48                button_sensor
 .rodata        0x0000000000029a58        0x8 obj_cooja/mtype552.a(leds-arch.o)
                0x0000000000029a58                leds_interface
 .rodata        0x0000000000029a60        0x8 obj_cooja/mtype552.a(moteid.o)
                0x0000000000029a60                moteid_interface
 .rodata        0x0000000000029a68       0x1c obj_cooja/mtype552.a(pir-sensor.o)
                0x0000000000029a68                pir_interface
                0x0000000000029a74                pir_sensor
 .rodata        0x0000000000029a84        0xe obj_cooja/mtype552.a(rs232.o)
                0x0000000000029a84                rs232_interface
 *fill*         0x0000000000029a92        0x2 
 .rodata        0x0000000000029a94       0x24 obj_cooja/mtype552.a(vib-sensor.o)
                0x0000000000029a94                vib_interface
                0x0000000000029aa8                vib_sensor
 .rodata        0x0000000000029ab8        0x8 obj_cooja/mtype552.a(clock.o)
                0x0000000000029ab8                clock_interface
 .rodata        0x0000000000029ac0        0x8 obj_cooja/mtype552.a(cooja-log.o)
                0x0000000000029ac0                simlog_interface
 .rodata        0x0000000000029ac8       0x2f obj_cooja/mtype552.a(cfs-cooja.o)
                0x0000000000029ac8                cfs_interface
 *fill*         0x0000000000029af7        0x9 
 .rodata        0x0000000000029b00       0x58 obj_cooja/mtype552.a(cooja-radio.o)
                0x0000000000029b00                radio_interface
                0x0000000000029b20                cooja_radio_driver
 .rodata        0x0000000000029b58        0x8 obj_cooja/mtype552.a(eeprom.o)
                0x0000000000029b58                eeprom_interface
 .rodata        0x0000000000029b60        0x8 obj_cooja/mtype552.a(sensors.o)
 .rodata        0x0000000000029b68       0x14 obj_cooja/mtype552.a(mqtt.o)
 .rodata        0x0000000000029b7c       0xf8 obj_cooja/mtype552.a(contiki-main.o)
 .rodata        0x0000000000029c74        0xc obj_cooja/mtype552.a(etimer.o)
 .rodata        0x0000000000029c80       0xc0 obj_cooja/mtype552.a(log.o)
 .rodata        0x0000000000029d40        0xf obj_cooja/mtype552.a(ctimer.o)
 .rodata        0x0000000000029d4f        0xe obj_cooja/mtype552.a(serial-line.o)
 *fill*         0x0000000000029d5d        0x3 
 .rodata        0x0000000000029d60        0x8 obj_cooja/mtype552.a(linkaddr.o)
                0x0000000000029d60                linkaddr_null
 .rodata        0x0000000000029d68       0x20 obj_cooja/mtype552.a(csma.o)
                0x0000000000029d70                csma_driver
 .rodata        0x0000000000029d88       0x13 obj_cooja/mtype552.a(tcp-socket.o)
 .rodata        0x0000000000029d9b        0xd obj_cooja/mtype552.a(tcpip.o)
 .rodata        0x0000000000029da8       0x4d obj_cooja/mtype552.a(uip-ds6-route.o)
 *fill*         0x0000000000029df5        0x3 
 .rodata        0x0000000000029df8      0x13c obj_cooja/mtype552.a(uip6.o)
 .rodata        0x0000000000029f34       0x30 obj_cooja/mtype552.a(sicslowpan.o)
                0x0000000000029f34                unc_llconf
                0x0000000000029f38                unc_ctxconf
                0x0000000000029f3c                unc_mxconf
                0x0000000000029f40                llprefix
                0x0000000000029f54                sicslowpan_driver
 .rodata        0x0000000000029f64       0x2d obj_cooja/mtype552.a(uiplib.o)
 *fill*         0x0000000000029f91        0x3 
 .rodata        0x0000000000029f94       0x61 obj_cooja/mtype552.a(rpl-neighbor.o)
 .rodata        0x0000000000029ff5        0xc obj_cooja/mtype552.a(rpl-timers.o)
 *fill*         0x000000000002a001       0x1f 
 .rodata        0x000000000002a020       0x70 obj_cooja/mtype552.a(rpl.o)
                0x000000000002a040                rpl_lite_driver
 .rodata        0x000000000002a090       0xdb obj_cooja/mtype552.a(rpl-dag.o)
 *fill*         0x000000000002a16b        0x1 
 .rodata        0x000000000002a16c        0xc obj_cooja/mtype552.a(framer-802154.o)
                0x000000000002a16c                framer_802154
 .rodata        0x000000000002a178       0x44 obj_cooja/mtype552.a(uip-sr.o)

.rodata1
 *(.rodata1)

.eh_frame_hdr   0x000000000002a1bc     0x15dc
 *(.eh_frame_hdr)
 .eh_frame_hdr  0x000000000002a1bc     0x15dc contact_tracing_node.o
                0x000000000002a1bc                __GNU_EH_FRAME_HDR
 *(.eh_frame_entry .eh_frame_entry.*)

.eh_frame       0x000000000002b798     0x5878
 *(.eh_frame)
 .eh_frame      0x000000000002b798       0x3c /usr/lib/gcc/i686-linux-gnu/5/../../../i386-linux-gnu/crti.o
                                         0x40 (size before relaxing)
 .eh_frame      0x000000000002b7d4       0xa8 contact_tracing_node.o
                                         0xc0 (size before relaxing)
 .eh_frame      0x000000000002b87c      0x178 obj_cooja/mtype552.o
                                        0x190 (size before relaxing)
 .eh_frame      0x000000000002b9f4       0x40 obj_cooja/mtype552.a(simEnvChange.o)
                                         0x58 (size before relaxing)
 .eh_frame      0x000000000002ba34       0x60 obj_cooja/mtype552.a(cooja_mt.o)
                                         0x78 (size before relaxing)
 .eh_frame      0x000000000002ba94       0x80 obj_cooja/mtype552.a(cooja_mtarch.o)
                                         0x98 (size before relaxing)
 .eh_frame      0x000000000002bb14       0xc8 obj_cooja/mtype552.a(rtimer-arch.o)
                                         0xe0 (size before relaxing)
 .eh_frame      0x000000000002bbdc      0x160 obj_cooja/mtype552.a(beep.o)
                                        0x178 (size before relaxing)
 .eh_frame      0x000000000002bd3c       0xa0 obj_cooja/mtype552.a(button-sensor.o)
                                         0xb8 (size before relaxing)
 .eh_frame      0x000000000002bddc       0xa0 obj_cooja/mtype552.a(leds-arch.o)
                                         0xb8 (size before relaxing)
 .eh_frame      0x000000000002be7c       0x40 obj_cooja/mtype552.a(moteid.o)
                                         0x58 (size before relaxing)
 .eh_frame      0x000000000002bebc       0xa0 obj_cooja/mtype552.a(pir-sensor.o)
                                         0xb8 (size before relaxing)
 .eh_frame      0x000000000002bf5c      0x100 obj_cooja/mtype552.a(rs232.o)
                                        0x118 (size before relaxing)
 .eh_frame      0x000000000002c05c       0xa0 obj_cooja/mtype552.a(vib-sensor.o)
                                         0xb8 (size before relaxing)
 .eh_frame      0x000000000002c0fc       0xc0 obj_cooja/mtype552.a(clock.o)
                                         0xd8 (size before relaxing)
 .eh_frame      0x000000000002c1bc      0x120 obj_cooja/mtype552.a(cooja-log.o)
                                        0x138 (size before relaxing)
 .eh_frame      0x000000000002c2dc      0x160 obj_cooja/mtype552.a(cfs-cooja.o)
                                        0x178 (size before relaxing)
 .eh_frame      0x000000000002c43c      0x340 obj_cooja/mtype552.a(cooja-radio.o)
                                        0x358 (size before relaxing)
 .eh_frame      0x000000000002c77c       0xa0 obj_cooja/mtype552.a(eeprom.o)
                                         0xb8 (size before relaxing)
 .eh_frame      0x000000000002c81c       0x40 obj_cooja/mtype552.a(random.o)
                                         0x58 (size before relaxing)
 .eh_frame      0x000000000002c85c       0xc0 obj_cooja/mtype552.a(sensors.o)
                                         0xd8 (size before relaxing)
 .eh_frame      0x000000000002c91c      0x4a4 obj_cooja/mtype552.a(mqtt.o)
                                        0x4bc (size before relaxing)
 .eh_frame      0x000000000002cdc0       0x30 obj_cooja/mtype552.a(contiki-main.o)
                                         0x48 (size before relaxing)
 .eh_frame      0x000000000002cdf0       0x40 obj_cooja/mtype552.a(autostart.o)
                                         0x58 (size before relaxing)
 .eh_frame      0x000000000002ce30       0x60 obj_cooja/mtype552.a(energest.o)
                                         0x78 (size before relaxing)
 .eh_frame      0x000000000002ce90      0x1e0 obj_cooja/mtype552.a(etimer.o)
                                        0x1f8 (size before relaxing)
 .eh_frame      0x000000000002d070      0x100 obj_cooja/mtype552.a(log.o)
                                        0x118 (size before relaxing)
 .eh_frame      0x000000000002d170      0x100 obj_cooja/mtype552.a(ctimer.o)
                                        0x118 (size before relaxing)
 .eh_frame      0x000000000002d270      0x1c4 obj_cooja/mtype552.a(process.o)
                                        0x1dc (size before relaxing)
 .eh_frame      0x000000000002d434       0x60 obj_cooja/mtype552.a(rtimer.o)
                                         0x78 (size before relaxing)
 .eh_frame      0x000000000002d494       0x20 obj_cooja/mtype552.a(node-id.o)
                                         0x38 (size before relaxing)
 .eh_frame      0x000000000002d4b4       0xa4 obj_cooja/mtype552.a(timer.o)
                                         0xbc (size before relaxing)
 .eh_frame      0x000000000002d558       0x60 obj_cooja/mtype552.a(serial-line.o)
                                         0x78 (size before relaxing)
 .eh_frame      0x000000000002d5b8       0xa0 obj_cooja/mtype552.a(ringbuf.o)
                                         0xb8 (size before relaxing)
 .eh_frame      0x000000000002d658      0x1a0 obj_cooja/mtype552.a(list.o)
                                        0x1b8 (size before relaxing)
 .eh_frame      0x000000000002d7f8      0x2ac obj_cooja/mtype552.a(nbr-table.o)
                                        0x2c4 (size before relaxing)
 .eh_frame      0x000000000002daa4      0x28c obj_cooja/mtype552.a(packetbuf.o)
                                        0x2a4 (size before relaxing)
 .eh_frame      0x000000000002dd30       0x80 obj_cooja/mtype552.a(netstack.o)
                                         0x98 (size before relaxing)
 .eh_frame      0x000000000002ddb0       0x60 obj_cooja/mtype552.a(linkaddr.o)
                                         0x78 (size before relaxing)
 .eh_frame      0x000000000002de10       0xa0 obj_cooja/mtype552.a(csma.o)
                                         0xb8 (size before relaxing)
 .eh_frame      0x000000000002deb0      0x1d4 obj_cooja/mtype552.a(csma-output.o)
                                        0x1ec (size before relaxing)
 .eh_frame      0x000000000002e084      0x2e8 obj_cooja/mtype552.a(uip-ds6.o)
                                        0x300 (size before relaxing)
 .eh_frame      0x000000000002e36c      0x248 obj_cooja/mtype552.a(tcp-socket.o)
                                        0x260 (size before relaxing)
 .eh_frame      0x000000000002e5b4      0x308 obj_cooja/mtype552.a(tcpip.o)
                                        0x320 (size before relaxing)
 .eh_frame      0x000000000002e8bc      0x220 obj_cooja/mtype552.a(uip-ds6-route.o)
                                        0x238 (size before relaxing)
 .eh_frame      0x000000000002eadc      0x274 obj_cooja/mtype552.a(uip6.o)
                                        0x28c (size before relaxing)
 .eh_frame      0x000000000002ed50      0x1c0 obj_cooja/mtype552.a(uip-ds6-nbr.o)
                                        0x1d8 (size before relaxing)
 .eh_frame      0x000000000002ef10       0x84 obj_cooja/mtype552.a(uip-nd6.o)
                                         0x9c (size before relaxing)
 .eh_frame      0x000000000002ef94      0x2f8 obj_cooja/mtype552.a(sicslowpan.o)
                                        0x310 (size before relaxing)
 .eh_frame      0x000000000002f28c       0x88 obj_cooja/mtype552.a(uiplib.o)
                                         0xa0 (size before relaxing)
 .eh_frame      0x000000000002f314       0x80 obj_cooja/mtype552.a(rpl-nbr-policy.)
                                         0x98 (size before relaxing)
 .eh_frame      0x000000000002f394      0x2d4 obj_cooja/mtype552.a(rpl-neighbor.o)
                                        0x2ec (size before relaxing)
 .eh_frame      0x000000000002f668      0x368 obj_cooja/mtype552.a(rpl-timers.o)
                                        0x380 (size before relaxing)
 .eh_frame      0x000000000002f9d0      0x1e0 obj_cooja/mtype552.a(rpl.o)
                                        0x1f8 (size before relaxing)
 .eh_frame      0x000000000002fbb0      0x1c4 obj_cooja/mtype552.a(rpl-icmp6.o)
                                        0x1dc (size before relaxing)
 .eh_frame      0x000000000002fd74      0x370 obj_cooja/mtype552.a(rpl-dag.o)
                                        0x388 (size before relaxing)
 .eh_frame      0x00000000000300e4       0xa0 obj_cooja/mtype552.a(rpl-dag-root.o)
                                         0xb8 (size before relaxing)
 .eh_frame      0x0000000000030184       0xa0 obj_cooja/mtype552.a(watchdog.o)
                                         0xb8 (size before relaxing)
 .eh_frame      0x0000000000030224       0xc4 obj_cooja/mtype552.a(stimer.o)
                                         0xdc (size before relaxing)
 .eh_frame      0x00000000000302e8       0xa0 obj_cooja/mtype552.a(memb.o)
                                         0xb8 (size before relaxing)
 .eh_frame      0x0000000000030388      0x1a0 obj_cooja/mtype552.a(queuebuf.o)
                                        0x1b8 (size before relaxing)
 .eh_frame      0x0000000000030528      0x100 obj_cooja/mtype552.a(link-stats.o)
                                        0x118 (size before relaxing)
 .eh_frame      0x0000000000030628       0x48 obj_cooja/mtype552.a(mac-sequence.o)
                                         0x60 (size before relaxing)
 .eh_frame      0x0000000000030670       0x20 obj_cooja/mtype552.a(mac.o)
                                         0x38 (size before relaxing)
 .eh_frame      0x0000000000030690       0xa4 obj_cooja/mtype552.a(framer-802154.o)
                                         0xbc (size before relaxing)
 .eh_frame      0x0000000000030734      0x1a4 obj_cooja/mtype552.a(frame802154.o)
                                        0x1bc (size before relaxing)
 .eh_frame      0x00000000000308d8      0x100 obj_cooja/mtype552.a(uipbuf.o)
                                        0x118 (size before relaxing)
 .eh_frame      0x00000000000309d8      0x160 obj_cooja/mtype552.a(uip-icmp6.o)
                                        0x178 (size before relaxing)
 .eh_frame      0x0000000000030b38      0x184 obj_cooja/mtype552.a(uip-sr.o)
                                        0x19c (size before relaxing)
 .eh_frame      0x0000000000030cbc       0xe0 obj_cooja/mtype552.a(uip-packetqueue)
                                         0xf8 (size before relaxing)
 .eh_frame      0x0000000000030d9c      0x128 obj_cooja/mtype552.a(rpl-ext-header.)
                                        0x140 (size before relaxing)
 .eh_frame      0x0000000000030ec4      0x148 obj_cooja/mtype552.a(rpl-mrhof.o)
                                        0x160 (size before relaxing)
 .eh_frame      0x000000000003100c        0x4 /usr/lib/gcc/i686-linux-gnu/5/crtendS.o
 *(.eh_frame.*)

.gcc_except_table
 *(.gcc_except_table .gcc_except_table.*)

.gnu_extab
 *(.gnu_extab*)

.exception_ranges
 *(.exception_ranges .exception_ranges*)
                0x0000000000032f10                . = DATA_SEGMENT_ALIGN (0x1000, 0x1000)

.eh_frame
 *(.eh_frame)
 *(.eh_frame.*)

.gnu_extab
 *(.gnu_extab)

.gcc_except_table
 *(.gcc_except_table .gcc_except_table.*)

.exception_ranges
 *(.exception_ranges .exception_ranges*)

.tdata
 *(.tdata .tdata.* .gnu.linkonce.td.*)

.tbss
 *(.tbss .tbss.* .gnu.linkonce.tb.*)
 *(.tcommon)

.preinit_array
 *(.preinit_array)

.init_array     0x0000000000032f10        0x4
 *(SORT(.init_array.*) SORT(.ctors.*))
 *(.init_array EXCLUDE_FILE(*crtend?.o *crtend.o *crtbegin?.o *crtbegin.o) .ctors)
 .init_array    0x0000000000032f10        0x4 /usr/lib/gcc/i686-linux-gnu/5/crtbeginS.o

.fini_array     0x0000000000032f14        0x4
 *(SORT(.fini_array.*) SORT(.dtors.*))
 *(.fini_array EXCLUDE_FILE(*crtend?.o *crtend.o *crtbegin?.o *crtbegin.o) .dtors)
 .fini_array    0x0000000000032f14        0x4 /usr/lib/gcc/i686-linux-gnu/5/crtbeginS.o

.ctors
 *crtbegin.o(.ctors)
 *crtbegin?.o(.ctors)
 *(EXCLUDE_FILE(*crtend?.o *crtend.o) .ctors)
 *(SORT(.ctors.*))
 *(.ctors)

.dtors
 *crtbegin.o(.dtors)
 *crtbegin?.o(.dtors)
 *(EXCLUDE_FILE(*crtend?.o *crtend.o) .dtors)
 *(SORT(.dtors.*))
 *(.dtors)

.jcr            0x0000000000032f18        0x4
 *(.jcr)
 .jcr           0x0000000000032f18        0x0 /usr/lib/gcc/i686-linux-gnu/5/crtbeginS.o
 .jcr           0x0000000000032f18        0x4 /usr/lib/gcc/i686-linux-gnu/5/crtendS.o

.data.rel.ro
 *(.data.rel.ro.local* .gnu.linkonce.d.rel.ro.local.*)
 *(.data.rel.ro .data.rel.ro.* .gnu.linkonce.d.rel.ro.*)

.dynamic        0x0000000000032f1c       0xd0
 *(.dynamic)
 .dynamic       0x0000000000032f1c       0xd0 /usr/lib/gcc/i686-linux-gnu/5/../../../i386-linux-gnu/crti.o
                0x0000000000032f1c                _DYNAMIC

.got            0x0000000000032fec       0x14
 *(.got)
 .got           0x0000000000032fec       0x14 /usr/lib/gcc/i686-linux-gnu/5/../../../i386-linux-gnu/crti.o
 *(.igot)
                0x0000000000033ff4                . = DATA_SEGMENT_RELRO_END (., (SIZEOF (.got.plt) >= 0xc)?0xc:0x0)

.got.plt        0x0000000000033000        0xc
 *(.got.plt)
 .got.plt       0x0000000000033000        0xc /usr/lib/gcc/i686-linux-gnu/5/../../../i386-linux-gnu/crti.o
                0x0000000000033000                _GLOBAL_OFFSET_TABLE_
 *(.igot.plt)

.data           0x0000000000033020      0x324
 *(.data .data.* .gnu.linkonce.d.*)
 .data          0x0000000000033020        0x0 /usr/lib/gcc/i686-linux-gnu/5/../../../i386-linux-gnu/crti.o
 .data          0x0000000000033020        0x0 /usr/lib/gcc/i686-linux-gnu/5/crtbeginS.o
 .data.rel.local
                0x0000000000033020        0x4 /usr/lib/gcc/i686-linux-gnu/5/crtbeginS.o
                0x0000000000033020                __dso_handle
 .data          0x0000000000033024       0x14 contact_tracing_node.o
                0x0000000000033028                contact_tracing_process
 *fill*         0x0000000000033038        0x8 
 .data          0x0000000000033040       0x44 obj_cooja/mtype552.o
                0x0000000000033040                simInterfaces
                0x0000000000033074                sensors
 .data          0x0000000000033084        0x0 obj_cooja/mtype552.a(simEnvChange.o)
 .data          0x0000000000033084        0x0 obj_cooja/mtype552.a(cooja_mt.o)
 .data          0x0000000000033084        0x0 obj_cooja/mtype552.a(cooja_mtarch.o)
 .data          0x0000000000033084        0x0 obj_cooja/mtype552.a(rtimer-arch.o)
 .data          0x0000000000033084        0x0 obj_cooja/mtype552.a(beep.o)
 .data          0x0000000000033084        0x0 obj_cooja/mtype552.a(button-sensor.o)
 .data          0x0000000000033084        0x0 obj_cooja/mtype552.a(leds-arch.o)
 .data          0x0000000000033084        0x0 obj_cooja/mtype552.a(moteid.o)
 .data          0x0000000000033084        0x0 obj_cooja/mtype552.a(pir-sensor.o)
 .data          0x0000000000033084        0x0 obj_cooja/mtype552.a(rs232.o)
 .data          0x0000000000033084        0x0 obj_cooja/mtype552.a(vib-sensor.o)
 .data          0x0000000000033084        0x0 obj_cooja/mtype552.a(clock.o)
 .data          0x0000000000033084        0x0 obj_cooja/mtype552.a(cooja-log.o)
 .data          0x0000000000033084        0x0 obj_cooja/mtype552.a(cfs-cooja.o)
 .data          0x0000000000033084       0x2c obj_cooja/mtype552.a(cooja-radio.o)
                0x0000000000033084                simRadioHWOn
                0x0000000000033088                simSignalStrength
                0x000000000003308c                simLastSignalStrength
                0x0000000000033090                simPower
                0x0000000000033094                simRadioChannel
                0x0000000000033098                simLQI
                0x00000000000330a0                cooja_radio_process
 .data          0x00000000000330b0        0x0 obj_cooja/mtype552.a(eeprom.o)
 .data          0x00000000000330b0        0x0 obj_cooja/mtype552.a(random.o)
 .data          0x00000000000330b0       0x10 obj_cooja/mtype552.a(sensors.o)
                0x00000000000330b0                sensors_process
 .data          0x00000000000330c0       0x14 obj_cooja/mtype552.a(mqtt.o)
                0x00000000000330c4                mqtt_process
 .data          0x00000000000330d4        0x0 obj_cooja/mtype552.a(contiki-main.o)
 .data          0x00000000000330d4        0x0 obj_cooja/mtype552.a(autostart.o)
 .data          0x00000000000330d4        0x0 obj_cooja/mtype552.a(energest.o)
 .data          0x00000000000330d4       0x10 obj_cooja/mtype552.a(etimer.o)
                0x00000000000330d4                etimer_process
 *fill*         0x00000000000330e4       0x1c 
 .data          0x0000000000033100       0xb0 obj_cooja/mtype552.a(log.o)
                0x0000000000033100                curr_log_level_main
                0x0000000000033120                all_modules
 .data          0x00000000000331b0       0x14 obj_cooja/mtype552.a(ctimer.o)
                0x00000000000331b4                ctimer_process
 .data          0x00000000000331c4        0x0 obj_cooja/mtype552.a(process.o)
 .data          0x00000000000331c4        0x0 obj_cooja/mtype552.a(rtimer.o)
 .data          0x00000000000331c4        0x0 obj_cooja/mtype552.a(node-id.o)
 .data          0x00000000000331c4        0x0 obj_cooja/mtype552.a(timer.o)
 .data          0x00000000000331c4       0x10 obj_cooja/mtype552.a(serial-line.o)
                0x00000000000331c4                serial_line_process
 .data          0x00000000000331d4        0x0 obj_cooja/mtype552.a(ringbuf.o)
 .data          0x00000000000331d4        0x0 obj_cooja/mtype552.a(list.o)
 .data          0x00000000000331d4       0x10 obj_cooja/mtype552.a(nbr-table.o)
 .data          0x00000000000331e4        0x4 obj_cooja/mtype552.a(packetbuf.o)
 .data          0x00000000000331e8        0x4 obj_cooja/mtype552.a(netstack.o)
 .data          0x00000000000331ec        0x0 obj_cooja/mtype552.a(linkaddr.o)
 .data          0x00000000000331ec        0x0 obj_cooja/mtype552.a(csma.o)
 .data          0x00000000000331ec       0x28 obj_cooja/mtype552.a(csma-output.o)
 .data          0x0000000000033214        0x0 obj_cooja/mtype552.a(uip-ds6.o)
 .data          0x0000000000033214       0x14 obj_cooja/mtype552.a(tcp-socket.o)
                0x0000000000033218                tcp_socket_process
 .data          0x0000000000033228       0x10 obj_cooja/mtype552.a(tcpip.o)
                0x0000000000033228                tcpip_process
 .data          0x0000000000033238       0x10 obj_cooja/mtype552.a(uip-ds6-route.o)
 .data          0x0000000000033248        0x0 obj_cooja/mtype552.a(uip6.o)
 .data          0x0000000000033248       0x14 obj_cooja/mtype552.a(uip-ds6-nbr.o)
                0x0000000000033258                ds6_neighbors
 .data          0x000000000003325c        0xc obj_cooja/mtype552.a(uip-nd6.o)
 .data          0x0000000000033268        0x0 obj_cooja/mtype552.a(sicslowpan.o)
 .data          0x0000000000033268        0x0 obj_cooja/mtype552.a(uiplib.o)
 .data          0x0000000000033268        0x0 obj_cooja/mtype552.a(rpl-nbr-policy.)
 .data          0x0000000000033268       0x14 obj_cooja/mtype552.a(rpl-neighbor.o)
                0x0000000000033278                rpl_neighbors
 .data          0x000000000003327c        0x0 obj_cooja/mtype552.a(rpl-timers.o)
 .data          0x000000000003327c        0x0 obj_cooja/mtype552.a(rpl.o)
 .data          0x000000000003327c       0x30 obj_cooja/mtype552.a(rpl-icmp6.o)
 .data          0x00000000000332ac        0x0 obj_cooja/mtype552.a(rpl-dag.o)
 .data          0x00000000000332ac        0x0 obj_cooja/mtype552.a(rpl-dag-root.o)
 .data          0x00000000000332ac        0x0 obj_cooja/mtype552.a(watchdog.o)
 .data          0x00000000000332ac        0x0 obj_cooja/mtype552.a(stimer.o)
 .data          0x00000000000332ac        0x0 obj_cooja/mtype552.a(memb.o)
 .data          0x00000000000332ac       0x18 obj_cooja/mtype552.a(queuebuf.o)
 .data          0x00000000000332c4       0x14 obj_cooja/mtype552.a(link-stats.o)
 .data          0x00000000000332d8        0x0 obj_cooja/mtype552.a(mac-sequence.o)
 .data          0x00000000000332d8        0x0 obj_cooja/mtype552.a(mac.o)
 .data          0x00000000000332d8        0x0 obj_cooja/mtype552.a(framer-802154.o)
 .data          0x00000000000332d8        0x2 obj_cooja/mtype552.a(frame802154.o)
 .data          0x00000000000332da        0x0 obj_cooja/mtype552.a(uipbuf.o)
 *fill*         0x00000000000332da        0x2 
 .data          0x00000000000332dc       0x20 obj_cooja/mtype552.a(uip-icmp6.o)
 .data          0x00000000000332fc       0x10 obj_cooja/mtype552.a(uip-sr.o)
 .data          0x000000000003330c        0xc obj_cooja/mtype552.a(uip-packetqueue)
 .data          0x0000000000033318        0x0 obj_cooja/mtype552.a(rpl-ext-header.)
 *fill*         0x0000000000033318        0x8 
 .data          0x0000000000033320       0x24 obj_cooja/mtype552.a(rpl-mrhof.o)
                0x0000000000033320                rpl_mrhof
 .data          0x0000000000033344        0x0 /usr/lib/gcc/i686-linux-gnu/5/crtendS.o
 .data          0x0000000000033344        0x0 /usr/lib/gcc/i686-linux-gnu/5/../../../i386-linux-gnu/crtn.o

.tm_clone_table
                0x0000000000033344        0x0
 .tm_clone_table
                0x0000000000033344        0x0 /usr/lib/gcc/i686-linux-gnu/5/crtbeginS.o
 .tm_clone_table
                0x0000000000033344        0x0 /usr/lib/gcc/i686-linux-gnu/5/crtendS.o

.data1
 *(.data1)
                0x0000000000033344                _edata = .
                [!provide]                        PROVIDE (edata, .)
                0x0000000000033344                . = .
                0x0000000000033344                __bss_start = .

.bss            0x0000000000033360    0x14460
 *(.dynbss)
 .dynbss        0x0000000000033360        0x0 /usr/lib/gcc/i686-linux-gnu/5/../../../i386-linux-gnu/crti.o
 *(.bss .bss.* .gnu.linkonce.b.*)
 .bss           0x0000000000033360        0x0 /usr/lib/gcc/i686-linux-gnu/5/../../../i386-linux-gnu/crti.o
 .bss           0x0000000000033360        0x1 /usr/lib/gcc/i686-linux-gnu/5/crtbeginS.o
 *fill*         0x0000000000033361       0x1f 
 .bss           0x0000000000033380      0x9e6 contact_tracing_node.o
 *fill*         0x0000000000033d66       0x1a 
 .bss           0x0000000000033d80     0x2030 obj_cooja/mtype552.o
 .bss           0x0000000000035db0        0x1 obj_cooja/mtype552.a(simEnvChange.o)
                0x0000000000035db0                simDontFallAsleep
 *fill*         0x0000000000035db1        0x3 
 .bss           0x0000000000035db4        0x4 obj_cooja/mtype552.a(cooja_mt.o)
 .bss           0x0000000000035db8        0x4 obj_cooja/mtype552.a(cooja_mtarch.o)
 .bss           0x0000000000035dbc        0x0 obj_cooja/mtype552.a(rtimer-arch.o)
 .bss           0x0000000000035dbc        0x0 obj_cooja/mtype552.a(beep.o)
 .bss           0x0000000000035dbc        0x8 obj_cooja/mtype552.a(button-sensor.o)
 .bss           0x0000000000035dc4        0x0 obj_cooja/mtype552.a(leds-arch.o)
 .bss           0x0000000000035dc4        0x0 obj_cooja/mtype552.a(moteid.o)
 .bss           0x0000000000035dc4        0x1 obj_cooja/mtype552.a(pir-sensor.o)
                0x0000000000035dc4                simPirValue
 *fill*         0x0000000000035dc5        0x3 
 .bss           0x0000000000035dc8        0x4 obj_cooja/mtype552.a(rs232.o)
 .bss           0x0000000000035dcc        0x1 obj_cooja/mtype552.a(vib-sensor.o)
                0x0000000000035dcc                simVibValue
 .bss           0x0000000000035dcd        0x0 obj_cooja/mtype552.a(clock.o)
 *fill*         0x0000000000035dcd       0x13 
 .bss           0x0000000000035de0     0x2020 obj_cooja/mtype552.a(cooja-log.o)
 .bss           0x0000000000037e00      0xfc0 obj_cooja/mtype552.a(cfs-cooja.o)
                0x0000000000037e00                simCFSData
                0x0000000000038da0                simCFSSize
                0x0000000000038da4                simCFSChanged
                0x0000000000038da8                simCFSRead
                0x0000000000038dac                simCFSWritten
 .bss           0x0000000000038dc0       0x24 obj_cooja/mtype552.a(cooja-radio.o)
                0x0000000000038dc0                simReceiving
                0x0000000000038dc4                simInSize
                0x0000000000038dc8                simLastPacketTimestamp
                0x0000000000038dd0                simOutSize
 .bss           0x0000000000038de4        0xc obj_cooja/mtype552.a(eeprom.o)
                0x0000000000038de4                simEEPROMChanged
                0x0000000000038de8                simEEPROMRead
                0x0000000000038dec                simEEPROMWritten
 .bss           0x0000000000038df0        0x0 obj_cooja/mtype552.a(random.o)
 .bss           0x0000000000038df0        0xc obj_cooja/mtype552.a(sensors.o)
 .bss           0x0000000000038dfc       0x15 obj_cooja/mtype552.a(mqtt.o)
 .bss           0x0000000000038e11        0x0 obj_cooja/mtype552.a(contiki-main.o)
 .bss           0x0000000000038e11        0x0 obj_cooja/mtype552.a(autostart.o)
 .bss           0x0000000000038e11        0x0 obj_cooja/mtype552.a(energest.o)
 *fill*         0x0000000000038e11        0x3 
 .bss           0x0000000000038e14        0x8 obj_cooja/mtype552.a(etimer.o)
 .bss           0x0000000000038e1c       0x28 obj_cooja/mtype552.a(log.o)
                0x0000000000038e1c                curr_log_level_rpl
                0x0000000000038e20                curr_log_level_tcpip
                0x0000000000038e24                curr_log_level_ipv6
                0x0000000000038e28                curr_log_level_6lowpan
                0x0000000000038e2c                curr_log_level_nullnet
                0x0000000000038e30                curr_log_level_mac
                0x0000000000038e34                curr_log_level_framer
                0x0000000000038e38                curr_log_level_6top
                0x0000000000038e3c                curr_log_level_coap
                0x0000000000038e40                curr_log_level_lwm2m
 .bss           0x0000000000038e44        0x5 obj_cooja/mtype552.a(ctimer.o)
 *fill*         0x0000000000038e49       0x17 
 .bss           0x0000000000038e60      0x1a1 obj_cooja/mtype552.a(process.o)
                0x0000000000038e60                process_list
                0x0000000000038e64                process_current
 *fill*         0x0000000000039001        0x3 
 .bss           0x0000000000039004        0x4 obj_cooja/mtype552.a(rtimer.o)
 .bss           0x0000000000039008        0x2 obj_cooja/mtype552.a(node-id.o)
                0x0000000000039008                node_id
 .bss           0x000000000003900a        0x0 obj_cooja/mtype552.a(timer.o)
 *fill*         0x000000000003900a       0x16 
 .bss           0x0000000000039020      0x140 obj_cooja/mtype552.a(serial-line.o)
 .bss           0x0000000000039160        0x0 obj_cooja/mtype552.a(ringbuf.o)
 .bss           0x0000000000039160        0x0 obj_cooja/mtype552.a(list.o)
 .bss           0x0000000000039160     0x1214 obj_cooja/mtype552.a(nbr-table.o)
 *fill*         0x000000000003a374        0xc 
 .bss           0x000000000003a380       0xa0 obj_cooja/mtype552.a(packetbuf.o)
 .bss           0x000000000003a420        0x4 obj_cooja/mtype552.a(netstack.o)
 .bss           0x000000000003a424        0x0 obj_cooja/mtype552.a(linkaddr.o)
 .bss           0x000000000003a424        0x0 obj_cooja/mtype552.a(csma.o)
 *fill*         0x000000000003a424       0x1c 
 .bss           0x000000000003a440      0x726 obj_cooja/mtype552.a(csma-output.o)
 *fill*         0x000000000003ab66        0x2 
 .bss           0x000000000003ab68       0x20 obj_cooja/mtype552.a(uip-ds6.o)
 .bss           0x000000000003ab88        0x5 obj_cooja/mtype552.a(tcp-socket.o)
 *fill*         0x000000000003ab8d       0x13 
 .bss           0x000000000003aba0       0xc4 obj_cooja/mtype552.a(tcpip.o)
 *fill*         0x000000000003ac64       0x1c 
 .bss           0x000000000003ac80       0x60 obj_cooja/mtype552.a(uip-ds6-route.o)
 .bss           0x000000000003ace0        0xc obj_cooja/mtype552.a(uip6.o)
                0x000000000003ace0                uip_ext_bitmap
                0x000000000003ace1                uip_ext_len
                0x000000000003ace2                uip_ext_opt_offset
 *fill*         0x000000000003acec       0x14 
 .bss           0x000000000003ad00     0x1c20 obj_cooja/mtype552.a(uip-ds6-nbr.o)
 .bss           0x000000000003c920       0x10 obj_cooja/mtype552.a(uip-nd6.o)
 *fill*         0x000000000003c930       0x10 
 .bss           0x000000000003c940      0x724 obj_cooja/mtype552.a(sicslowpan.o)
 .bss           0x000000000003d064        0x0 obj_cooja/mtype552.a(uiplib.o)
 .bss           0x000000000003d064        0xe obj_cooja/mtype552.a(rpl-nbr-policy.)
 *fill*         0x000000000003d072        0xe 
 .bss           0x000000000003d080      0x960 obj_cooja/mtype552.a(rpl-neighbor.o)
 .bss           0x000000000003d9e0       0x40 obj_cooja/mtype552.a(rpl-timers.o)
 .bss           0x000000000003da20        0x1 obj_cooja/mtype552.a(rpl.o)
 .bss           0x000000000003da21        0x0 obj_cooja/mtype552.a(rpl-icmp6.o)
 .bss           0x000000000003da21        0x0 obj_cooja/mtype552.a(rpl-dag.o)
 *fill*         0x000000000003da21        0x3 
 .bss           0x000000000003da24       0x11 obj_cooja/mtype552.a(rpl-dag-root.o)
 .bss           0x000000000003da35        0x0 obj_cooja/mtype552.a(watchdog.o)
 .bss           0x000000000003da35        0x0 obj_cooja/mtype552.a(stimer.o)
 .bss           0x000000000003da35        0x0 obj_cooja/mtype552.a(memb.o)
 *fill*         0x000000000003da35        0xb 
 .bss           0x000000000003da40     0x2c80 obj_cooja/mtype552.a(queuebuf.o)
 .bss           0x00000000000406c0      0xe10 obj_cooja/mtype552.a(link-stats.o)
 *fill*         0x00000000000414d0       0x10 
 .bss           0x00000000000414e0      0x100 obj_cooja/mtype552.a(mac-sequence.o)
 .bss           0x00000000000415e0        0x0 obj_cooja/mtype552.a(mac.o)
 .bss           0x00000000000415e0        0x2 obj_cooja/mtype552.a(framer-802154.o)
 .bss           0x00000000000415e2        0x0 obj_cooja/mtype552.a(frame802154.o)
 *fill*         0x00000000000415e2        0x2 
 .bss           0x00000000000415e4        0xc obj_cooja/mtype552.a(uipbuf.o)
 .bss           0x00000000000415f0       0x18 obj_cooja/mtype552.a(uip-icmp6.o)
 *fill*         0x0000000000041608       0x18 
 .bss           0x0000000000041620     0x1d80 obj_cooja/mtype552.a(uip-sr.o)
 .bss           0x00000000000433a0      0xa78 obj_cooja/mtype552.a(uip-packetqueue)
 .bss           0x0000000000043e18        0x0 obj_cooja/mtype552.a(rpl-ext-header.)
 .bss           0x0000000000043e18        0x0 obj_cooja/mtype552.a(rpl-mrhof.o)
 .bss           0x0000000000043e18        0x0 /usr/lib/gcc/i686-linux-gnu/5/crtendS.o
 .bss           0x0000000000043e18        0x0 /usr/lib/gcc/i686-linux-gnu/5/../../../i386-linux-gnu/crtn.o
 *(COMMON)
 COMMON         0x0000000000043e18        0x8 obj_cooja/mtype552.o
                0x0000000000043e18                referenceVar
                0x0000000000043e1c                sensors_flags
 COMMON         0x0000000000043e20        0xc obj_cooja/mtype552.a(simEnvChange.o)
                0x0000000000043e20                simEtimerPending
                0x0000000000043e24                simProcessRunValue
                0x0000000000043e28                simEtimerNextExpirationTime
 *fill*         0x0000000000043e2c        0x4 
 COMMON         0x0000000000043e30       0x18 obj_cooja/mtype552.a(rtimer-arch.o)
                0x0000000000043e30                simRtimerPending
                0x0000000000043e38                simRtimerCurrentTicks
                0x0000000000043e40                simRtimerNextExpirationTime
 COMMON         0x0000000000043e48        0x1 obj_cooja/mtype552.a(beep.o)
                0x0000000000043e48                simBeeped
 COMMON         0x0000000000043e49        0x3 obj_cooja/mtype552.a(button-sensor.o)
                0x0000000000043e49                simButtonIsActive
                0x0000000000043e4a                simButtonIsDown
                0x0000000000043e4b                simButtonChanged
 COMMON         0x0000000000043e4c        0x1 obj_cooja/mtype552.a(leds-arch.o)
                0x0000000000043e4c                simLedsValue
 *fill*         0x0000000000043e4d        0x3 
 COMMON         0x0000000000043e50        0xc obj_cooja/mtype552.a(moteid.o)
                0x0000000000043e50                simRandomSeed
                0x0000000000043e54                simMoteIDChanged
                0x0000000000043e58                simMoteID
 COMMON         0x0000000000043e5c        0x2 obj_cooja/mtype552.a(pir-sensor.o)
                0x0000000000043e5c                simPirIsActive
                0x0000000000043e5d                simPirChanged
 *fill*         0x0000000000043e5e        0x2 
 COMMON         0x0000000000043e60      0x820 obj_cooja/mtype552.a(rs232.o)
                0x0000000000043e60                simSerialReceivingFlag
                0x0000000000043e64                simSerialReceivingLength
                0x0000000000043e80                simSerialReceivingData
 COMMON         0x0000000000044680        0x2 obj_cooja/mtype552.a(vib-sensor.o)
                0x0000000000044680                simVibChanged
                0x0000000000044681                simVibIsActive
 *fill*         0x0000000000044682        0x2 
 COMMON         0x0000000000044684        0x4 obj_cooja/mtype552.a(clock.o)
                0x0000000000044684                simCurrentTime
 *fill*         0x0000000000044688       0x18 
 COMMON         0x00000000000446a0     0x2020 obj_cooja/mtype552.a(cooja-log.o)
                0x00000000000446a0                simLoggedLength
                0x00000000000446a4                simLoggedFlag
                0x00000000000446c0                simLoggedData
 COMMON         0x00000000000466c0      0x100 obj_cooja/mtype552.a(cooja-radio.o)
                0x00000000000466c0                simOutDataBuffer
                0x0000000000046740                simInDataBuffer
 COMMON         0x00000000000467c0      0x400 obj_cooja/mtype552.a(eeprom.o)
                0x00000000000467c0                simEEPROMData
 COMMON         0x0000000000046bc0        0x1 obj_cooja/mtype552.a(sensors.o)
                0x0000000000046bc0                sensors_event
 COMMON         0x0000000000046bc1        0x1 obj_cooja/mtype552.a(mqtt.o)
                0x0000000000046bc1                mqtt_update_event
 *fill*         0x0000000000046bc2        0x2 
 COMMON         0x0000000000046bc4       0x50 obj_cooja/mtype552.a(contiki-main.o)
                0x0000000000046bc4                eb_per_time_source
                0x0000000000046bd8                unicast_per_neighbor_rpl_storing
                0x0000000000046bec                unicast_per_neighbor_rpl_ns
                0x0000000000046c00                default_common
 COMMON         0x0000000000046c14        0x1 obj_cooja/mtype552.a(serial-line.o)
                0x0000000000046c14                serial_line_event_message
 *fill*         0x0000000000046c15        0x3 
 COMMON         0x0000000000046c18       0x2c obj_cooja/mtype552.a(packetbuf.o)
                0x0000000000046c18                packetbuf_attrs
                0x0000000000046c34                packetbuf_addrs
 COMMON         0x0000000000046c44        0x8 obj_cooja/mtype552.a(linkaddr.o)
                0x0000000000046c44                linkaddr_node_addr
 *fill*         0x0000000000046c4c       0x14 
 COMMON         0x0000000000046c60      0x181 obj_cooja/mtype552.a(uip-ds6.o)
                0x0000000000046c60                uip_ds6_prefix_list
                0x0000000000046cc0                uip_ds6_timer_periodic
                0x0000000000046cd0                uip_ds6_netif_addr_list_offset
                0x0000000000046ce0                uip_ds6_if
                0x0000000000046dd8                uip_ds6_timer_ra
                0x0000000000046de0                uip_ds6_addr_size
 COMMON         0x0000000000046de1        0x1 obj_cooja/mtype552.a(tcpip.o)
                0x0000000000046de1                tcpip_event
 *fill*         0x0000000000046de2       0x1e 
 COMMON         0x0000000000046e00      0x80c obj_cooja/mtype552.a(uip6.o)
                0x0000000000046e00                uip_slen
                0x0000000000046e04                uip_acc32
                0x0000000000046e20                uip_conns
                0x0000000000046fa0                uip_lladdr
                0x0000000000046fa8                uip_appdata
                0x0000000000046fac                uip_flags
                0x0000000000046fc0                uip_aligned_buf
                0x00000000000474c0                uip_listenports
                0x00000000000474e8                uip_len
                0x00000000000474ec                uip_sappdata
                0x0000000000047500                uip_udp_conns
                0x0000000000047600                uip_udp_conn
                0x0000000000047604                uip_next_hdr
                0x0000000000047608                uip_conn
 COMMON         0x000000000004760c       0x10 obj_cooja/mtype552.a(rpl.o)
                0x000000000004760c                rpl_multicast_addr
 *fill*         0x000000000004761c        0x4 
 COMMON         0x0000000000047620      0x164 obj_cooja/mtype552.a(rpl-dag.o)
                0x0000000000047620                curr_instance
 *fill*         0x0000000000047784       0x1c 
 COMMON         0x00000000000477a0       0x20 obj_cooja/mtype552.a(link-stats.o)
                0x00000000000477a0                periodic_timer
                0x00000000000477c0                . = ALIGN ((. != 0x0)?0x4:0x1)
                0x00000000000477c0                . = ALIGN (0x4)
                0x00000000000477c0                . = SEGMENT_START ("ldata-segment", .)
                0x00000000000477c0                . = ALIGN (0x4)
                0x00000000000477c0                _end = .
                [!provide]                        PROVIDE (end, .)
                0x00000000000477c0                . = DATA_SEGMENT_END (.)

.stab
 *(.stab)

.stabstr
 *(.stabstr)

.stab.excl
 *(.stab.excl)

.stab.exclstr
 *(.stab.exclstr)

.stab.index
 *(.stab.index)

.stab.indexstr
 *(.stab.indexstr)

.comment        0x0000000000000000       0x35
 *(.comment)
 .comment       0x0000000000000000       0x35 /usr/lib/gcc/i686-linux-gnu/5/crtbeginS.o
                                         0x36 (size before relaxing)
 .comment       0x0000000000000035       0x36 contact_tracing_node.o
 .comment       0x0000000000000035       0x36 obj_cooja/mtype552.o
 .comment       0x0000000000000035       0x36 obj_cooja/mtype552.a(simEnvChange.o)
 .comment       0x0000000000000035       0x36 obj_cooja/mtype552.a(cooja_mt.o)
 .comment       0x0000000000000035       0x36 obj_cooja/mtype552.a(cooja_mtarch.o)
 .comment       0x0000000000000035       0x36 obj_cooja/mtype552.a(rtimer-arch.o)
 .comment       0x0000000000000035       0x36 obj_cooja/mtype552.a(beep.o)
 .comment       0x0000000000000035       0x36 obj_cooja/mtype552.a(button-sensor.o)
 .comment       0x0000000000000035       0x36 obj_cooja/mtype552.a(leds-arch.o)
 .comment       0x0000000000000035       0x36 obj_cooja/mtype552.a(moteid.o)
 .comment       0x0000000000000035       0x36 obj_cooja/mtype552.a(pir-sensor.o)
 .comment       0x0000000000000035       0x36 obj_cooja/mtype552.a(rs232.o)
 .comment       0x0000000000000035       0x36 obj_cooja/mtype552.a(vib-sensor.o)
 .comment       0x0000000000000035       0x36 obj_cooja/mtype552.a(clock.o)
 .comment       0x0000000000000035       0x36 obj_cooja/mtype552.a(cooja-log.o)
 .comment       0x0000000000000035       0x36 obj_cooja/mtype552.a(cfs-cooja.o)
 .comment       0x0000000000000035       0x36 obj_cooja/mtype552.a(cooja-radio.o)
 .comment       0x0000000000000035       0x36 obj_cooja/mtype552.a(eeprom.o)
 .comment       0x0000000000000035       0x36 obj_cooja/mtype552.a(random.o)
 .comment       0x0000000000000035       0x36 obj_cooja/mtype552.a(sensors.o)
 .comment       0x0000000000000035       0x36 obj_cooja/mtype552.a(mqtt.o)
 .comment       0x0000000000000035       0x36 obj_cooja/mtype552.a(contiki-main.o)
 .comment       0x0000000000000035       0x36 obj_cooja/mtype552.a(autostart.o)
 .comment       0x0000000000000035       0x36 obj_cooja/mtype552.a(energest.o)
 .comment       0x0000000000000035       0x36 obj_cooja/mtype552.a(etimer.o)
 .comment       0x0000000000000035       0x36 obj_cooja/mtype552.a(log.o)
 .comment       0x0000000000000035       0x36 obj_cooja/mtype552.a(ctimer.o)
 .comment       0x0000000000000035       0x36 obj_cooja/mtype552.a(process.o)
 .comment       0x0000000000000035       0x36 obj_cooja/mtype552.a(rtimer.o)
 .comment       0x0000000000000035       0x36 obj_cooja/mtype552.a(node-id.o)
 .comment       0x0000000000000035       0x36 obj_cooja/mtype552.a(timer.o)
 .comment       0x0000000000000035       0x36 obj_cooja/mtype552.a(serial-line.o)
 .comment       0x0000000000000035       0x36 obj_cooja/mtype552.a(ringbuf.o)
 .comment       0x0000000000000035       0x36 obj_cooja/mtype552.a(list.o)
 .comment       0x0000000000000035       0x36 obj_cooja/mtype552.a(nbr-table.o)
 .comment       0x0000000000000035       0x36 obj_cooja/mtype552.a(packetbuf.o)
 .comment       0x0000000000000035       0x36 obj_cooja/mtype552.a(netstack.o)
 .comment       0x0000000000000035       0x36 obj_cooja/mtype552.a(linkaddr.o)
 .comment       0x0000000000000035       0x36 obj_cooja/mtype552.a(csma.o)
 .comment       0x0000000000000035       0x36 obj_cooja/mtype552.a(csma-output.o)
 .comment       0x0000000000000035       0x36 obj_cooja/mtype552.a(uip-ds6.o)
 .comment       0x0000000000000035       0x36 obj_cooja/mtype552.a(tcp-socket.o)
 .comment       0x0000000000000035       0x36 obj_cooja/mtype552.a(tcpip.o)
 .comment       0x0000000000000035       0x36 obj_cooja/mtype552.a(uip-ds6-route.o)
 .comment       0x0000000000000035       0x36 obj_cooja/mtype552.a(uip6.o)
 .comment       0x0000000000000035       0x36 obj_cooja/mtype552.a(uip-ds6-nbr.o)
 .comment       0x0000000000000035       0x36 obj_cooja/mtype552.a(uip-nd6.o)
 .comment       0x0000000000000035       0x36 obj_cooja/mtype552.a(sicslowpan.o)
 .comment       0x0000000000000035       0x36 obj_cooja/mtype552.a(uiplib.o)
 .comment       0x0000000000000035       0x36 obj_cooja/mtype552.a(rpl-nbr-policy.)
 .comment       0x0000000000000035       0x36 obj_cooja/mtype552.a(rpl-neighbor.o)
 .comment       0x0000000000000035       0x36 obj_cooja/mtype552.a(rpl-timers.o)
 .comment       0x0000000000000035       0x36 obj_cooja/mtype552.a(rpl.o)
 .comment       0x0000000000000035       0x36 obj_cooja/mtype552.a(rpl-icmp6.o)
 .comment       0x0000000000000035       0x36 obj_cooja/mtype552.a(rpl-dag.o)
 .comment       0x0000000000000035       0x36 obj_cooja/mtype552.a(rpl-dag-root.o)
 .comment       0x0000000000000035       0x36 obj_cooja/mtype552.a(watchdog.o)
 .comment       0x0000000000000035       0x36 obj_cooja/mtype552.a(stimer.o)
 .comment       0x0000000000000035       0x36 obj_cooja/mtype552.a(memb.o)
 .comment       0x0000000000000035       0x36 obj_cooja/mtype552.a(queuebuf.o)
 .comment       0x0000000000000035       0x36 obj_cooja/mtype552.a(link-stats.o)
 .comment       0x0000000000000035       0x36 obj_cooja/mtype552.a(mac-sequence.o)
 .comment       0x0000000000000035       0x36 obj_cooja/mtype552.a(mac.o)
 .comment       0x0000000000000035       0x36 obj_cooja/mtype552.a(framer-802154.o)
 .comment       0x0000000000000035       0x36 obj_cooja/mtype552.a(frame802154.o)
 .comment       0x0000000000000035       0x36 obj_cooja/mtype552.a(uipbuf.o)
 .comment       0x0000000000000035       0x36 obj_cooja/mtype552.a(uip-icmp6.o)
 .comment       0x0000000000000035       0x36 obj_cooja/mtype552.a(uip-sr.o)
 .comment       0x0000000000000035       0x36 obj_cooja/mtype552.a(uip-packetqueue)
 .comment       0x0000000000000035       0x36 obj_cooja/mtype552.a(rpl-ext-header.)
 .comment       0x0000000000000035       0x36 obj_cooja/mtype552.a(rpl-mrhof.o)
 .comment       0x0000000000000035       0x36 /usr/lib/gcc/i686-linux-gnu/5/crtendS.o

.debug
 *(.debug)

.line
 *(.line)

.debug_srcinfo
 *(.debug_srcinfo)

.debug_sfnames
 *(.debug_sfnames)

.debug_aranges  0x0000000000000000      0x8e0
 *(.debug_aranges)
 .debug_aranges
                0x0000000000000000       0x20 contact_tracing_node.o
 .debug_aranges
                0x0000000000000020       0x20 obj_cooja/mtype552.o
 .debug_aranges
                0x0000000000000040       0x20 obj_cooja/mtype552.a(simEnvChange.o)
 .debug_aranges
                0x0000000000000060       0x20 obj_cooja/mtype552.a(cooja_mt.o)
 .debug_aranges
                0x0000000000000080       0x20 obj_cooja/mtype552.a(cooja_mtarch.o)
 .debug_aranges
                0x00000000000000a0       0x20 obj_cooja/mtype552.a(rtimer-arch.o)
 .debug_aranges
                0x00000000000000c0       0x20 obj_cooja/mtype552.a(beep.o)
 .debug_aranges
                0x00000000000000e0       0x20 obj_cooja/mtype552.a(button-sensor.o)
 .debug_aranges
                0x0000000000000100       0x20 obj_cooja/mtype552.a(leds-arch.o)
 .debug_aranges
                0x0000000000000120       0x20 obj_cooja/mtype552.a(moteid.o)
 .debug_aranges
                0x0000000000000140       0x20 obj_cooja/mtype552.a(pir-sensor.o)
 .debug_aranges
                0x0000000000000160       0x20 obj_cooja/mtype552.a(rs232.o)
 .debug_aranges
                0x0000000000000180       0x20 obj_cooja/mtype552.a(vib-sensor.o)
 .debug_aranges
                0x00000000000001a0       0x20 obj_cooja/mtype552.a(clock.o)
 .debug_aranges
                0x00000000000001c0       0x20 obj_cooja/mtype552.a(cooja-log.o)
 .debug_aranges
                0x00000000000001e0       0x20 obj_cooja/mtype552.a(cfs-cooja.o)
 .debug_aranges
                0x0000000000000200       0x20 obj_cooja/mtype552.a(cooja-radio.o)
 .debug_aranges
                0x0000000000000220       0x20 obj_cooja/mtype552.a(eeprom.o)
 .debug_aranges
                0x0000000000000240       0x20 obj_cooja/mtype552.a(random.o)
 .debug_aranges
                0x0000000000000260       0x20 obj_cooja/mtype552.a(sensors.o)
 .debug_aranges
                0x0000000000000280       0x20 obj_cooja/mtype552.a(mqtt.o)
 .debug_aranges