Archive member included to satisfy reference by file (symbol)

obj_cooja/mtype810.a(simEnvChange.o)
                              obj_cooja/mtype810.o (simDontFallAsleep)
obj_cooja/mtype810.a(cooja_mt.o)
                              obj_cooja/mtype810.o (cooja_mt_start)
obj_cooja/mtype810.a(cooja_mtarch.o)
                              obj_cooja/mtype810.a(cooja_mt.o) (cooja_mtarch_start)
obj_cooja/mtype810.a(rtimer-arch.o)
                              obj_cooja/mtype810.o (rtimer_arch_check)
obj_cooja/mtype810.a(beep.o)  obj_cooja/mtype810.o (beep_interface)
obj_cooja/mtype810.a(button-sensor.o)
                              obj_cooja/mtype810.o (button_interface)
obj_cooja/mtype810.a(leds-arch.o)
                              obj_cooja/mtype810.o (leds_interface)
obj_cooja/mtype810.a(moteid.o)
                              obj_cooja/mtype810.o (moteid_interface)
obj_cooja/mtype810.a(pir-sensor.o)
                              obj_cooja/mtype810.o (pir_interface)
obj_cooja/mtype810.a(rs232.o)
                              obj_cooja/mtype810.o (rs232_interface)
obj_cooja/mtype810.a(vib-sensor.o)
                              obj_cooja/mtype810.o (vib_interface)
obj_cooja/mtype810.a(clock.o)
                              obj_cooja/mtype810.o (clock_interface)
obj_cooja/mtype810.a(cooja-log.o)
                              obj_cooja/mtype810.o (simlog_interface)
obj_cooja/mtype810.a(cfs-cooja.o)
                              obj_cooja/mtype810.o (cfs_interface)
obj_cooja/mtype810.a(cooja-radio.o)
                              obj_cooja/mtype810.o (radio_interface)
obj_cooja/mtype810.a(eeprom.o)
                              obj_cooja/mtype810.o (eeprom_interface)
obj_cooja/mtype810.a(random.o)
                              obj_cooja/mtype810.a(moteid.o) (random_init)
obj_cooja/mtype810.a(sensors.o)
                              obj_cooja/mtype810.a(button-sensor.o) (sensors_changed)
obj_cooja/mtype810.a(contiki-main.o)
                              obj_cooja/mtype810.o (main)
obj_cooja/mtype810.a(autostart.o)
                              obj_cooja/mtype810.a(contiki-main.o) (autostart_start)
obj_cooja/mtype810.a(energest.o)
                              obj_cooja/mtype810.a(contiki-main.o) (energest_init)
obj_cooja/mtype810.a(etimer.o)
                              obj_cooja/mtype810.a(contiki-main.o) (etimer_process)
obj_cooja/mtype810.a(log.o)   obj_cooja/mtype810.a(contiki-main.o) (curr_log_level_main)
obj_cooja/mtype810.a(ctimer.o)
                              obj_cooja/mtype810.a(contiki-main.o) (ctimer_init)
obj_cooja/mtype810.a(process.o)
                              obj_cooja/mtype810.a(etimer.o) (process_current)
obj_cooja/mtype810.a(rtimer.o)
                              obj_cooja/mtype810.a(contiki-main.o) (rtimer_init)
obj_cooja/mtype810.a(node-id.o)
                              obj_cooja/mtype810.a(contiki-main.o) (node_id)
obj_cooja/mtype810.a(timer.o)
                              obj_cooja/mtype810.a(button-sensor.o) (timer_set)
obj_cooja/mtype810.a(serial-line.o)
                              obj_cooja/mtype810.a(rs232.o) (serial_line_input_byte)
obj_cooja/mtype810.a(ringbuf.o)
                              obj_cooja/mtype810.a(serial-line.o) (ringbuf_init)
obj_cooja/mtype810.a(list.o)  obj_cooja/mtype810.a(ctimer.o) (list_init)
obj_cooja/mtype810.a(nbr-table.o)
                              contact_tracing_node.o (nbr_table_head)
obj_cooja/mtype810.a(packetbuf.o)
                              obj_cooja/mtype810.a(cooja-radio.o) (packetbuf_clear)
obj_cooja/mtype810.a(netstack.o)
                              obj_cooja/mtype810.a(contiki-main.o) (netstack_init)
obj_cooja/mtype810.a(linkaddr.o)
                              obj_cooja/mtype810.a(contiki-main.o) (linkaddr_node_addr)
obj_cooja/mtype810.a(csma.o)  obj_cooja/mtype810.a(cooja-radio.o) (csma_driver)
obj_cooja/mtype810.a(csma-output.o)
                              obj_cooja/mtype810.a(csma.o) (csma_output_packet)
obj_cooja/mtype810.a(uip-ds6.o)
                              obj_cooja/mtype810.a(contiki-main.o) (uip_ds6_get_link_local)
obj_cooja/mtype810.a(tcpip.o)
                              obj_cooja/mtype810.a(contiki-main.o) (tcpip_process)
obj_cooja/mtype810.a(uip-ds6-route.o)
                              obj_cooja/mtype810.a(uip-ds6.o) (uip_ds6_route_init)
obj_cooja/mtype810.a(uip6.o)  obj_cooja/mtype810.a(contiki-main.o) (uip_lladdr)
obj_cooja/mtype810.a(uip-ds6-nbr.o)
                              obj_cooja/mtype810.a(uip-ds6.o) (uip_ds6_neighbors_init)
obj_cooja/mtype810.a(uip-nd6.o)
                              obj_cooja/mtype810.a(uip6.o) (uip_nd6_init)
obj_cooja/mtype810.a(sicslowpan.o)
                              obj_cooja/mtype810.a(contiki-main.o) (sicslowpan_driver)
obj_cooja/mtype810.a(uiplib.o)
                              contact_tracing_node.o (uiplib_ipaddr_snprint)
obj_cooja/mtype810.a(rpl-nbr-policy.)
                              obj_cooja/mtype810.a(nbr-table.o) (rpl_nbr_policy_find_removable)
[...]
Memory Configuration

Name             Origin             Length             Attributes
*default*        0x0000000000000000 0xffffffffffffffff

Linker script and memory map

LOAD /usr/lib/gcc/i686-linux-gnu/5/../../../i386-linux-gnu/crti.o
LOAD /usr/lib/gcc/i686-linux-gnu/5/crtbeginS.o
LOAD contact_tracing_node.o
LOAD obj_cooja/mtype810.o
LOAD obj_cooja/mtype810.a
LOAD /usr/lib/gcc/i686-linux-gnu/5/libgcc.a
LOAD /usr/lib/gcc/i686-linux-gnu/5/libgcc_s.so
LOAD /usr/lib/gcc/i686-linux-gnu/5/../../../i386-linux-gnu/libc.so
START GROUP
LOAD /lib/i386-linux-gnu/libc.so.6
LOAD /usr/lib/i386-linux-gnu/libc_nonshared.a
LOAD /lib/i386-linux-gnu/ld-linux.so.2
END GROUP
LOAD /usr/lib/gcc/i686-linux-gnu/5/libgcc.a
LOAD /usr/lib/gcc/i686-linux-gnu/5/libgcc_s.so
LOAD /usr/lib/gcc/i686-linux-gnu/5/crtendS.o
LOAD /usr/lib/gcc/i686-linux-gnu/5/../../../i386-linux-gnu/crtn.o
                0x0000000000000114                . = (0x0 + SIZEOF_HEADERS)

.note.gnu.build-id
                0x0000000000000114       0x24
 *(.note.gnu.build-id)
 .note.gnu.build-id
                0x0000000000000114       0x24 /usr/lib/gcc/i686-linux-gnu/5/../../../i386-linux-gnu/crti.o

.hash
 *(.hash)

.gnu.hash       0x0000000000000138     0x131c
 *(.gnu.hash)
 .gnu.hash      0x0000000000000138     0x131c /usr/lib/gcc/i686-linux-gnu/5/../../../i386-linux-gnu/crti.o

.dynsym         0x0000000000001454     0x24c0
 *(.dynsym)
 .dynsym        0x0000000000001454     0x24c0 /usr/lib/gcc/i686-linux-gnu/5/../../../i386-linux-gnu/crti.o

.dynstr         0x0000000000003914     0x286e
 *(.dynstr)
 .dynstr        0x0000000000003914     0x286e /usr/lib/gcc/i686-linux-gnu/5/../../../i386-linux-gnu/crti.o

.gnu.version    0x0000000000006182      0x498
 *(.gnu.version)
 .gnu.version   0x0000000000006182      0x498 /usr/lib/gcc/i686-linux-gnu/5/../../../i386-linux-gnu/crti.o

.gnu.version_d  0x000000000000661c        0x0
 *(.gnu.version_d)
 .gnu.version_d
                0x000000000000661c        0x0 /usr/lib/gcc/i686-linux-gnu/5/../../../i386-linux-gnu/crti.o

.gnu.version_r  0x000000000000661c       0x40
 *(.gnu.version_r)
 .gnu.version_r
                0x000000000000661c       0x40 /usr/lib/gcc/i686-linux-gnu/5/../../../i386-linux-gnu/crti.o

.rel.dyn        0x000000000000665c     0x8168
 *(.rel.init)
 .rel.init      0x000000000000665c        0x0 /usr/lib/gcc/i686-linux-gnu/5/../../../i386-linux-gnu/crti.o
 *(.rel.text .rel.text.* .rel.gnu.linkonce.t.*)
 .rel.text      0x000000000000665c     0x7958 /usr/lib/gcc/i686-linux-gnu/5/../../../i386-linux-gnu/crti.o
 *(.rel.fini)
 .rel.fini      0x000000000000dfb4        0x0 /usr/lib/gcc/i686-linux-gnu/5/../../../i386-linux-gnu/crti.o
 *(.rel.rodata .rel.rodata.* .rel.gnu.linkonce.r.*)
 .rel.rodata    0x000000000000dfb4      0x4b8 /usr/lib/gcc/i686-linux-gnu/5/../../../i386-linux-gnu/crti.o
 *(.rel.data.rel.ro .rel.data.rel.ro.* .rel.gnu.linkonce.d.rel.ro.*)
 *(.rel.data .rel.data.* .rel.gnu.linkonce.d.*)
 .rel.data.rel.local
                0x000000000000e46c        0x8 /usr/lib/gcc/i686-linux-gnu/5/../../../i386-linux-gnu/crti.o
 .rel.data      0x000000000000e474      0x318 /usr/lib/gcc/i686-linux-gnu/5/../../../i386-linux-gnu/crti.o
 *(.rel.tdata .rel.tdata.* .rel.gnu.linkonce.td.*)
 *(.rel.tbss .rel.tbss.* .rel.gnu.linkonce.tb.*)
 *(.rel.ctors)
 *(.rel.dtors)
 *(.rel.got)
 .rel.got       0x000000000000e78c       0x28 /usr/lib/gcc/i686-linux-gnu/5/../../../i386-linux-gnu/crti.o
 *(.rel.bss .rel.bss.* .rel.gnu.linkonce.b.*)
 *(.rel.ifunc)
 .rel.ifunc     0x000000000000e7b4        0x0 /usr/lib/gcc/i686-linux-gnu/5/../../../i386-linux-gnu/crti.o
 .rel.fini_array
                0x000000000000e7b4        0x8 /usr/lib/gcc/i686-linux-gnu/5/../../../i386-linux-gnu/crti.o
 .rel.init_array
                0x000000000000e7bc        0x8 /usr/lib/gcc/i686-linux-gnu/5/../../../i386-linux-gnu/crti.o

.rel.plt        0x000000000000e7c4        0x0
 *(.rel.plt)
 .rel.plt       0x000000000000e7c4        0x0 /usr/lib/gcc/i686-linux-gnu/5/../../../i386-linux-gnu/crti.o
 *(.rel.iplt)

.init           0x000000000000e7c4       0x23
 *(SORT(.init))
 .init          0x000000000000e7c4       0x1e /usr/lib/gcc/i686-linux-gnu/5/../../../i386-linux-gnu/crti.o
                0x000000000000e7c4                _init
 .init          0x000000000000e7e2        0x5 /usr/lib/gcc/i686-linux-gnu/5/../../../i386-linux-gnu/crtn.o

.plt            0x000000000000e7f0       0x10
 *(.plt)
 .plt           0x000000000000e7f0       0x10 /usr/lib/gcc/i686-linux-gnu/5/../../../i386-linux-gnu/crti.o
 *(.iplt)

.plt.got        0x000000000000e800       0x10
 *(.plt.got)
 .plt.got       0x000000000000e800       0x10 /usr/lib/gcc/i686-linux-gnu/5/../../../i386-linux-gnu/crti.o

.text           0x000000000000e810    0x12e88
 *(.text.unlikely .text.*_unlikely .text.unlikely.*)
 .text.unlikely
                0x000000000000e810        0x0 /usr/lib/gcc/i686-linux-gnu/5/crtbeginS.o
 *(.text.exit .text.exit.*)
 *(.text.startup .text.startup.*)
 *(.text.hot .text.hot.*)
 *(.text .stub .text.* .gnu.linkonce.t.*)
 .text          0x000000000000e810        0x0 /usr/lib/gcc/i686-linux-gnu/5/../../../i386-linux-gnu/crti.o
 .gnu.linkonce.t.__x86.get_pc_thunk.bx
                0x000000000000e810        0x4 /usr/lib/gcc/i686-linux-gnu/5/../../../i386-linux-gnu/crti.o
                0x000000000000e810                __x86.get_pc_thunk.bx
 *fill*         0x000000000000e814        0xc 
 .text          0x000000000000e820      0x11c /usr/lib/gcc/i686-linux-gnu/5/crtbeginS.o
 .text.__x86.get_pc_thunk.dx
                0x000000000000e93c        0x4 /usr/lib/gcc/i686-linux-gnu/5/crtbeginS.o
                0x000000000000e93c                __x86.get_pc_thunk.dx
 .text          0x000000000000e940      0x1a8 contact_tracing_node.o
 .text          0x000000000000eae8      0x271 obj_cooja/mtype810.o
                0x000000000000eb7a                platform_init_stage_one
                0x000000000000eb80                platform_init_stage_two
                0x000000000000eb8e                platform_init_stage_three
                0x000000000000eba1                platform_main_loop
                0x000000000000ec14                Java_org_contikios_cooja_corecomm_Lib9_init
                0x000000000000ec4b                Java_org_contikios_cooja_corecomm_Lib9_getMemory
                0x000000000000ec7e                Java_org_contikios_cooja_corecomm_Lib9_setMemory
                0x000000000000ecde                Java_org_contikios_cooja_corecomm_Lib9_tick
                0x000000000000ed46                Java_org_contikios_cooja_corecomm_Lib9_setReferenceAddress
 .text          0x000000000000ed59       0x65 obj_cooja/mtype810.a(simEnvChange.o)
                0x000000000000ed59                doActionsBeforeTick
                0x000000000000ed8b                doActionsAfterTick
 .text          0x000000000000edbe       0x83 obj_cooja/mtype810.a(cooja_mt.o)
                0x000000000000edbe                cooja_mt_start
                0x000000000000ede8                cooja_mt_exec
                0x000000000000ee1e                cooja_mt_yield
 .text          0x000000000000ee41       0xbe obj_cooja/mtype810.a(cooja_mtarch.o)
                0x000000000000ee41                cooja_mtarch_start
                0x000000000000eeb4                cooja_sw
                0x000000000000eed7                cooja_mtarch_exec
                0x000000000000eef4                cooja_mtarch_yield
 .text          0x000000000000eeff       0xc5 obj_cooja/mtype810.a(rtimer-arch.o)
                0x000000000000eeff                rtimer_arch_init
                0x000000000000ef23                rtimer_arch_schedule
                0x000000000000ef53                rtimer_arch_next
                0x000000000000ef63                rtimer_arch_pending
                0x000000000000ef6d                rtimer_arch_check
                0x000000000000efb4                rtimer_arch_now
 .text          0x000000000000efc4       0x81 obj_cooja/mtype810.a(beep.o)
                0x000000000000efc4                beep_alarm
                0x000000000000efd1                beep_beep
                0x000000000000efde                beep
                0x000000000000efeb                beep_down
                0x000000000000eff8                beep_on
                0x000000000000f005                beep_off
                0x000000000000f012                beep_spinup
                0x000000000000f01f                beep_quick
                0x000000000000f02c                beep_long
 .text          0x000000000000f045      0x10d obj_cooja/mtype810.a(button-sensor.o)
 .text          0x000000000000f152       0x49 obj_cooja/mtype810.a(leds-arch.o)
                0x000000000000f152                leds_arch_init
                0x000000000000f15f                leds_arch_get
                0x000000000000f16b                leds_arch_set
 .text          0x000000000000f19b       0x35 obj_cooja/mtype810.a(moteid.o)
 .text          0x000000000000f1d0       0xb7 obj_cooja/mtype810.a(pir-sensor.o)
 .text          0x000000000000f287      0x148 obj_cooja/mtype810.a(rs232.o)
                0x000000000000f287                rs232_init
                0x000000000000f28d                rs232_set_speed
                0x000000000000f29c                rs232_set_input
                0x000000000000f2aa                rs232_send
                0x000000000000f2ce                rs232_print
                0x000000000000f2ea                slip_arch_writeb
 .text          0x000000000000f3cf       0xb7 obj_cooja/mtype810.a(vib-sensor.o)
 .text          0x000000000000f486       0x38 obj_cooja/mtype810.a(clock.o)
                0x000000000000f486                clock_init
                0x000000000000f48c                clock_time
                0x000000000000f496                clock_seconds
                0x000000000000f4ac                clock_delay
 .text          0x000000000000f4be      0x219 obj_cooja/mtype810.a(cooja-log.o)
                0x000000000000f4be                simlog_char
                0x000000000000f501                simlog
                0x000000000000f577                log_message
                0x000000000000f5a8                log_set_putchar_with_slip
                0x000000000000f5b6                log_putchar
                0x000000000000f631                log_puts
                0x000000000000f659                log_printf
 .text          0x000000000000f6d7      0x2b9 obj_cooja/mtype810.a(cfs-cooja.o)
                0x000000000000f6d7                cfs_open
                0x000000000000f740                cfs_close
                0x000000000000f74d                cfs_read
                0x000000000000f7e2                cfs_write
                0x000000000000f8be                cfs_seek
                0x000000000000f946                cfs_remove
                0x000000000000f96a                cfs_opendir
                0x000000000000f974                cfs_readdir
                0x000000000000f97e                cfs_closedir
 .text          0x000000000000f990      0x605 obj_cooja/mtype810.a(cooja-radio.o)
                0x000000000000f9d2                radio_set_channel
                0x000000000000f9e0                radio_set_txpower
                0x000000000000f9f8                radio_signal_strength_last
                0x000000000000fa02                radio_signal_strength_current
                0x000000000000fa0c                radio_LQI
 .text          0x000000000000ff95       0xee obj_cooja/mtype810.a(eeprom.o)
                0x000000000000ff95                eeprom_init
                0x000000000000ff9b                eeprom_read
                0x0000000000010009                eeprom_write
 .text          0x0000000000010083       0x2d obj_cooja/mtype810.a(random.o)
                0x0000000000010083                random_init
                0x00000000000100a3                random_rand
 .text          0x00000000000100b0      0x29c obj_cooja/mtype810.a(sensors.o)
                0x00000000000100eb                sensors_first
                0x00000000000100f5                sensors_next
                0x000000000001010f                sensors_changed
                0x0000000000010143                sensors_find
 .text          0x000000000001034c      0x328 obj_cooja/mtype810.a(contiki-main.o)
                0x000000000001034c                main
 .text          0x0000000000010674       0x92 obj_cooja/mtype810.a(autostart.o)
                0x0000000000010674                autostart_start
                0x00000000000106be                autostart_exit
 .text          0x0000000000010706       0x1b obj_cooja/mtype810.a(energest.o)
                0x0000000000010706                energest_init
                0x000000000001070c                energest_flush
                0x0000000000010712                energest_get_total_time
 .text          0x0000000000010721      0x43f obj_cooja/mtype810.a(etimer.o)
                0x0000000000010945                etimer_request_poll
                0x00000000000109ce                etimer_set
                0x00000000000109f7                etimer_reset_with_new_interval
                0x0000000000010a26                etimer_reset
                0x0000000000010a4c                etimer_restart
                0x0000000000010a72                etimer_adjust
                0x0000000000010a8f                etimer_expired
                0x0000000000010aa2                etimer_expiration_time
                0x0000000000010ab4                etimer_start_time
                0x0000000000010abe                etimer_pending
                0x0000000000010ad0                etimer_next_expiration_time
                0x0000000000010aea                etimer_stop
 .text          0x0000000000010b60      0x394 obj_cooja/mtype810.a(log.o)
                0x0000000000010b60                log_6addr
                0x0000000000010bb3                log_6addr_compact_snprint
                0x0000000000010c51                log_6addr_compact
                0x0000000000010ca4                log_lladdr
                0x0000000000010d16                log_lladdr_compact
                0x0000000000010d7e                log_set_level
                0x0000000000010e39                log_get_level
                0x0000000000010eb2                log_level_to_str
 .text          0x0000000000010ef4      0x355 obj_cooja/mtype810.a(ctimer.o)
                0x000000000001101c                ctimer_init
                0x000000000001104f                ctimer_set
                0x0000000000011075                ctimer_set_with_process
                0x00000000000110f2                ctimer_reset
                0x0000000000011146                ctimer_restart
                0x000000000001119a                ctimer_stop
                0x00000000000111ea                ctimer_expired
 .text          0x0000000000011249      0x4fb obj_cooja/mtype810.a(process.o)
                0x0000000000011249                process_alloc_event
                0x000000000001125e                process_start
                0x0000000000011438                process_exit
                0x0000000000011455                process_init
                0x00000000000115ea                process_run
                0x000000000001161d                process_nevents
                0x0000000000011638                process_post
                0x00000000000116cb                process_post_synch
                0x0000000000011700                process_poll
                0x0000000000011730                process_is_running
 .text          0x0000000000011744       0xeb obj_cooja/mtype810.a(rtimer.o)
                0x0000000000011744                rtimer_init
                0x0000000000011752                rtimer_set
                0x00000000000117cd                rtimer_run_next
 .text          0x000000000001182f       0x25 obj_cooja/mtype810.a(node-id.o)
                0x000000000001182f                node_id_init
 .text          0x0000000000011854       0x9c obj_cooja/mtype810.a(timer.o)
                0x0000000000011854                timer_set
                0x0000000000011872                timer_reset
                0x000000000001188a                timer_restart
                0x000000000001189f                timer_expired
                0x00000000000118cc                timer_remaining
 .text          0x00000000000118f0      0x1eb obj_cooja/mtype810.a(serial-line.o)
                0x00000000000118f0                serial_line_input_byte
                0x0000000000011aa6                serial_line_init
 .text          0x0000000000011adb      0x156 obj_cooja/mtype810.a(ringbuf.o)
                0x0000000000011adb                ringbuf_init
                0x0000000000011b0d                ringbuf_put
                0x0000000000011b8b                ringbuf_get
                0x0000000000011bf8                ringbuf_size
                0x0000000000011c0a                ringbuf_elements
 .text          0x0000000000011c31      0x28f obj_cooja/mtype810.a(list.o)
                0x0000000000011c31                list_init
                0x0000000000011c40                list_head
                0x0000000000011c4a                list_copy
                0x0000000000011c5a                list_tail
                0x0000000000011c90                list_add
                0x0000000000011cdc                list_push
                0x0000000000011d08                list_chop
                0x0000000000011d72                list_pop
                0x0000000000011d9a                list_remove
                0x0000000000011e02                list_length
                0x0000000000011e30                list_insert
                0x0000000000011e75                list_item_next
                0x0000000000011e8c                list_contains
 .text          0x0000000000011ec0      0x78b obj_cooja/mtype810.a(nbr-table.o)
                0x0000000000012339                nbr_table_register
                0x00000000000123a6                nbr_table_is_registered
                0x00000000000123e1                nbr_table_head
                0x000000000001243c                nbr_table_next
                0x000000000001249d                nbr_table_add_lladdr
                0x0000000000012567                nbr_table_get_from_lladdr
                0x00000000000125b3                nbr_table_remove
                0x00000000000125eb                nbr_table_lock
                0x0000000000012605                nbr_table_unlock
                0x000000000001261f                nbr_table_get_lladdr
 .text          0x000000000001264b      0x407 obj_cooja/mtype810.a(packetbuf.o)
                0x000000000001264b                packetbuf_clear
                0x0000000000012676                packetbuf_copyfrom
                0x00000000000126c5                packetbuf_copyto
                0x0000000000012758                packetbuf_hdralloc
                0x00000000000127d4                packetbuf_hdrreduce
                0x000000000001281a                packetbuf_set_datalen
                0x0000000000012834                packetbuf_dataptr
                0x0000000000012851                packetbuf_hdrptr
                0x000000000001285b                packetbuf_datalen
                0x0000000000012867                packetbuf_hdrlen
                0x000000000001287e                packetbuf_totlen
                0x0000000000012894                packetbuf_remaininglen
                0x00000000000128a7                packetbuf_attr_clear
                0x00000000000128f3                packetbuf_attr_copyto
                0x000000000001294b                packetbuf_attr_copyfrom
                0x00000000000129a3                packetbuf_set_attr
                0x00000000000129cd                packetbuf_attr
                0x00000000000129e7                packetbuf_set_addr
                0x0000000000012a18                packetbuf_addr
                0x0000000000012a35                packetbuf_holds_broadcast
 .text          0x0000000000012a52       0xef obj_cooja/mtype810.a(netstack.o)
                0x0000000000012a52                netstack_process_ip_callback
                0x0000000000012ae3                netstack_ip_packet_processor_add
                0x0000000000012b06                uip_ds6_ip_packet_processor_rm
                0x0000000000012b23                netstack_init
 .text          0x0000000000012b41       0x4f obj_cooja/mtype810.a(linkaddr.o)
                0x0000000000012b41                linkaddr_copy
                0x0000000000012b57                linkaddr_cmp
                0x0000000000012b7a                linkaddr_set_node_addr
 .text          0x0000000000012b90      0x165 obj_cooja/mtype810.a(csma.o)
 .text          0x0000000000012cf5      0x944 obj_cooja/mtype810.a(csma-output.o)
                0x000000000001336e                csma_output_packet
                0x00000000000135fb                csma_output_init
 .text          0x0000000000013639      0xb25 obj_cooja/mtype810.a(uip-ds6.o)
                0x0000000000013639                uip_ds6_init
                0x00000000000137e4                uip_ds6_periodic
                0x000000000001386b                uip_ds6_list_loop
                0x000000000001392b                uip_ds6_prefix_add
                0x00000000000139d7                uip_ds6_prefix_rm
                0x00000000000139ea                uip_ds6_prefix_lookup
                0x0000000000013a29                uip_ds6_is_addr_onlink
                0x0000000000013a9c                uip_ds6_addr_add
                0x0000000000013bbc                uip_ds6_addr_rm
                0x0000000000013c65                uip_ds6_addr_lookup
                0x0000000000013c9e                uip_ds6_get_link_local
                0x0000000000013d1f                uip_ds6_get_global
                0x0000000000013da0                uip_ds6_maddr_add
                0x0000000000013e00                uip_ds6_maddr_rm
                0x0000000000013e13                uip_ds6_maddr_lookup
                0x0000000000013e4c                uip_ds6_aaddr_add
                0x0000000000013eac                uip_ds6_aaddr_rm
                0x0000000000013ebf                uip_ds6_aaddr_lookup
                0x0000000000013ef8                uip_ds6_select_src
                0x0000000000014041                uip_ds6_set_addr_iid
                0x000000000001406c                uip_ds6_set_lladdr_from_iid
                0x0000000000014095                get_match_length
                0x0000000000014126                uip_ds6_compute_reachable_time
 .text          0x000000000001415e      0x737 obj_cooja/mtype810.a(tcpip.o)
                0x0000000000014178                tcpip_output
                0x0000000000014207                udp_attach
                0x000000000001421f                udp_new
                0x0000000000014269                udp_broadcast_new
                0x00000000000143db                tcpip_input
                0x000000000001457b                tcpip_ipv6_output
                0x000000000001478f                tcpip_poll_udp
                0x00000000000147ad                tcpip_uipcall
 .text          0x0000000000014895      0x35b obj_cooja/mtype810.a(uip-ds6-route.o)
                0x00000000000148e6                uip_ds6_route_init
                0x0000000000014910                uip_ds6_route_nexthop
                0x000000000001491a                uip_ds6_route_head
                0x0000000000014924                uip_ds6_route_next
                0x000000000001492e                uip_ds6_route_is_nexthop
                0x0000000000014938                uip_ds6_route_num_routes
                0x0000000000014942                uip_ds6_route_lookup
                0x000000000001494c                uip_ds6_route_add
                0x000000000001495f                uip_ds6_route_rm
                0x0000000000014965                uip_ds6_route_rm_by_nexthop
                0x000000000001496b                uip_ds6_defrt_head
                0x0000000000014984                uip_ds6_defrt_add
                0x0000000000014a32                uip_ds6_defrt_rm
                0x0000000000014a98                uip_ds6_defrt_lookup
                0x0000000000014aff                uip_ds6_defrt_choose
                0x0000000000014b75                uip_ds6_defrt_periodic
 .text          0x0000000000014bf0     0x123f obj_cooja/mtype810.a(uip6.o)
                0x0000000000014c9f                uip_chksum
                0x0000000000014d80                uip_icmp6chksum
                0x0000000000014d95                uip_udpchksum
                0x0000000000014daa                uip_init
                0x0000000000014dee                remove_ext_hdr
                0x0000000000014ed3                uip_udp_new
                0x00000000000151f0                uip_process
                0x0000000000015d2a                uip_htons
                0x0000000000015d4c                uip_htonl
                0x0000000000015d8a                uip_send
 .text          0x0000000000015e2f      0x374 obj_cooja/mtype810.a(uip-ds6-nbr.o)
                0x0000000000015e2f                uip_ds6_neighbors_init
                0x0000000000015e53                uip_ds6_nbr_add
                0x0000000000015ed9                uip_ds6_nbr_rm
                0x0000000000015f24                uip_ds6_nbr_update_ll
                0x0000000000016012                uip_ds6_nbr_get_ipaddr
                0x0000000000016027                uip_ds6_nbr_get_ll
                0x0000000000016043                uip_ds6_nbr_num
                0x000000000001608c                uip_ds6_nbr_head
                0x00000000000160a5                uip_ds6_nbr_next
                0x00000000000160c1                uip_ds6_nbr_lookup
                0x0000000000016124                uip_ds6_nbr_ll_lookup
                0x0000000000016140                uip_ds6_nbr_ipaddr_from_lladdr
                0x0000000000016169                uip_ds6_nbr_lladdr_from_ipaddr
                0x000000000001619d                uip_ds6_link_callback
 .text          0x00000000000161a3      0x6b5 obj_cooja/mtype810.a(uip-nd6.o)
                0x000000000001683f                uip_nd6_init
 .text          0x0000000000016858     0x2a78 obj_cooja/mtype810.a(sicslowpan.o)
                0x0000000000016d56                netstack_sniffer_add
                0x0000000000016d64                netstack_sniffer_remove
                0x000000000001929c                sicslowpan_init
                0x00000000000192c6                sicslowpan_get_last_rssi
 .text          0x00000000000192d0      0x4d1 obj_cooja/mtype810.a(uiplib.o)
                0x00000000000192d0                uiplib_ip6addrconv
                0x0000000000019488                uiplib_ip4addrconv
                0x000000000001954b                uiplib_ipaddr_print
                0x000000000001959e                uiplib_ipaddr_snprint
 .text          0x00000000000197a1      0x1c8 obj_cooja/mtype810.a(rpl-nbr-policy.)
                0x0000000000019926                rpl_nbr_policy_find_removable
 .text          0x0000000000019969      0x908 obj_cooja/mtype810.a(rpl-neighbor.o)
                0x00000000000199e5                rpl_neighbor_snprint
                0x0000000000019c92                rpl_neighbor_print_list
                0x0000000000019d62                rpl_neighbor_count
                0x0000000000019e09                rpl_neighbor_get_from_lladdr
                0x0000000000019e25                rpl_neighbor_is_acceptable_parent
                0x0000000000019e59                rpl_neighbor_get_link_metric
                0x0000000000019e8d                rpl_neighbor_rank_via_nbr
                0x0000000000019ec1                rpl_neighbor_get_lladdr
                0x0000000000019edd                rpl_neighbor_get_ipaddr
                0x0000000000019f04                rpl_neighbor_get_link_stats
                0x0000000000019f2b                rpl_neighbor_is_fresh
                0x0000000000019f52                rpl_neighbor_is_reachable
                0x0000000000019f9d                rpl_neighbor_is_parent
                0x0000000000019fc7                rpl_neighbor_set_preferred_parent
                0x000000000001a053                rpl_neighbor_remove_all
                0x000000000001a0a2                rpl_neighbor_get_from_ipaddr
                0x000000000001a1a6                rpl_neighbor_select_best
                0x000000000001a252                rpl_neighbor_init
 .text          0x000000000001a271      0xa19 obj_cooja/mtype810.a(rpl-timers.o)
                0x000000000001a271                rpl_timers_schedule_periodic_dis
                0x000000000001a3bf                rpl_timers_dio_reset
                0x000000000001a4b0                rpl_timers_schedule_unicast_dio
                0x000000000001a636                rpl_timers_schedule_dao
                0x000000000001a770                rpl_timers_schedule_dao_ack
                0x000000000001a7f6                get_probing_delay
                0x000000000001a82a                get_probing_target
                0x000000000001aa14                rpl_schedule_probing
                0x000000000001aa42                rpl_schedule_probing_now
                0x000000000001aaac                rpl_timers_unschedule_leaving
                0x000000000001aae4                rpl_timers_schedule_leaving
                0x000000000001ab25                rpl_timers_init
                0x000000000001abb5                rpl_timers_stop_dag_timers
                0x000000000001ac2e                rpl_timers_unschedule_state_update
                0x000000000001ac52                rpl_timers_schedule_state_update
 .text          0x000000000001ac8a      0x4c9 obj_cooja/mtype810.a(rpl.o)
                0x000000000001ac8a                rpl_lollipop_greater_than
                0x000000000001ace4                rpl_get_global_address
                0x000000000001addc                rpl_link_callback
                0x000000000001ae20                rpl_has_joined
                0x000000000001ae45                rpl_is_reachable
                0x000000000001aec6                rpl_reset_prefix
                0x000000000001af30                rpl_set_prefix_from_addr
                0x000000000001b015                rpl_set_prefix
                0x000000000001b12f                rpl_set_leaf_only
                0x000000000001b147                rpl_get_leaf_only
 .text          0x000000000001b153     0x13cb obj_cooja/mtype810.a(rpl-icmp6.o)
                0x000000000001b278                rpl_icmp6_update_nbr_table
                0x000000000001b311                rpl_icmp6_dis_output
                0x000000000001b967                rpl_icmp6_dio_output
                0x000000000001c174                rpl_icmp6_dao_output
                0x000000000001c465                rpl_icmp6_dao_ack_output
                0x000000000001c4d5                rpl_icmp6_init
 .text          0x000000000001c51e      0xe51 obj_cooja/mtype810.a(rpl-dag.o)
                0x000000000001c51e                rpl_dag_state_to_str
                0x000000000001c55d                rpl_dag_get_root_ipaddr
                0x000000000001c5a5                rpl_dag_leave
                0x000000000001c62e                rpl_dag_poison_and_leave
                0x000000000001c646                rpl_dag_periodic
                0x000000000001c6ce                rpl_is_addr_in_our_dag
                0x000000000001c712                rpl_get_default_instance
                0x000000000001c72e                rpl_get_any_dag
                0x000000000001c787                rpl_refresh_routes
                0x000000000001c7c7                rpl_global_repair
                0x000000000001c853                rpl_local_repair
                0x000000000001c89d                rpl_dag_ready_to_advertise
                0x000000000001c8e0                rpl_dag_update_state
                0x000000000001d004                rpl_process_dio
                0x000000000001d085                rpl_process_dis
                0x000000000001d0ca                rpl_process_dao
                0x000000000001d159                rpl_process_dao_ack
                0x000000000001d1eb                rpl_process_hbh
                0x000000000001d23b                rpl_dag_init_root
                0x000000000001d34f                rpl_dag_init
 .text          0x000000000001d36f      0x286 obj_cooja/mtype810.a(rpl-dag-root.o)
                0x000000000001d36f                rpl_dag_root_print_links
                0x000000000001d4bd                rpl_dag_root_set_prefix
                0x000000000001d4e9                rpl_dag_root_start
                0x000000000001d5c6                rpl_dag_root_is_root
 .text          0x000000000001d5f5       0x1e obj_cooja/mtype810.a(watchdog.o)
                0x000000000001d5f5                watchdog_init
                0x000000000001d5fb                watchdog_start
                0x000000000001d601                watchdog_periodic
                0x000000000001d607                watchdog_stop
                0x000000000001d60d                watchdog_reboot
 .text          0x000000000001d613       0xb2 obj_cooja/mtype810.a(stimer.o)
                0x000000000001d613                stimer_set
                0x000000000001d631                stimer_reset
                0x000000000001d649                stimer_restart
                0x000000000001d65e                stimer_expired
                0x000000000001d689                stimer_remaining
                0x000000000001d6ad                stimer_elapsed
 .text          0x000000000001d6c5      0x1b8 obj_cooja/mtype810.a(memb.o)
                0x000000000001d6c5                memb_init
                0x000000000001d71a                memb_alloc
                0x000000000001d77f                memb_free
                0x000000000001d7fa                memb_inmemb
                0x000000000001d839                memb_numfree
 .text          0x000000000001d87d      0x2e7 obj_cooja/mtype810.a(queuebuf.o)
                0x000000000001d887                queuebuf_init
                0x000000000001d8b0                queuebuf_numfree
                0x000000000001d8c8                queuebuf_new_from_packetbuf
                0x000000000001d967                queuebuf_update_attr_from_packetbuf
                0x000000000001d99c                queuebuf_update_from_packetbuf
                0x000000000001d9ec                queuebuf_free
                0x000000000001da35                queuebuf_to_packetbuf
                0x000000000001daa1                queuebuf_dataptr
                0x000000000001dadb                queuebuf_datalen
                0x000000000001dafe                queuebuf_addr
                0x000000000001db33                queuebuf_attr
                0x000000000001db5e                queuebuf_debug_print
 .text          0x000000000001db64      0x37c obj_cooja/mtype810.a(link-stats.o)
                0x000000000001db64                link_stats_from_lladdr
                0x000000000001db80                link_stats_is_fresh
                0x000000000001dbbc                guess_etx_from_rssi
                0x000000000001dc38                link_stats_packet_sent
                0x000000000001dd4b                link_stats_input_callback
                0x000000000001de5b                link_stats_reset
                0x000000000001deab                link_stats_init
 .text          0x000000000001dee0      0x187 obj_cooja/mtype810.a(mac-sequence.o)
                0x000000000001dee0                mac_sequence_is_duplicate
                0x000000000001df80                mac_sequence_register_seqno
 .text          0x000000000001e067       0x23 obj_cooja/mtype810.a(mac.o)
                0x000000000001e067                mac_call_sent_callback
 .text          0x000000000001e08a      0x41d obj_cooja/mtype810.a(framer-802154.o)
                0x000000000001e219                framer_802154_setup_params
 .text          0x000000000001e4a7      0xb6f obj_cooja/mtype810.a(frame802154.o)
                0x000000000001e4d8                frame802154_get_pan_id
                0x000000000001e4e4                frame802154_set_pan_id
                0x000000000001e4fe                frame802154_has_panid
                0x000000000001e6ad                frame802154_check_dest_panid
                0x000000000001e735                frame802154_is_broadcast_addr
                0x000000000001e782                frame802154_extract_linkaddr
                0x000000000001e9e7                frame802154_hdrlen
                0x000000000001ea5a                frame802154_create_fcf
                0x000000000001eb12                frame802154_create
                0x000000000001ec87                frame802154_parse_fcf
                0x000000000001ed69                frame802154_parse
 .text          0x000000000001f016      0x1ec obj_cooja/mtype810.a(uipbuf.o)
                0x000000000001f016                uipbuf_get_next_header
                0x000000000001f085                uipbuf_get_last_header
                0x000000000001f10c                uipbuf_get_attr
                0x000000000001f133                uipbuf_set_attr
                0x000000000001f16a                uipbuf_clear_attr
                0x000000000001f196                uipbuf_set_attr_flag
                0x000000000001f1b7                uipbuf_clr_attr_flag
                0x000000000001f1de                uipbuf_is_attr_flag
 .text          0x000000000001f202      0x96e obj_cooja/mtype810.a(uip-icmp6.o)
                0x000000000001f277                uip_icmp6_input
                0x000000000001f2ce                uip_icmp6_register_input_handler
                0x000000000001f4da                uip_icmp6_error_output
                0x000000000001f839                uip_icmp6_send
                0x000000000001faf8                uip_icmp6_echo_reply_callback_add
                0x000000000001fb2a                uip_icmp6_echo_reply_callback_rm
                0x000000000001fb47                uip_icmp6_init
 .text          0x000000000001fb70      0x69b obj_cooja/mtype810.a(uip-sr.o)
                0x000000000001fb70                uip_sr_num_nodes
                0x000000000001fbfe                uip_sr_get_node
                0x000000000001fc55                uip_sr_is_addr_reachable
                0x000000000001fd03                uip_sr_expire_parent
                0x000000000001fd4c                uip_sr_update_node
                0x000000000001fe7c                uip_sr_init
                0x000000000001feb0                uip_sr_node_head
                0x000000000001fec9                uip_sr_node_next
                0x000000000001fedf                uip_sr_periodic
                0x000000000001ffe5                uip_sr_free_all
                0x0000000000020055                uip_sr_link_snprint
 .text          0x000000000002020b      0x146 obj_cooja/mtype810.a(uip-packetqueue)
                0x0000000000020239                uip_packetqueue_new
                0x0000000000020248                uip_packetqueue_alloc
                0x00000000000202a3                uip_packetqueue_free
                0x00000000000202ea                uip_packetqueue_buf
                0x0000000000020307                uip_packetqueue_buflen
                0x0000000000020328                uip_packetqueue_set_buflen
 .text          0x0000000000020351     0x102c obj_cooja/mtype810.a(rpl-ext-header.)
                0x0000000000020351                rpl_ext_header_srh_get_next_hop
                0x00000000000204cd                rpl_ext_header_srh_update
                0x0000000000020bc6                rpl_ext_header_hbh_update
                0x000000000002111b                rpl_ext_header_update
                0x00000000000211a4                rpl_ext_header_remove
 .text          0x000000000002137d      0x31b obj_cooja/mtype810.a(rpl-mrhof.o)
 .text          0x0000000000021698        0x0 /usr/lib/gcc/i686-linux-gnu/5/crtendS.o
 .text          0x0000000000021698        0x0 /usr/lib/gcc/i686-linux-gnu/5/../../../i386-linux-gnu/crtn.o
 *(.gnu.warning)

.fini           0x0000000000021698       0x14
 *(SORT(.fini))
 .fini          0x0000000000021698        0xf /usr/lib/gcc/i686-linux-gnu/5/../../../i386-linux-gnu/crti.o
                0x0000000000021698                _fini
 .fini          0x00000000000216a7        0x5 /usr/lib/gcc/i686-linux-gnu/5/../../../i386-linux-gnu/crtn.o
                [!provide]                        PROVIDE (__etext, .)
                [!provide]                        PROVIDE (_etext, .)
                [!provide]                        PROVIDE (etext, .)

.rodata         0x00000000000216c0      0x79c
 *(.rodata .rodata.* .gnu.linkonce.r.*)
 .rodata        0x00000000000216c0       0x79 contact_tracing_node.o
                0x00000000000216d4                autostart_processes
 *fill*         0x0000000000021739        0x3 
 .rodata        0x000000000002173c        0x8 obj_cooja/mtype810.a(beep.o)
                0x000000000002173c                beep_interface
 .rodata        0x0000000000021744       0x20 obj_cooja/mtype810.a(button-sensor.o)
                0x0000000000021744                button_interface
                0x0000000000021754                button_sensor
 .rodata        0x0000000000021764        0x8 obj_cooja/mtype810.a(leds-arch.o)
                0x0000000000021764                leds_interface
 .rodata        0x000000000002176c        0x8 obj_cooja/mtype810.a(moteid.o)
                0x000000000002176c                moteid_interface
 .rodata        0x0000000000021774       0x1c obj_cooja/mtype810.a(pir-sensor.o)
                0x0000000000021774                pir_interface
                0x0000000000021780                pir_sensor
 .rodata        0x0000000000021790        0xe obj_cooja/mtype810.a(rs232.o)
                0x0000000000021790                rs232_interface
 *fill*         0x000000000002179e        0x2 
 .rodata        0x00000000000217a0       0x24 obj_cooja/mtype810.a(vib-sensor.o)
                0x00000000000217a0                vib_interface
                0x00000000000217b4                vib_sensor
 .rodata        0x00000000000217c4        0x8 obj_cooja/mtype810.a(clock.o)
                0x00000000000217c4                clock_interface
 .rodata        0x00000000000217cc        0x8 obj_cooja/mtype810.a(cooja-log.o)
                0x00000000000217cc                simlog_interface
 .rodata        0x00000000000217d4       0x2f obj_cooja/mtype810.a(cfs-cooja.o)
                0x00000000000217d4                cfs_interface
 *fill*         0x0000000000021803       0x1d 
 .rodata        0x0000000000021820       0x58 obj_cooja/mtype810.a(cooja-radio.o)
                0x0000000000021820                radio_interface
                0x0000000000021840                cooja_radio_driver
 .rodata        0x0000000000021878        0x8 obj_cooja/mtype810.a(eeprom.o)
                0x0000000000021878                eeprom_interface
 .rodata        0x0000000000021880        0x8 obj_cooja/mtype810.a(sensors.o)
 .rodata        0x0000000000021888       0xf4 obj_cooja/mtype810.a(contiki-main.o)
 .rodata        0x000000000002197c        0xc obj_cooja/mtype810.a(etimer.o)
 .rodata        0x0000000000021988       0xc0 obj_cooja/mtype810.a(log.o)
 .rodata        0x0000000000021a48        0xf obj_cooja/mtype810.a(ctimer.o)
 .rodata        0x0000000000021a57        0xe obj_cooja/mtype810.a(serial-line.o)
 *fill*         0x0000000000021a65        0x3 
 .rodata        0x0000000000021a68        0x8 obj_cooja/mtype810.a(linkaddr.o)
                0x0000000000021a68                linkaddr_null
 .rodata        0x0000000000021a70       0x20 obj_cooja/mtype810.a(csma.o)
                0x0000000000021a78                csma_driver
 .rodata        0x0000000000021a90        0xd obj_cooja/mtype810.a(tcpip.o)
 *fill*         0x0000000000021a9d        0x3 
 .rodata        0x0000000000021aa0       0x4d obj_cooja/mtype810.a(uip-ds6-route.o)
 *fill*         0x0000000000021aed        0x3 
 .rodata        0x0000000000021af0       0xf4 obj_cooja/mtype810.a(uip6.o)
 .rodata        0x0000000000021be4       0x30 obj_cooja/mtype810.a(sicslowpan.o)
                0x0000000000021be4                unc_llconf
                0x0000000000021be8                unc_ctxconf
                0x0000000000021bec                unc_mxconf
                0x0000000000021bf0                llprefix
                0x0000000000021c04                sicslowpan_driver
 .rodata        0x0000000000021c14       0x2d obj_cooja/mtype810.a(uiplib.o)
 *fill*         0x0000000000021c41        0x3 
 .rodata        0x0000000000021c44       0x61 obj_cooja/mtype810.a(rpl-neighbor.o)
 .rodata        0x0000000000021ca5        0xc obj_cooja/mtype810.a(rpl-timers.o)
 *fill*         0x0000000000021cb1        0xf 
 .rodata        0x0000000000021cc0       0x70 obj_cooja/mtype810.a(rpl.o)
                0x0000000000021ce0                rpl_lite_driver
 .rodata        0x0000000000021d30       0xdb obj_cooja/mtype810.a(rpl-dag.o)
 *fill*         0x0000000000021e0b        0x1 
 .rodata        0x0000000000021e0c        0xc obj_cooja/mtype810.a(framer-802154.o)
                0x0000000000021e0c                framer_802154
 .rodata        0x0000000000021e18       0x44 obj_cooja/mtype810.a(uip-sr.o)

.rodata1
 *(.rodata1)

.eh_frame_hdr   0x0000000000021e5c     0x13a4
 *(.eh_frame_hdr)
 .eh_frame_hdr  0x0000000000021e5c     0x13a4 contact_tracing_node.o
                0x0000000000021e5c                __GNU_EH_FRAME_HDR
 *(.eh_frame_entry .eh_frame_entry.*)

.eh_frame       0x0000000000023200     0x4f74
 *(.eh_frame)
 .eh_frame      0x0000000000023200       0x3c /usr/lib/gcc/i686-linux-gnu/5/../../../i386-linux-gnu/crti.o
                                         0x40 (size before relaxing)
 .eh_frame      0x000000000002323c       0x20 contact_tracing_node.o
                                         0x38 (size before relaxing)
 .eh_frame      0x000000000002325c      0x178 obj_cooja/mtype810.o
                                        0x190 (size before relaxing)
 .eh_frame      0x00000000000233d4       0x40 obj_cooja/mtype810.a(simEnvChange.o)
                                         0x58 (size before relaxing)
 .eh_frame      0x0000000000023414       0x60 obj_cooja/mtype810.a(cooja_mt.o)
                                         0x78 (size before relaxing)
 .eh_frame      0x0000000000023474       0x80 obj_cooja/mtype810.a(cooja_mtarch.o)
                                         0x98 (size before relaxing)
 .eh_frame      0x00000000000234f4       0xc8 obj_cooja/mtype810.a(rtimer-arch.o)
                                         0xe0 (size before relaxing)
 .eh_frame      0x00000000000235bc      0x160 obj_cooja/mtype810.a(beep.o)
                                        0x178 (size before relaxing)
 .eh_frame      0x000000000002371c       0xa0 obj_cooja/mtype810.a(button-sensor.o)
                                         0xb8 (size before relaxing)
 .eh_frame      0x00000000000237bc       0xa0 obj_cooja/mtype810.a(leds-arch.o)
                                         0xb8 (size before relaxing)
 .eh_frame      0x000000000002385c       0x40 obj_cooja/mtype810.a(moteid.o)
                                         0x58 (size before relaxing)
 .eh_frame      0x000000000002389c       0xa0 obj_cooja/mtype810.a(pir-sensor.o)
                                         0xb8 (size before relaxing)
 .eh_frame      0x000000000002393c      0x100 obj_cooja/mtype810.a(rs232.o)
                                        0x118 (size before relaxing)
 .eh_frame      0x0000000000023a3c       0xa0 obj_cooja/mtype810.a(vib-sensor.o)
                                         0xb8 (size before relaxing)
 .eh_frame      0x0000000000023adc       0xc0 obj_cooja/mtype810.a(clock.o)
                                         0xd8 (size before relaxing)
 .eh_frame      0x0000000000023b9c      0x120 obj_cooja/mtype810.a(cooja-log.o)
                                        0x138 (size before relaxing)
 .eh_frame      0x0000000000023cbc      0x160 obj_cooja/mtype810.a(cfs-cooja.o)
                                        0x178 (size before relaxing)
 .eh_frame      0x0000000000023e1c      0x340 obj_cooja/mtype810.a(cooja-radio.o)
                                        0x358 (size before relaxing)
 .eh_frame      0x000000000002415c       0xa0 obj_cooja/mtype810.a(eeprom.o)
                                         0xb8 (size before relaxing)
 .eh_frame      0x00000000000241fc       0x40 obj_cooja/mtype810.a(random.o)
                                         0x58 (size before relaxing)
 .eh_frame      0x000000000002423c       0xc0 obj_cooja/mtype810.a(sensors.o)
                                         0xd8 (size before relaxing)
 .eh_frame      0x00000000000242fc       0x30 obj_cooja/mtype810.a(contiki-main.o)
                                         0x48 (size before relaxing)
 .eh_frame      0x000000000002432c       0x40 obj_cooja/mtype810.a(autostart.o)
                                         0x58 (size before relaxing)
 .eh_frame      0x000000000002436c       0x60 obj_cooja/mtype810.a(energest.o)
                                         0x78 (size before relaxing)
 .eh_frame      0x00000000000243cc      0x1e0 obj_cooja/mtype810.a(etimer.o)
                                        0x1f8 (size before relaxing)
 .eh_frame      0x00000000000245ac      0x100 obj_cooja/mtype810.a(log.o)
                                        0x118 (size before relaxing)
 .eh_frame      0x00000000000246ac      0x100 obj_cooja/mtype810.a(ctimer.o)
                                        0x118 (size before relaxing)
 .eh_frame      0x00000000000247ac      0x1c4 obj_cooja/mtype810.a(process.o)
                                        0x1dc (size before relaxing)
 .eh_frame      0x0000000000024970       0x60 obj_cooja/mtype810.a(rtimer.o)
                                         0x78 (size before relaxing)
 .eh_frame      0x00000000000249d0       0x20 obj_cooja/mtype810.a(node-id.o)
                                         0x38 (size before relaxing)
 .eh_frame      0x00000000000249f0       0xa4 obj_cooja/mtype810.a(timer.o)
                                         0xbc (size before relaxing)
 .eh_frame      0x0000000000024a94       0x60 obj_cooja/mtype810.a(serial-line.o)
                                         0x78 (size before relaxing)
 .eh_frame      0x0000000000024af4       0xa0 obj_cooja/mtype810.a(ringbuf.o)
                                         0xb8 (size before relaxing)
 .eh_frame      0x0000000000024b94      0x1a0 obj_cooja/mtype810.a(list.o)
                                        0x1b8 (size before relaxing)
 .eh_frame      0x0000000000024d34      0x2ac obj_cooja/mtype810.a(nbr-table.o)
                                        0x2c4 (size before relaxing)
 .eh_frame      0x0000000000024fe0      0x28c obj_cooja/mtype810.a(packetbuf.o)
                                        0x2a4 (size before relaxing)
 .eh_frame      0x000000000002526c       0x80 obj_cooja/mtype810.a(netstack.o)
                                         0x98 (size before relaxing)
 .eh_frame      0x00000000000252ec       0x60 obj_cooja/mtype810.a(linkaddr.o)
                                         0x78 (size before relaxing)
 .eh_frame      0x000000000002534c       0xa0 obj_cooja/mtype810.a(csma.o)
                                         0xb8 (size before relaxing)
 .eh_frame      0x00000000000253ec      0x1d4 obj_cooja/mtype810.a(csma-output.o)
                                        0x1ec (size before relaxing)
 .eh_frame      0x00000000000255c0      0x2e8 obj_cooja/mtype810.a(uip-ds6.o)
                                        0x300 (size before relaxing)
 .eh_frame      0x00000000000258a8      0x244 obj_cooja/mtype810.a(tcpip.o)
                                        0x25c (size before relaxing)
 .eh_frame      0x0000000000025aec      0x220 obj_cooja/mtype810.a(uip-ds6-route.o)
                                        0x238 (size before relaxing)
 .eh_frame      0x0000000000025d0c      0x1a8 obj_cooja/mtype810.a(uip6.o)
                                        0x1c0 (size before relaxing)
 .eh_frame      0x0000000000025eb4      0x1c0 obj_cooja/mtype810.a(uip-ds6-nbr.o)
                                        0x1d8 (size before relaxing)
 .eh_frame      0x0000000000026074       0x84 obj_cooja/mtype810.a(uip-nd6.o)
                                         0x9c (size before relaxing)
 .eh_frame      0x00000000000260f8      0x2f8 obj_cooja/mtype810.a(sicslowpan.o)
                                        0x310 (size before relaxing)
 .eh_frame      0x00000000000263f0       0x88 obj_cooja/mtype810.a(uiplib.o)
                                         0xa0 (size before relaxing)
 .eh_frame      0x0000000000026478       0x80 obj_cooja/mtype810.a(rpl-nbr-policy.)
                                         0x98 (size before relaxing)
 .eh_frame      0x00000000000264f8      0x2d4 obj_cooja/mtype810.a(rpl-neighbor.o)
                                        0x2ec (size before relaxing)
 .eh_frame      0x00000000000267cc      0x368 obj_cooja/mtype810.a(rpl-timers.o)
                                        0x380 (size before relaxing)
 .eh_frame      0x0000000000026b34      0x1e0 obj_cooja/mtype810.a(rpl.o)
                                        0x1f8 (size before relaxing)
 .eh_frame      0x0000000000026d14      0x1c4 obj_cooja/mtype810.a(rpl-icmp6.o)
                                        0x1dc (size before relaxing)
 .eh_frame      0x0000000000026ed8      0x370 obj_cooja/mtype810.a(rpl-dag.o)
                                        0x388 (size before relaxing)
 .eh_frame      0x0000000000027248       0xa0 obj_cooja/mtype810.a(rpl-dag-root.o)
                                         0xb8 (size before relaxing)
 .eh_frame      0x00000000000272e8       0xa0 obj_cooja/mtype810.a(watchdog.o)
                                         0xb8 (size before relaxing)
 .eh_frame      0x0000000000027388       0xc4 obj_cooja/mtype810.a(stimer.o)
                                         0xdc (size before relaxing)
 .eh_frame      0x000000000002744c       0xa0 obj_cooja/mtype810.a(memb.o)
                                         0xb8 (size before relaxing)
 .eh_frame      0x00000000000274ec      0x1a0 obj_cooja/mtype810.a(queuebuf.o)
                                        0x1b8 (size before relaxing)
 .eh_frame      0x000000000002768c      0x100 obj_cooja/mtype810.a(link-stats.o)
                                        0x118 (size before relaxing)
 .eh_frame      0x000000000002778c       0x48 obj_cooja/mtype810.a(mac-sequence.o)
                                         0x60 (size before relaxing)
 .eh_frame      0x00000000000277d4       0x20 obj_cooja/mtype810.a(mac.o)
                                         0x38 (size before relaxing)
 .eh_frame      0x00000000000277f4       0xa4 obj_cooja/mtype810.a(framer-802154.o)
                                         0xbc (size before relaxing)
 .eh_frame      0x0000000000027898      0x1a4 obj_cooja/mtype810.a(frame802154.o)
                                        0x1bc (size before relaxing)
 .eh_frame      0x0000000000027a3c      0x100 obj_cooja/mtype810.a(uipbuf.o)
                                        0x118 (size before relaxing)
 .eh_frame      0x0000000000027b3c      0x160 obj_cooja/mtype810.a(uip-icmp6.o)
                                        0x178 (size before relaxing)
 .eh_frame      0x0000000000027c9c      0x184 obj_cooja/mtype810.a(uip-sr.o)
                                        0x19c (size before relaxing)
 .eh_frame      0x0000000000027e20       0xe0 obj_cooja/mtype810.a(uip-packetqueue)
                                         0xf8 (size before relaxing)
 .eh_frame      0x0000000000027f00      0x128 obj_cooja/mtype810.a(rpl-ext-header.)
                                        0x140 (size before relaxing)
 .eh_frame      0x0000000000028028      0x148 obj_cooja/mtype810.a(rpl-mrhof.o)
                                        0x160 (size before relaxing)
 .eh_frame      0x0000000000028170        0x4 /usr/lib/gcc/i686-linux-gnu/5/crtendS.o
 *(.eh_frame.*)

.gcc_except_table
 *(.gcc_except_table .gcc_except_table.*)

.gnu_extab
 *(.gnu_extab*)

.exception_ranges
 *(.exception_ranges .exception_ranges*)
                0x0000000000029f10                . = DATA_SEGMENT_ALIGN (0x1000, 0x1000)

.eh_frame
 *(.eh_frame)
 *(.eh_frame.*)

.gnu_extab
 *(.gnu_extab)

.gcc_except_table
 *(.gcc_except_table .gcc_except_table.*)

.exception_ranges
 *(.exception_ranges .exception_ranges*)

.tdata
 *(.tdata .tdata.* .gnu.linkonce.td.*)

.tbss
 *(.tbss .tbss.* .gnu.linkonce.tb.*)
 *(.tcommon)

.preinit_array
 *(.preinit_array)

.init_array     0x0000000000029f10        0x4
 *(SORT(.init_array.*) SORT(.ctors.*))
 *(.init_array EXCLUDE_FILE(*crtend?.o *crtend.o *crtbegin?.o *crtbegin.o) .ctors)
 .init_array    0x0000000000029f10        0x4 /usr/lib/gcc/i686-linux-gnu/5/crtbeginS.o

.fini_array     0x0000000000029f14        0x4
 *(SORT(.fini_array.*) SORT(.dtors.*))
 *(.fini_array EXCLUDE_FILE(*crtend?.o *crtend.o *crtbegin?.o *crtbegin.o) .dtors)
 .fini_array    0x0000000000029f14        0x4 /usr/lib/gcc/i686-linux-gnu/5/crtbeginS.o

.ctors
 *crtbegin.o(.ctors)
 *crtbegin?.o(.ctors)
 *(EXCLUDE_FILE(*crtend?.o *crtend.o) .ctors)
 *(SORT(.ctors.*))
 *(.ctors)

.dtors
 *crtbegin.o(.dtors)
 *crtbegin?.o(.dtors)
 *(EXCLUDE_FILE(*crtend?.o *crtend.o) .dtors)
 *(SORT(.dtors.*))
 *(.dtors)

.jcr            0x0000000000029f18        0x4
 *(.jcr)
 .jcr           0x0000000000029f18        0x0 /usr/lib/gcc/i686-linux-gnu/5/crtbeginS.o
 .jcr           0x0000000000029f18        0x4 /usr/lib/gcc/i686-linux-gnu/5/crtendS.o

.data.rel.ro
 *(.data.rel.ro.local* .gnu.linkonce.d.rel.ro.local.*)
 *(.data.rel.ro .data.rel.ro.* .gnu.linkonce.d.rel.ro.*)

.dynamic        0x0000000000029f1c       0xd0
 *(.dynamic)
 .dynamic       0x0000000000029f1c       0xd0 /usr/lib/gcc/i686-linux-gnu/5/../../../i386-linux-gnu/crti.o
                0x0000000000029f1c                _DYNAMIC

.got            0x0000000000029fec       0x14
 *(.got)
 .got           0x0000000000029fec       0x14 /usr/lib/gcc/i686-linux-gnu/5/../../../i386-linux-gnu/crti.o
 *(.igot)
                0x000000000002aff4                . = DATA_SEGMENT_RELRO_END (., (SIZEOF (.got.plt) >= 0xc)?0xc:0x0)

.got.plt        0x000000000002a000        0xc
 *(.got.plt)
 .got.plt       0x000000000002a000        0xc /usr/lib/gcc/i686-linux-gnu/5/../../../i386-linux-gnu/crti.o
                0x000000000002a000                _GLOBAL_OFFSET_TABLE_
 *(.igot.plt)

.data           0x000000000002a020      0x304
 *(.data .data.* .gnu.linkonce.d.*)
 .data          0x000000000002a020        0x0 /usr/lib/gcc/i686-linux-gnu/5/../../../i386-linux-gnu/crti.o
 .data          0x000000000002a020        0x0 /usr/lib/gcc/i686-linux-gnu/5/crtbeginS.o
 .data.rel.local
                0x000000000002a020        0x4 /usr/lib/gcc/i686-linux-gnu/5/crtbeginS.o
                0x000000000002a020                __dso_handle
 .data          0x000000000002a024       0x10 contact_tracing_node.o
                0x000000000002a024                contact_tracing_process
 *fill*         0x000000000002a034        0xc 
 .data          0x000000000002a040       0x44 obj_cooja/mtype810.o
                0x000000000002a040                simInterfaces
                0x000000000002a074                sensors
 .data          0x000000000002a084        0x0 obj_cooja/mtype810.a(simEnvChange.o)
 .data          0x000000000002a084        0x0 obj_cooja/mtype810.a(cooja_mt.o)
 .data          0x000000000002a084        0x0 obj_cooja/mtype810.a(cooja_mtarch.o)
 .data          0x000000000002a084        0x0 obj_cooja/mtype810.a(rtimer-arch.o)
 .data          0x000000000002a084        0x0 obj_cooja/mtype810.a(beep.o)
 .data          0x000000000002a084        0x0 obj_cooja/mtype810.a(button-sensor.o)
 .data          0x000000000002a084        0x0 obj_cooja/mtype810.a(leds-arch.o)
 .data          0x000000000002a084        0x0 obj_cooja/mtype810.a(moteid.o)
 .data          0x000000000002a084        0x0 obj_cooja/mtype810.a(pir-sensor.o)
 .data          0x000000000002a084        0x0 obj_cooja/mtype810.a(rs232.o)
 .data          0x000000000002a084        0x0 obj_cooja/mtype810.a(vib-sensor.o)
 .data          0x000000000002a084        0x0 obj_cooja/mtype810.a(clock.o)
 .data          0x000000000002a084        0x0 obj_cooja/mtype810.a(cooja-log.o)
 .data          0x000000000002a084        0x0 obj_cooja/mtype810.a(cfs-cooja.o)
 .data          0x000000000002a084       0x2c obj_cooja/mtype810.a(cooja-radio.o)
                0x000000000002a084                simRadioHWOn
                0x000000000002a088                simSignalStrength
                0x000000000002a08c                simLastSignalStrength
                0x000000000002a090                simPower
                0x000000000002a094                simRadioChannel
                0x000000000002a098                simLQI
                0x000000000002a0a0                cooja_radio_process
 .data          0x000000000002a0b0        0x0 obj_cooja/mtype810.a(eeprom.o)
 .data          0x000000000002a0b0        0x0 obj_cooja/mtype810.a(random.o)
 .data          0x000000000002a0b0       0x10 obj_cooja/mtype810.a(sensors.o)
                0x000000000002a0b0                sensors_process
 .data          0x000000000002a0c0        0x0 obj_cooja/mtype810.a(contiki-main.o)
 .data          0x000000000002a0c0        0x0 obj_cooja/mtype810.a(autostart.o)
 .data          0x000000000002a0c0        0x0 obj_cooja/mtype810.a(energest.o)
 .data          0x000000000002a0c0       0x10 obj_cooja/mtype810.a(etimer.o)
                0x000000000002a0c0                etimer_process
 *fill*         0x000000000002a0d0       0x10 
 .data          0x000000000002a0e0       0xb0 obj_cooja/mtype810.a(log.o)
                0x000000000002a0e0                curr_log_level_main
                0x000000000002a100                all_modules
 .data          0x000000000002a190       0x14 obj_cooja/mtype810.a(ctimer.o)
                0x000000000002a194                ctimer_process
 .data          0x000000000002a1a4        0x0 obj_cooja/mtype810.a(process.o)
 .data          0x000000000002a1a4        0x0 obj_cooja/mtype810.a(rtimer.o)
 .data          0x000000000002a1a4        0x0 obj_cooja/mtype810.a(node-id.o)
 .data          0x000000000002a1a4        0x0 obj_cooja/mtype810.a(timer.o)
 .data          0x000000000002a1a4       0x10 obj_cooja/mtype810.a(serial-line.o)
                0x000000000002a1a4                serial_line_process
 .data          0x000000000002a1b4        0x0 obj_cooja/mtype810.a(ringbuf.o)
 .data          0x000000000002a1b4        0x0 obj_cooja/mtype810.a(list.o)
 .data          0x000000000002a1b4       0x10 obj_cooja/mtype810.a(nbr-table.o)
 .data          0x000000000002a1c4        0x4 obj_cooja/mtype810.a(packetbuf.o)
 .data          0x000000000002a1c8        0x4 obj_cooja/mtype810.a(netstack.o)
 .data          0x000000000002a1cc        0x0 obj_cooja/mtype810.a(linkaddr.o)
 .data          0x000000000002a1cc        0x0 obj_cooja/mtype810.a(csma.o)
 .data          0x000000000002a1cc       0x28 obj_cooja/mtype810.a(csma-output.o)
 .data          0x000000000002a1f4        0x0 obj_cooja/mtype810.a(uip-ds6.o)
 .data          0x000000000002a1f4       0x10 obj_cooja/mtype810.a(tcpip.o)
                0x000000000002a1f4                tcpip_process
 .data          0x000000000002a204       0x10 obj_cooja/mtype810.a(uip-ds6-route.o)
 .data          0x000000000002a214        0x0 obj_cooja/mtype810.a(uip6.o)
 .data          0x000000000002a214       0x14 obj_cooja/mtype810.a(uip-ds6-nbr.o)
                0x000000000002a224                ds6_neighbors
 .data          0x000000000002a228        0xc obj_cooja/mtype810.a(uip-nd6.o)
 .data          0x000000000002a234        0x0 obj_cooja/mtype810.a(sicslowpan.o)
 .data          0x000000000002a234        0x0 obj_cooja/mtype810.a(uiplib.o)
 .data          0x000000000002a234        0x0 obj_cooja/mtype810.a(rpl-nbr-policy.)
 .data          0x000000000002a234       0x14 obj_cooja/mtype810.a(rpl-neighbor.o)
                0x000000000002a244                rpl_neighbors
 .data          0x000000000002a248        0x0 obj_cooja/mtype810.a(rpl-timers.o)
 .data          0x000000000002a248        0x0 obj_cooja/mtype810.a(rpl.o)
 .data          0x000000000002a248       0x30 obj_cooja/mtype810.a(rpl-icmp6.o)
 .data          0x000000000002a278        0x0 obj_cooja/mtype810.a(rpl-dag.o)
 .data          0x000000000002a278        0x0 obj_cooja/mtype810.a(rpl-dag-root.o)
 .data          0x000000000002a278        0x0 obj_cooja/mtype810.a(watchdog.o)
 .data          0x000000000002a278        0x0 obj_cooja/mtype810.a(stimer.o)
 .data          0x000000000002a278        0x0 obj_cooja/mtype810.a(memb.o)
 .data          0x000000000002a278       0x18 obj_cooja/mtype810.a(queuebuf.o)
 .data          0x000000000002a290       0x14 obj_cooja/mtype810.a(link-stats.o)
 .data          0x000000000002a2a4        0x0 obj_cooja/mtype810.a(mac-sequence.o)
 .data          0x000000000002a2a4        0x0 obj_cooja/mtype810.a(mac.o)
 .data          0x000000000002a2a4        0x0 obj_cooja/mtype810.a(framer-802154.o)
 .data          0x000000000002a2a4        0x2 obj_cooja/mtype810.a(frame802154.o)
 .data          0x000000000002a2a6        0x0 obj_cooja/mtype810.a(uipbuf.o)
 *fill*         0x000000000002a2a6        0x2 
 .data          0x000000000002a2a8       0x20 obj_cooja/mtype810.a(uip-icmp6.o)
 .data          0x000000000002a2c8       0x10 obj_cooja/mtype810.a(uip-sr.o)
 .data          0x000000000002a2d8        0xc obj_cooja/mtype810.a(uip-packetqueue)
 .data          0x000000000002a2e4        0x0 obj_cooja/mtype810.a(rpl-ext-header.)
 *fill*         0x000000000002a2e4       0x1c 
 .data          0x000000000002a300       0x24 obj_cooja/mtype810.a(rpl-mrhof.o)
                0x000000000002a300                rpl_mrhof
 .data          0x000000000002a324        0x0 /usr/lib/gcc/i686-linux-gnu/5/crtendS.o
 .data          0x000000000002a324        0x0 /usr/lib/gcc/i686-linux-gnu/5/../../../i386-linux-gnu/crtn.o

.tm_clone_table
                0x000000000002a324        0x0
 .tm_clone_table
                0x000000000002a324        0x0 /usr/lib/gcc/i686-linux-gnu/5/crtbeginS.o
 .tm_clone_table
                0x000000000002a324        0x0 /usr/lib/gcc/i686-linux-gnu/5/crtendS.o

.data1
 *(.data1)
                0x000000000002a324                _edata = .
                [!provide]                        PROVIDE (edata, .)
                0x000000000002a324                . = .
                0x000000000002a324                __bss_start = .

.bss            0x000000000002a340    0x137a0
 *(.dynbss)
 .dynbss        0x000000000002a340        0x0 /usr/lib/gcc/i686-linux-gnu/5/../../../i386-linux-gnu/crti.o
 *(.bss .bss.* .gnu.linkonce.b.*)
 .bss           0x000000000002a340        0x0 /usr/lib/gcc/i686-linux-gnu/5/../../../i386-linux-gnu/crti.o
 .bss           0x000000000002a340        0x1 /usr/lib/gcc/i686-linux-gnu/5/crtbeginS.o
 *fill*         0x000000000002a341        0x3 
 .bss           0x000000000002a344       0x10 contact_tracing_node.o
 *fill*         0x000000000002a354        0xc 
 .bss           0x000000000002a360     0x2030 obj_cooja/mtype810.o
 .bss           0x000000000002c390        0x1 obj_cooja/mtype810.a(simEnvChange.o)
                0x000000000002c390                simDontFallAsleep
 *fill*         0x000000000002c391        0x3 
 .bss           0x000000000002c394        0x4 obj_cooja/mtype810.a(cooja_mt.o)
 .bss           0x000000000002c398        0x4 obj_cooja/mtype810.a(cooja_mtarch.o)
 .bss           0x000000000002c39c        0x0 obj_cooja/mtype810.a(rtimer-arch.o)
 .bss           0x000000000002c39c        0x0 obj_cooja/mtype810.a(beep.o)
 .bss           0x000000000002c39c        0x8 obj_cooja/mtype810.a(button-sensor.o)
 .bss           0x000000000002c3a4        0x0 obj_cooja/mtype810.a(leds-arch.o)
 .bss           0x000000000002c3a4        0x0 obj_cooja/mtype810.a(moteid.o)
 .bss           0x000000000002c3a4        0x1 obj_cooja/mtype810.a(pir-sensor.o)
                0x000000000002c3a4                simPirValue
 *fill*         0x000000000002c3a5        0x3 
 .bss           0x000000000002c3a8        0x4 obj_cooja/mtype810.a(rs232.o)
 .bss           0x000000000002c3ac        0x1 obj_cooja/mtype810.a(vib-sensor.o)
                0x000000000002c3ac                simVibValue
 .bss           0x000000000002c3ad        0x0 obj_cooja/mtype810.a(clock.o)
 *fill*         0x000000000002c3ad       0x13 
 .bss           0x000000000002c3c0     0x2020 obj_cooja/mtype810.a(cooja-log.o)
 .bss           0x000000000002e3e0      0xfc0 obj_cooja/mtype810.a(cfs-cooja.o)
                0x000000000002e3e0                simCFSData
                0x000000000002f380                simCFSSize
                0x000000000002f384                simCFSChanged
                0x000000000002f388                simCFSRead
                0x000000000002f38c                simCFSWritten
 .bss           0x000000000002f3a0       0x24 obj_cooja/mtype810.a(cooja-radio.o)
                0x000000000002f3a0                simReceiving
                0x000000000002f3a4                simInSize
                0x000000000002f3a8                simLastPacketTimestamp
                0x000000000002f3b0                simOutSize
 .bss           0x000000000002f3c4        0xc obj_cooja/mtype810.a(eeprom.o)
                0x000000000002f3c4                simEEPROMChanged
                0x000000000002f3c8                simEEPROMRead
                0x000000000002f3cc                simEEPROMWritten
 .bss           0x000000000002f3d0        0x0 obj_cooja/mtype810.a(random.o)
 .bss           0x000000000002f3d0        0xc obj_cooja/mtype810.a(sensors.o)
 .bss           0x000000000002f3dc        0x0 obj_cooja/mtype810.a(contiki-main.o)
 .bss           0x000000000002f3dc        0x0 obj_cooja/mtype810.a(autostart.o)
 .bss           0x000000000002f3dc        0x0 obj_cooja/mtype810.a(energest.o)
 .bss           0x000000000002f3dc        0x8 obj_cooja/mtype810.a(etimer.o)
 .bss           0x000000000002f3e4       0x28 obj_cooja/mtype810.a(log.o)
                0x000000000002f3e4                curr_log_level_rpl
                0x000000000002f3e8                curr_log_level_tcpip
                0x000000000002f3ec                curr_log_level_ipv6
                0x000000000002f3f0                curr_log_level_6lowpan
                0x000000000002f3f4                curr_log_level_nullnet
                0x000000000002f3f8                curr_log_level_mac
                0x000000000002f3fc                curr_log_level_framer
                0x000000000002f400                curr_log_level_6top
                0x000000000002f404                curr_log_level_coap
                0x000000000002f408                curr_log_level_lwm2m
 .bss           0x000000000002f40c        0x5 obj_cooja/mtype810.a(ctimer.o)
 *fill*         0x000000000002f411        0xf 
 .bss           0x000000000002f420      0x1a1 obj_cooja/mtype810.a(process.o)
                0x000000000002f420                process_list
                0x000000000002f424                process_current
 *fill*         0x000000000002f5c1        0x3 
 .bss           0x000000000002f5c4        0x4 obj_cooja/mtype810.a(rtimer.o)
 .bss           0x000000000002f5c8        0x2 obj_cooja/mtype810.a(node-id.o)
                0x000000000002f5c8                node_id
 .bss           0x000000000002f5ca        0x0 obj_cooja/mtype810.a(timer.o)
 *fill*         0x000000000002f5ca       0x16 
 .bss           0x000000000002f5e0      0x140 obj_cooja/mtype810.a(serial-line.o)
 .bss           0x000000000002f720        0x0 obj_cooja/mtype810.a(ringbuf.o)
 .bss           0x000000000002f720        0x0 obj_cooja/mtype810.a(list.o)
 .bss           0x000000000002f720     0x1214 obj_cooja/mtype810.a(nbr-table.o)
 *fill*         0x0000000000030934        0xc 
 .bss           0x0000000000030940       0xa0 obj_cooja/mtype810.a(packetbuf.o)
 .bss           0x00000000000309e0        0x4 obj_cooja/mtype810.a(netstack.o)
 .bss           0x00000000000309e4        0x0 obj_cooja/mtype810.a(linkaddr.o)
 .bss           0x00000000000309e4        0x0 obj_cooja/mtype810.a(csma.o)
 *fill*         0x00000000000309e4       0x1c 
 .bss           0x0000000000030a00      0x726 obj_cooja/mtype810.a(csma-output.o)
 *fill*         0x0000000000031126        0x2 
 .bss           0x0000000000031128       0x20 obj_cooja/mtype810.a(uip-ds6.o)
 .bss           0x0000000000031148       0x10 obj_cooja/mtype810.a(tcpip.o)
 *fill*         0x0000000000031158        0x8 
 .bss           0x0000000000031160       0x60 obj_cooja/mtype810.a(uip-ds6-route.o)
 .bss           0x00000000000311c0        0x6 obj_cooja/mtype810.a(uip6.o)
                0x00000000000311c0                uip_ext_bitmap
                0x00000000000311c1                uip_ext_len
                0x00000000000311c2                uip_ext_opt_offset
 *fill*         0x00000000000311c6       0x1a 
 .bss           0x00000000000311e0     0x1c20 obj_cooja/mtype810.a(uip-ds6-nbr.o)
 .bss           0x0000000000032e00       0x10 obj_cooja/mtype810.a(uip-nd6.o)
 *fill*         0x0000000000032e10       0x10 
 .bss           0x0000000000032e20      0x724 obj_cooja/mtype810.a(sicslowpan.o)
 .bss           0x0000000000033544        0x0 obj_cooja/mtype810.a(uiplib.o)
 .bss           0x0000000000033544        0xe obj_cooja/mtype810.a(rpl-nbr-policy.)
 *fill*         0x0000000000033552        0xe 
 .bss           0x0000000000033560      0x960 obj_cooja/mtype810.a(rpl-neighbor.o)
 .bss           0x0000000000033ec0       0x40 obj_cooja/mtype810.a(rpl-timers.o)
 .bss           0x0000000000033f00        0x1 obj_cooja/mtype810.a(rpl.o)
 .bss           0x0000000000033f01        0x0 obj_cooja/mtype810.a(rpl-icmp6.o)
 .bss           0x0000000000033f01        0x0 obj_cooja/mtype810.a(rpl-dag.o)
 *fill*         0x0000000000033f01        0x3 
 .bss           0x0000000000033f04       0x11 obj_cooja/mtype810.a(rpl-dag-root.o)
 .bss           0x0000000000033f15        0x0 obj_cooja/mtype810.a(watchdog.o)
 .bss           0x0000000000033f15        0x0 obj_cooja/mtype810.a(stimer.o)
 .bss           0x0000000000033f15        0x0 obj_cooja/mtype810.a(memb.o)
 *fill*         0x0000000000033f15        0xb 
 .bss           0x0000000000033f20     0x2c80 obj_cooja/mtype810.a(queuebuf.o)
 .bss           0x0000000000036ba0      0xe10 obj_cooja/mtype810.a(link-stats.o)
 *fill*         0x00000000000379b0       0x10 
 .bss           0x00000000000379c0      0x100 obj_cooja/mtype810.a(mac-sequence.o)
 .bss           0x0000000000037ac0        0x0 obj_cooja/mtype810.a(mac.o)
 .bss           0x0000000000037ac0        0x2 obj_cooja/mtype810.a(framer-802154.o)
 .bss           0x0000000000037ac2        0x0 obj_cooja/mtype810.a(frame802154.o)
 *fill*         0x0000000000037ac2        0x2 
 .bss           0x0000000000037ac4        0xc obj_cooja/mtype810.a(uipbuf.o)
 .bss           0x0000000000037ad0       0x18 obj_cooja/mtype810.a(uip-icmp6.o)
 *fill*         0x0000000000037ae8       0x18 
 .bss           0x0000000000037b00     0x1d80 obj_cooja/mtype810.a(uip-sr.o)
 .bss           0x0000000000039880      0xa78 obj_cooja/mtype810.a(uip-packetqueue)
 .bss           0x000000000003a2f8        0x0 obj_cooja/mtype810.a(rpl-ext-header.)
 .bss           0x000000000003a2f8        0x0 obj_cooja/mtype810.a(rpl-mrhof.o)
 .bss           0x000000000003a2f8        0x0 /usr/lib/gcc/i686-linux-gnu/5/crtendS.o
 .bss           0x000000000003a2f8        0x0 /usr/lib/gcc/i686-linux-gnu/5/../../../i386-linux-gnu/crtn.o
 *(COMMON)
 COMMON         0x000000000003a2f8        0x8 obj_cooja/mtype810.o
                0x000000000003a2f8                referenceVar
                0x000000000003a2fc                sensors_flags
 COMMON         0x000000000003a300        0xc obj_cooja/mtype810.a(simEnvChange.o)
                0x000000000003a300                simEtimerPending
                0x000000000003a304                simProcessRunValue
                0x000000000003a308                simEtimerNextExpirationTime
 *fill*         0x000000000003a30c        0x4 
 COMMON         0x000000000003a310       0x18 obj_cooja/mtype810.a(rtimer-arch.o)
                0x000000000003a310                simRtimerPending
                0x000000000003a318                simRtimerCurrentTicks
                0x000000000003a320                simRtimerNextExpirationTime
 COMMON         0x000000000003a328        0x1 obj_cooja/mtype810.a(beep.o)
                0x000000000003a328                simBeeped
 COMMON         0x000000000003a329        0x3 obj_cooja/mtype810.a(button-sensor.o)
                0x000000000003a329                simButtonIsActive
                0x000000000003a32a                simButtonIsDown
                0x000000000003a32b                simButtonChanged
 COMMON         0x000000000003a32c        0x1 obj_cooja/mtype810.a(leds-arch.o)
                0x000000000003a32c                simLedsValue
 *fill*         0x000000000003a32d        0x3 
 COMMON         0x000000000003a330        0xc obj_cooja/mtype810.a(moteid.o)
                0x000000000003a330                simRandomSeed
                0x000000000003a334                simMoteIDChanged
                0x000000000003a338                simMoteID
 COMMON         0x000000000003a33c        0x2 obj_cooja/mtype810.a(pir-sensor.o)
                0x000000000003a33c                simPirIsActive
                0x000000000003a33d                simPirChanged
 *fill*         0x000000000003a33e        0x2 
 COMMON         0x000000000003a340      0x820 obj_cooja/mtype810.a(rs232.o)
                0x000000000003a340                simSerialReceivingFlag
                0x000000000003a344                simSerialReceivingLength
                0x000000000003a360                simSerialReceivingData
 COMMON         0x000000000003ab60        0x2 obj_cooja/mtype810.a(vib-sensor.o)
                0x000000000003ab60                simVibChanged
                0x000000000003ab61                simVibIsActive
 *fill*         0x000000000003ab62        0x2 
 COMMON         0x000000000003ab64        0x4 obj_cooja/mtype810.a(clock.o)
                0x000000000003ab64                simCurrentTime
 *fill*         0x000000000003ab68       0x18 
 COMMON         0x000000000003ab80     0x2020 obj_cooja/mtype810.a(cooja-log.o)
                0x000000000003ab80                simLoggedLength
                0x000000000003ab84                simLoggedFlag
                0x000000000003aba0                simLoggedData
 COMMON         0x000000000003cba0      0x100 obj_cooja/mtype810.a(cooja-radio.o)
                0x000000000003cba0                simOutDataBuffer
                0x000000000003cc20                simInDataBuffer
 COMMON         0x000000000003cca0      0x400 obj_cooja/mtype810.a(eeprom.o)
                0x000000000003cca0                simEEPROMData
 COMMON         0x000000000003d0a0        0x1 obj_cooja/mtype810.a(sensors.o)
                0x000000000003d0a0                sensors_event
 *fill*         0x000000000003d0a1        0x3 
 COMMON         0x000000000003d0a4       0x50 obj_cooja/mtype810.a(contiki-main.o)
                0x000000000003d0a4                eb_per_time_source
                0x000000000003d0b8                unicast_per_neighbor_rpl_storing
                0x000000000003d0cc                unicast_per_neighbor_rpl_ns
                0x000000000003d0e0                default_common
 COMMON         0x000000000003d0f4        0x1 obj_cooja/mtype810.a(serial-line.o)
                0x000000000003d0f4                serial_line_event_message
 *fill*         0x000000000003d0f5        0x3 
 COMMON         0x000000000003d0f8       0x2c obj_cooja/mtype810.a(packetbuf.o)
                0x000000000003d0f8                packetbuf_attrs
                0x000000000003d114                packetbuf_addrs
 COMMON         0x000000000003d124        0x8 obj_cooja/mtype810.a(linkaddr.o)
                0x000000000003d124                linkaddr_node_addr
 *fill*         0x000000000003d12c       0x14 
 COMMON         0x000000000003d140      0x181 obj_cooja/mtype810.a(uip-ds6.o)
                0x000000000003d140                uip_ds6_prefix_list
                0x000000000003d1a0                uip_ds6_timer_periodic
                0x000000000003d1b0                uip_ds6_netif_addr_list_offset
                0x000000000003d1c0                uip_ds6_if
                0x000000000003d2b8                uip_ds6_timer_ra
                0x000000000003d2c0                uip_ds6_addr_size
 COMMON         0x000000000003d2c1        0x1 obj_cooja/mtype810.a(tcpip.o)
                0x000000000003d2c1                tcpip_event
 *fill*         0x000000000003d2c2       0x1e 
 COMMON         0x000000000003d2e0      0x64c obj_cooja/mtype810.a(uip6.o)
                0x000000000003d2e0                uip_slen
                0x000000000003d2e4                uip_lladdr
                0x000000000003d2ec                uip_appdata
                0x000000000003d2f0                uip_flags
                0x000000000003d300                uip_aligned_buf
                0x000000000003d800                uip_len
                0x000000000003d804                uip_sappdata
                0x000000000003d820                uip_udp_conns
                0x000000000003d920                uip_udp_conn
                0x000000000003d924                uip_next_hdr
                0x000000000003d928                uip_conn
 COMMON         0x000000000003d92c       0x10 obj_cooja/mtype810.a(rpl.o)
                0x000000000003d92c                rpl_multicast_addr
 *fill*         0x000000000003d93c        0x4 
 COMMON         0x000000000003d940      0x164 obj_cooja/mtype810.a(rpl-dag.o)
                0x000000000003d940                curr_instance
 *fill*         0x000000000003daa4       0x1c 
 COMMON         0x000000000003dac0       0x20 obj_cooja/mtype810.a(link-stats.o)
                0x000000000003dac0                periodic_timer
                0x000000000003dae0                . = ALIGN ((. != 0x0)?0x4:0x1)
                0x000000000003dae0                . = ALIGN (0x4)
                0x000000000003dae0                . = SEGMENT_START ("ldata-segment", .)
                0x000000000003dae0                . = ALIGN (0x4)
                0x000000000003dae0                _end = .
                [!provide]                        PROVIDE (end, .)
                0x000000000003dae0                . = DATA_SEGMENT_END (.)

.stab
 *(.stab)

.stabstr
 *(.stabstr)

.stab.excl
 *(.stab.excl)

.stab.exclstr
 *(.stab.exclstr)

.stab.index
 *(.stab.index)

.stab.indexstr
 *(.stab.indexstr)

.comment        0x0000000000000000       0x35
 *(.comment)
 .comment       0x0000000000000000       0x35 /usr/lib/gcc/i686-linux-gnu/5/crtbeginS.o
                                         0x36 (size before relaxing)
 .comment       0x0000000000000035       0x36 contact_tracing_node.o
 .comment       0x0000000000000035       0x36 obj_cooja/mtype810.o
 .comment       0x0000000000000035       0x36 obj_cooja/mtype810.a(simEnvChange.o)
 .comment       0x0000000000000035       0x36 obj_cooja/mtype810.a(cooja_mt.o)
 .comment       0x0000000000000035       0x36 obj_cooja/mtype810.a(cooja_mtarch.o)
 .comment       0x0000000000000035       0x36 obj_cooja/mtype810.a(rtimer-arch.o)
 .comment       0x0000000000000035       0x36 obj_cooja/mtype810.a(beep.o)
 .comment       0x0000000000000035       0x36 obj_cooja/mtype810.a(button-sensor.o)
 .comment       0x0000000000000035       0x36 obj_cooja/mtype810.a(leds-arch.o)
 .comment       0x0000000000000035       0x36 obj_cooja/mtype810.a(moteid.o)
 .comment       0x0000000000000035       0x36 obj_cooja/mtype810.a(pir-sensor.o)
 .comment       0x0000000000000035       0x36 obj_cooja/mtype810.a(rs232.o)
 .comment       0x0000000000000035       0x36 obj_cooja/mtype810.a(vib-sensor.o)
 .comment       0x0000000000000035       0x36 obj_cooja/mtype810.a(clock.o)
 .comment       0x0000000000000035       0x36 obj_cooja/mtype810.a(cooja-log.o)
 .comment       0x0000000000000035       0x36 obj_cooja/mtype810.a(cfs-cooja.o)
 .comment       0x0000000000000035       0x36 obj_cooja/mtype810.a(cooja-radio.o)
 .comment       0x0000000000000035       0x36 obj_cooja/mtype810.a(eeprom.o)
 .comment       0x0000000000000035       0x36 obj_cooja/mtype810.a(random.o)
 .comment       0x0000000000000035       0x36 obj_cooja/mtype810.a(sensors.o)
 .comment       0x0000000000000035       0x36 obj_cooja/mtype810.a(contiki-main.o)
 .comment       0x0000000000000035       0x36 obj_cooja/mtype810.a(autostart.o)
 .comment       0x0000000000000035       0x36 obj_cooja/mtype810.a(energest.o)
 .comment       0x0000000000000035       0x36 obj_cooja/mtype810.a(etimer.o)
 .comment       0x0000000000000035       0x36 obj_cooja/mtype810.a(log.o)
 .comment       0x0000000000000035       0x36 obj_cooja/mtype810.a(ctimer.o)
 .comment       0x0000000000000035       0x36 obj_cooja/mtype810.a(process.o)
 .comment       0x0000000000000035       0x36 obj_cooja/mtype810.a(rtimer.o)
 .comment       0x0000000000000035       0x36 obj_cooja/mtype810.a(node-id.o)
 .comment       0x0000000000000035       0x36 obj_cooja/mtype810.a(timer.o)
 .comment       0x0000000000000035       0x36 obj_cooja/mtype810.a(serial-line.o)
 .comment       0x0000000000000035       0x36 obj_cooja/mtype810.a(ringbuf.o)
 .comment       0x0000000000000035       0x36 obj_cooja/mtype810.a(list.o)
 .comment       0x0000000000000035       0x36 obj_cooja/mtype810.a(nbr-table.o)
 .comment       0x0000000000000035       0x36 obj_cooja/mtype810.a(packetbuf.o)
 .comment       0x0000000000000035       0x36 obj_cooja/mtype810.a(netstack.o)
 .comment       0x0000000000000035       0x36 obj_cooja/mtype810.a(linkaddr.o)
 .comment       0x0000000000000035       0x36 obj_cooja/mtype810.a(csma.o)
 .comment       0x0000000000000035       0x36 obj_cooja/mtype810.a(csma-output.o)
 .comment       0x0000000000000035       0x36 obj_cooja/mtype810.a(uip-ds6.o)
 .comment       0x0000000000000035       0x36 obj_cooja/mtype810.a(tcpip.o)
 .comment       0x0000000000000035       0x36 obj_cooja/mtype810.a(uip-ds6-route.o)
 .comment       0x0000000000000035       0x36 obj_cooja/mtype810.a(uip6.o)
 .comment       0x0000000000000035       0x36 obj_cooja/mtype810.a(uip-ds6-nbr.o)
 .comment       0x0000000000000035       0x36 obj_cooja/mtype810.a(uip-nd6.o)
 .comment       0x0000000000000035       0x36 obj_cooja/mtype810.a(sicslowpan.o)
 .comment       0x0000000000000035       0x36 obj_cooja/mtype810.a(uiplib.o)
 .comment       0x0000000000000035       0x36 obj_cooja/mtype810.a(rpl-nbr-policy.)
 .comment       0x0000000000000035       0x36 obj_cooja/mtype810.a(rpl-neighbor.o)
 .comment       0x0000000000000035       0x36 obj_cooja/mtype810.a(rpl-timers.o)
 .comment       0x0000000000000035       0x36 obj_cooja/mtype810.a(rpl.o)
 .comment       0x0000000000000035       0x36 obj_cooja/mtype810.a(rpl-icmp6.o)
 .comment       0x0000000000000035       0x36 obj_cooja/mtype810.a(rpl-dag.o)
 .comment       0x0000000000000035       0x36 obj_cooja/mtype810.a(rpl-dag-root.o)
 .comment       0x0000000000000035       0x36 obj_cooja/mtype810.a(watchdog.o)
 .comment       0x0000000000000035       0x36 obj_cooja/mtype810.a(stimer.o)
 .comment       0x0000000000000035       0x36 obj_cooja/mtype810.a(memb.o)
 .comment       0x0000000000000035       0x36 obj_cooja/mtype810.a(queuebuf.o)
 .comment       0x0000000000000035       0x36 obj_cooja/mtype810.a(link-stats.o)
 .comment       0x0000000000000035       0x36 obj_cooja/mtype810.a(mac-sequence.o)
 .comment       0x0000000000000035       0x36 obj_cooja/mtype810.a(mac.o)
 .comment       0x0000000000000035       0x36 obj_cooja/mtype810.a(framer-802154.o)
 .comment       0x0000000000000035       0x36 obj_cooja/mtype810.a(frame802154.o)
 .comment       0x0000000000000035       0x36 obj_cooja/mtype810.a(uipbuf.o)
 .comment       0x0000000000000035       0x36 obj_cooja/mtype810.a(uip-icmp6.o)
 .comment       0x0000000000000035       0x36 obj_cooja/mtype810.a(uip-sr.o)
 .comment       0x0000000000000035       0x36 obj_cooja/mtype810.a(uip-packetqueue)
 .comment       0x0000000000000035       0x36 obj_cooja/mtype810.a(rpl-ext-header.)
 .comment       0x0000000000000035       0x36 obj_cooja/mtype810.a(rpl-mrhof.o)
 .comment       0x0000000000000035       0x36 /usr/lib/gcc/i686-linux-gnu/5/crtendS.o

.debug
 *(.debug)

.line
 *(.line)

.debug_srcinfo
 *(.debug_srcinfo)

.debug_sfnames
 *(.debug_sfnames)

.debug_aranges  0x0000000000000000      0x8a0
 *(.debug_aranges)
 .debug_aranges
                0x0000000000000000       0x20 contact_tracing_node.o
 .debug_aranges
                0x0000000000000020       0x20 obj_cooja/mtype810.o
 .debug_aranges
                0x0000000000000040       0x20 obj_cooja/mtype810.a(simEnvChange.o)
 .debug_aranges
                0x0000000000000060       0x20 obj_cooja/mtype810.a(cooja_mt.o)
 .debug_aranges
                0x0000000000000080       0x20 obj_cooja/mtype810.a(cooja_mtarch.o)
 .debug_aranges
                0x00000000000000a0       0x20 obj_cooja/mtype810.a(rtimer-arch.o)
 .debug_aranges
                0x00000000000000c0       0x20 obj_cooja/mtype810.a(beep.o)
 .debug_aranges
                0x00000000000000e0       0x20 obj_cooja/mtype810.a(button-sensor.o)
 .debug_aranges
                0x0000000000000100       0x20 obj_cooja/mtype810.a(leds-arch.o)
 .debug_aranges
                0x0000000000000120       0x20 obj_cooja/mtype810.a(moteid.o)
 .debug_aranges
                0x0000000000000140       0x20 obj_cooja/mtype810.a(pir-sensor.o)
 .debug_aranges
                0x0000000000000160       0x20 obj_cooja/mtype810.a(rs232.o)
 .debug_aranges
                0x0000000000000180       0x20 obj_cooja/mtype810.a(vib-sensor.o)
 .debug_aranges
                0x00000000000001a0       0x20 obj_cooja/mtype810.a(clock.o)
 .debug_aranges
                0x00000000000001c0       0x20 obj_cooja/mtype810.a(cooja-log.o)
 .debug_aranges
                0x00000000000001e0       0x20 obj_cooja/mtype810.a(cfs-cooja.o)
 .debug_aranges
                0x0000000000000200       0x20 obj_cooja/mtype810.a(cooja-radio.o)
 .debug_aranges
                0x0000000000000220       0x20 obj_cooja/mtype810.a(eeprom.o)
 .debug_aranges
                0x0000000000000240       0x20 obj_cooja/mtype810.a(random.o)
 .debug_aranges
                0x0000000000000260       0x20 obj_cooja/mtype810.a(sensors.o)
 .debug_aranges
                0x0000000000000280       0x20 obj_cooja/mtype810.a(contiki-main.o)
 .debug_aranges
                0x00000000000002a0       0x20 obj_cooja/mtype810.a(autostart.o)
 .debug_aranges
                0x00000000000002c0       0x20 obj_cooja/mtype810.a(energest.o)
 .debug_aranges
                0x00000000000002e0       0x20 obj_cooja/mtype810.a(etimer.o)
 .debug_aranges
                0x0000000000000300       0x20 obj_cooja/mtype810.a(log.o)
 .debug_aranges
                0x0000000000000320       0x20 obj_cooja/mtype810.a(ctimer.o)
 .debug_aranges
                0x0000000000000340       0x20 obj_cooja/mtype810.a(process.o)
 .debug_aranges
                0x0000000000000360       0x20 obj_cooja/mtype810.a(rtimer.o)
 .debug_aranges
                0x0000000000000380       0x20 obj_cooja/mtype810.a(node-id.o)
 .debug_aranges
                0x00000000000003a0       0x20 obj_cooja/mtype810.a(timer.o)
 .debug_aranges
                0x00000000000003c0       0x20 obj_cooja/mtype810.a(serial-line.o)
 .debug_aranges
                0x00000000000003e0       0x20 obj_cooja/mtype810.a(ringbuf.o)
 .debug_aranges
                0x0000000000000400       0x20 obj_cooja/mtype810.a(list.o)
 .debug_aranges
                0x0000000000000420       0x20 obj_cooja/mtype810.a(nbr-table.o)
 .debug_aranges
                0x0000000000000440       0x20 obj_cooja/mtype810.a(packetbuf.o)
 .debug_aranges
                0x0000000000000460       0x20 obj_cooja/mtype810.a(netstack.o)
 .debug_aranges
                0x0000000000000480       0x20 obj_cooja/mtype810.a(linkaddr.o)
 .debug_aranges
                0x00000000000004a0       0x20 obj_cooja/mtype810.a(csma.o)
 .debug_aranges
                0x00000000000004c0       0x20 obj_cooja/mtype810.a(csma-output.o)
 .debug_aranges
                0x00000000000004e0       0x20 obj_cooja/mtype810.a(uip-ds6.o)
 .debug_aranges
                0x0000000000000500       0x20 obj_cooja/mtype810.a(tcpip.o)
 .debug_aranges
                0x0000000000000520       0x20 obj_cooja/mtype810.a(uip-ds6-route.o)
 .debug_aranges
                0x0000000000000540       0x20 obj_cooja/mtype810.a(uip6.o)
 .debug_aranges
                0x0000000000000560       0x20 obj_cooja/mtype810.a(uip-ds6-nbr.o)
 .debug_aranges
                0x0000000000000580       0x20 obj_cooja/mtype810.a(uip-nd6.o)
 .debug_aranges
                0x00000000000005a0       0x20 obj_cooja/mtype810.a(sicslowpan.o)
 .debug_aranges
                0x00000000000005c0       0x20 obj_cooja/mtype810.a(uiplib.o)
 .debug_aranges
                0x00000000000005e0       0x20 obj_cooja/mtype810.a(rpl-nbr-policy.)
 .debug_aranges
                0x0000000000000600       0x20 obj_cooja/mtype810.a(rpl-neighbor.o)
 .debug_aranges
                0x0000000000000620       0x20 obj_cooja/mtype810.a(rpl-timers.o)
 .debug_aranges
                0x0000000000000640       0x20 obj_cooja/mtype810.a(rpl.o)
 .debug_aranges
                0x0000000000000660       0x20 obj_cooja/mtype810.a(rpl-icmp6.o)
 .debug_aranges
                0x0000000000000680       0x20 obj_cooja/mtype810.a(rpl-dag.o)
 .debug_aranges
                0x00000000000006a0       0x20 obj_cooja/mtype810.a(rpl-dag-root.o)
 .debug_aranges
                0x00000000000006c0       0x20 obj_cooja/mtype810.a(watchdog.o)
 .debug_aranges
                0x00000000000006e0       0x20 obj_cooja/mtype810.a(stimer.o)
 .debug_aranges
                0x0000000000000700       0x20 obj_cooja/mtype810.a(memb.o)
 .debug_aranges
                0x0000000000000720       0x20 obj_cooja/mtype810.a(queuebuf.o)
 .debug_aranges