Archive member included to satisfy reference by file (symbol)

obj_cooja/mtype791.a(simEnvChange.o)
                              obj_cooja/mtype791.o (simDontFallAsleep)
obj_cooja/mtype791.a(cooja_mt.o)
                              obj_cooja/mtype791.o (cooja_mt_start)
obj_cooja/mtype791.a(cooja_mtarch.o)
                              obj_cooja/mtype791.a(cooja_mt.o) (cooja_mtarch_start)
obj_cooja/mtype791.a(rtimer-arch.o)
                              obj_cooja/mtype791.o (rtimer_arch_check)
obj_cooja/mtype791.a(beep.o)  obj_cooja/mtype791.o (beep_interface)
obj_cooja/mtype791.a(button-sensor.o)
                              obj_cooja/mtype791.o (button_interface)
obj_cooja/mtype791.a(leds-arch.o)
                              obj_cooja/mtype791.o (leds_interface)
obj_cooja/mtype791.a(moteid.o)
                              obj_cooja/mtype791.o (moteid_interface)
obj_cooja/mtype791.a(pir-sensor.o)
                              obj_cooja/mtype791.o (pir_interface)
obj_cooja/mtype791.a(rs232.o)
                              obj_cooja/mtype791.o (rs232_interface)
obj_cooja/mtype791.a(vib-sensor.o)
                              obj_cooja/mtype791.o (vib_interface)
obj_cooja/mtype791.a(clock.o)
                              obj_cooja/mtype791.o (clock_interface)
obj_cooja/mtype791.a(cooja-log.o)
                              obj_cooja/mtype791.o (simlog_interface)
obj_cooja/mtype791.a(cfs-cooja.o)
                              obj_cooja/mtype791.o (cfs_interface)
obj_cooja/mtype791.a(cooja-radio.o)
                              obj_cooja/mtype791.o (radio_interface)
obj_cooja/mtype791.a(eeprom.o)
                              obj_cooja/mtype791.o (eeprom_interface)
obj_cooja/mtype791.a(random.o)
                              obj_cooja/mtype791.a(moteid.o) (random_init)
obj_cooja/mtype791.a(sensors.o)
                              obj_cooja/mtype791.a(button-sensor.o) (sensors_changed)
obj_cooja/mtype791.a(contiki-main.o)
                              obj_cooja/mtype791.o (main)
obj_cooja/mtype791.a(autostart.o)
                              obj_cooja/mtype791.a(contiki-main.o) (autostart_start)
obj_cooja/mtype791.a(energest.o)
                              obj_cooja/mtype791.a(contiki-main.o) (energest_init)
obj_cooja/mtype791.a(etimer.o)
                              obj_cooja/mtype791.a(contiki-main.o) (etimer_process)
obj_cooja/mtype791.a(log.o)   obj_cooja/mtype791.a(contiki-main.o) (curr_log_level_main)
obj_cooja/mtype791.a(ctimer.o)
                              obj_cooja/mtype791.a(contiki-main.o) (ctimer_init)
obj_cooja/mtype791.a(process.o)
                              obj_cooja/mtype791.a(etimer.o) (process_current)
obj_cooja/mtype791.a(rtimer.o)
                              obj_cooja/mtype791.a(contiki-main.o) (rtimer_init)
obj_cooja/mtype791.a(node-id.o)
                              obj_cooja/mtype791.a(contiki-main.o) (node_id)
obj_cooja/mtype791.a(timer.o)
                              obj_cooja/mtype791.a(button-sensor.o) (timer_set)
obj_cooja/mtype791.a(serial-line.o)
                              obj_cooja/mtype791.a(rs232.o) (serial_line_input_byte)
obj_cooja/mtype791.a(ringbuf.o)
                              obj_cooja/mtype791.a(serial-line.o) (ringbuf_init)
obj_cooja/mtype791.a(list.o)  obj_cooja/mtype791.a(ctimer.o) (list_init)
obj_cooja/mtype791.a(packetbuf.o)
                              obj_cooja/mtype791.a(cooja-radio.o) (packetbuf_clear)
obj_cooja/mtype791.a(netstack.o)
                              obj_cooja/mtype791.a(contiki-main.o) (netstack_init)
obj_cooja/mtype791.a(linkaddr.o)
                              obj_cooja/mtype791.a(contiki-main.o) (linkaddr_node_addr)
obj_cooja/mtype791.a(csma.o)  obj_cooja/mtype791.a(cooja-radio.o) (csma_driver)
obj_cooja/mtype791.a(csma-output.o)
                              obj_cooja/mtype791.a(csma.o) (csma_output_packet)
obj_cooja/mtype791.a(uip-ds6.o)
                              obj_cooja/mtype791.a(contiki-main.o) (uip_ds6_get_link_local)
obj_cooja/mtype791.a(tcpip.o)
                              obj_cooja/mtype791.a(contiki-main.o) (tcpip_process)
obj_cooja/mtype791.a(uip-ds6-route.o)
                              obj_cooja/mtype791.a(uip-ds6.o) (uip_ds6_route_init)
obj_cooja/mtype791.a(uip6.o)  obj_cooja/mtype791.a(contiki-main.o) (uip_lladdr)
obj_cooja/mtype791.a(uip-ds6-nbr.o)
                              obj_cooja/mtype791.a(uip-ds6.o) (uip_ds6_neighbors_init)
obj_cooja/mtype791.a(uip-nd6.o)
                              obj_cooja/mtype791.a(uip6.o) (uip_nd6_init)
obj_cooja/mtype791.a(sicslowpan.o)
                              obj_cooja/mtype791.a(contiki-main.o) (sicslowpan_driver)
obj_cooja/mtype791.a(uiplib.o)
                              obj_cooja/mtype791.a(log.o) (uiplib_ipaddr_snprint)
obj_cooja/mtype791.a(rpl-neighbor.o)
                              contact_tracing_node.o (rpl_neighbor_print_list)
obj_cooja/mtype791.a(rpl-timers.o)
[...]
Memory Configuration

Name             Origin             Length             Attributes
*default*        0x0000000000000000 0xffffffffffffffff

Linker script and memory map

LOAD /usr/lib/gcc/i686-linux-gnu/5/../../../i386-linux-gnu/crti.o
LOAD /usr/lib/gcc/i686-linux-gnu/5/crtbeginS.o
LOAD contact_tracing_node.o
LOAD obj_cooja/mtype791.o
LOAD obj_cooja/mtype791.a
LOAD /usr/lib/gcc/i686-linux-gnu/5/libgcc.a
LOAD /usr/lib/gcc/i686-linux-gnu/5/libgcc_s.so
LOAD /usr/lib/gcc/i686-linux-gnu/5/../../../i386-linux-gnu/libc.so
START GROUP
LOAD /lib/i386-linux-gnu/libc.so.6
LOAD /usr/lib/i386-linux-gnu/libc_nonshared.a
LOAD /lib/i386-linux-gnu/ld-linux.so.2
END GROUP
LOAD /usr/lib/gcc/i686-linux-gnu/5/libgcc.a
LOAD /usr/lib/gcc/i686-linux-gnu/5/libgcc_s.so
LOAD /usr/lib/gcc/i686-linux-gnu/5/crtendS.o
LOAD /usr/lib/gcc/i686-linux-gnu/5/../../../i386-linux-gnu/crtn.o
                0x0000000000000114                . = (0x0 + SIZEOF_HEADERS)

.note.gnu.build-id
                0x0000000000000114       0x24
 *(.note.gnu.build-id)
 .note.gnu.build-id
                0x0000000000000114       0x24 /usr/lib/gcc/i686-linux-gnu/5/../../../i386-linux-gnu/crti.o

.hash
 *(.hash)

.gnu.hash       0x0000000000000138     0x131c
 *(.gnu.hash)
 .gnu.hash      0x0000000000000138     0x131c /usr/lib/gcc/i686-linux-gnu/5/../../../i386-linux-gnu/crti.o

.dynsym         0x0000000000001454     0x24c0
 *(.dynsym)
 .dynsym        0x0000000000001454     0x24c0 /usr/lib/gcc/i686-linux-gnu/5/../../../i386-linux-gnu/crti.o

.dynstr         0x0000000000003914     0x286e
 *(.dynstr)
 .dynstr        0x0000000000003914     0x286e /usr/lib/gcc/i686-linux-gnu/5/../../../i386-linux-gnu/crti.o

.gnu.version    0x0000000000006182      0x498
 *(.gnu.version)
 .gnu.version   0x0000000000006182      0x498 /usr/lib/gcc/i686-linux-gnu/5/../../../i386-linux-gnu/crti.o

.gnu.version_d  0x000000000000661c        0x0
 *(.gnu.version_d)
 .gnu.version_d
                0x000000000000661c        0x0 /usr/lib/gcc/i686-linux-gnu/5/../../../i386-linux-gnu/crti.o

.gnu.version_r  0x000000000000661c       0x40
 *(.gnu.version_r)
 .gnu.version_r
                0x000000000000661c       0x40 /usr/lib/gcc/i686-linux-gnu/5/../../../i386-linux-gnu/crti.o

.rel.dyn        0x000000000000665c     0x8108
 *(.rel.init)
 .rel.init      0x000000000000665c        0x0 /usr/lib/gcc/i686-linux-gnu/5/../../../i386-linux-gnu/crti.o
 *(.rel.text .rel.text.* .rel.gnu.linkonce.t.*)
 .rel.text      0x000000000000665c     0x78f8 /usr/lib/gcc/i686-linux-gnu/5/../../../i386-linux-gnu/crti.o
 *(.rel.fini)
 .rel.fini      0x000000000000df54        0x0 /usr/lib/gcc/i686-linux-gnu/5/../../../i386-linux-gnu/crti.o
 *(.rel.rodata .rel.rodata.* .rel.gnu.linkonce.r.*)
 .rel.rodata    0x000000000000df54      0x4b8 /usr/lib/gcc/i686-linux-gnu/5/../../../i386-linux-gnu/crti.o
 *(.rel.data.rel.ro .rel.data.rel.ro.* .rel.gnu.linkonce.d.rel.ro.*)
 *(.rel.data .rel.data.* .rel.gnu.linkonce.d.*)
 .rel.data.rel.local
                0x000000000000e40c        0x8 /usr/lib/gcc/i686-linux-gnu/5/../../../i386-linux-gnu/crti.o
 .rel.data      0x000000000000e414      0x318 /usr/lib/gcc/i686-linux-gnu/5/../../../i386-linux-gnu/crti.o
 *(.rel.tdata .rel.tdata.* .rel.gnu.linkonce.td.*)
 *(.rel.tbss .rel.tbss.* .rel.gnu.linkonce.tb.*)
 *(.rel.ctors)
 *(.rel.dtors)
 *(.rel.got)
 .rel.got       0x000000000000e72c       0x28 /usr/lib/gcc/i686-linux-gnu/5/../../../i386-linux-gnu/crti.o
 *(.rel.bss .rel.bss.* .rel.gnu.linkonce.b.*)
 *(.rel.ifunc)
 .rel.ifunc     0x000000000000e754        0x0 /usr/lib/gcc/i686-linux-gnu/5/../../../i386-linux-gnu/crti.o
 .rel.fini_array
                0x000000000000e754        0x8 /usr/lib/gcc/i686-linux-gnu/5/../../../i386-linux-gnu/crti.o
 .rel.init_array
                0x000000000000e75c        0x8 /usr/lib/gcc/i686-linux-gnu/5/../../../i386-linux-gnu/crti.o

.rel.plt        0x000000000000e764        0x0
 *(.rel.plt)
 .rel.plt       0x000000000000e764        0x0 /usr/lib/gcc/i686-linux-gnu/5/../../../i386-linux-gnu/crti.o
 *(.rel.iplt)

.init           0x000000000000e764       0x23
 *(SORT(.init))
 .init          0x000000000000e764       0x1e /usr/lib/gcc/i686-linux-gnu/5/../../../i386-linux-gnu/crti.o
                0x000000000000e764                _init
 .init          0x000000000000e782        0x5 /usr/lib/gcc/i686-linux-gnu/5/../../../i386-linux-gnu/crtn.o

.plt            0x000000000000e790       0x10
 *(.plt)
 .plt           0x000000000000e790       0x10 /usr/lib/gcc/i686-linux-gnu/5/../../../i386-linux-gnu/crti.o
 *(.iplt)

.plt.got        0x000000000000e7a0       0x10
 *(.plt.got)
 .plt.got       0x000000000000e7a0       0x10 /usr/lib/gcc/i686-linux-gnu/5/../../../i386-linux-gnu/crti.o

.text           0x000000000000e7b0    0x12d60
 *(.text.unlikely .text.*_unlikely .text.unlikely.*)
 .text.unlikely
                0x000000000000e7b0        0x0 /usr/lib/gcc/i686-linux-gnu/5/crtbeginS.o
 *(.text.exit .text.exit.*)
 *(.text.startup .text.startup.*)
 *(.text.hot .text.hot.*)
 *(.text .stub .text.* .gnu.linkonce.t.*)
 .text          0x000000000000e7b0        0x0 /usr/lib/gcc/i686-linux-gnu/5/../../../i386-linux-gnu/crti.o
 .gnu.linkonce.t.__x86.get_pc_thunk.bx
                0x000000000000e7b0        0x4 /usr/lib/gcc/i686-linux-gnu/5/../../../i386-linux-gnu/crti.o
                0x000000000000e7b0                __x86.get_pc_thunk.bx
 *fill*         0x000000000000e7b4        0xc 
 .text          0x000000000000e7c0      0x11c /usr/lib/gcc/i686-linux-gnu/5/crtbeginS.o
 .text.__x86.get_pc_thunk.dx
                0x000000000000e8dc        0x4 /usr/lib/gcc/i686-linux-gnu/5/crtbeginS.o
                0x000000000000e8dc                __x86.get_pc_thunk.dx
 .text          0x000000000000e8e0       0x9b contact_tracing_node.o
 .text          0x000000000000e97b      0x271 obj_cooja/mtype791.o
                0x000000000000ea0d                platform_init_stage_one
                0x000000000000ea13                platform_init_stage_two
                0x000000000000ea21                platform_init_stage_three
                0x000000000000ea34                platform_main_loop
                0x000000000000eaa7                Java_org_contikios_cooja_corecomm_Lib5_init
                0x000000000000eade                Java_org_contikios_cooja_corecomm_Lib5_getMemory
                0x000000000000eb11                Java_org_contikios_cooja_corecomm_Lib5_setMemory
                0x000000000000eb71                Java_org_contikios_cooja_corecomm_Lib5_tick
                0x000000000000ebd9                Java_org_contikios_cooja_corecomm_Lib5_setReferenceAddress
 .text          0x000000000000ebec       0x65 obj_cooja/mtype791.a(simEnvChange.o)
                0x000000000000ebec                doActionsBeforeTick
                0x000000000000ec1e                doActionsAfterTick
 .text          0x000000000000ec51       0x83 obj_cooja/mtype791.a(cooja_mt.o)
                0x000000000000ec51                cooja_mt_start
                0x000000000000ec7b                cooja_mt_exec
                0x000000000000ecb1                cooja_mt_yield
 .text          0x000000000000ecd4       0xbe obj_cooja/mtype791.a(cooja_mtarch.o)
                0x000000000000ecd4                cooja_mtarch_start
                0x000000000000ed47                cooja_sw
                0x000000000000ed6a                cooja_mtarch_exec
                0x000000000000ed87                cooja_mtarch_yield
 .text          0x000000000000ed92       0xc5 obj_cooja/mtype791.a(rtimer-arch.o)
                0x000000000000ed92                rtimer_arch_init
                0x000000000000edb6                rtimer_arch_schedule
                0x000000000000ede6                rtimer_arch_next
                0x000000000000edf6                rtimer_arch_pending
                0x000000000000ee00                rtimer_arch_check
                0x000000000000ee47                rtimer_arch_now
 .text          0x000000000000ee57       0x81 obj_cooja/mtype791.a(beep.o)
                0x000000000000ee57                beep_alarm
                0x000000000000ee64                beep_beep
                0x000000000000ee71                beep
                0x000000000000ee7e                beep_down
                0x000000000000ee8b                beep_on
                0x000000000000ee98                beep_off
                0x000000000000eea5                beep_spinup
                0x000000000000eeb2                beep_quick
                0x000000000000eebf                beep_long
 .text          0x000000000000eed8      0x10d obj_cooja/mtype791.a(button-sensor.o)
 .text          0x000000000000efe5       0x49 obj_cooja/mtype791.a(leds-arch.o)
                0x000000000000efe5                leds_arch_init
                0x000000000000eff2                leds_arch_get
                0x000000000000effe                leds_arch_set
 .text          0x000000000000f02e       0x35 obj_cooja/mtype791.a(moteid.o)
 .text          0x000000000000f063       0xb7 obj_cooja/mtype791.a(pir-sensor.o)
 .text          0x000000000000f11a      0x148 obj_cooja/mtype791.a(rs232.o)
                0x000000000000f11a                rs232_init
                0x000000000000f120                rs232_set_speed
                0x000000000000f12f                rs232_set_input
                0x000000000000f13d                rs232_send
                0x000000000000f161                rs232_print
                0x000000000000f17d                slip_arch_writeb
 .text          0x000000000000f262       0xb7 obj_cooja/mtype791.a(vib-sensor.o)
 .text          0x000000000000f319       0x38 obj_cooja/mtype791.a(clock.o)
                0x000000000000f319                clock_init
                0x000000000000f31f                clock_time
                0x000000000000f329                clock_seconds
                0x000000000000f33f                clock_delay
 .text          0x000000000000f351      0x219 obj_cooja/mtype791.a(cooja-log.o)
                0x000000000000f351                simlog_char
                0x000000000000f394                simlog
                0x000000000000f40a                log_message
                0x000000000000f43b                log_set_putchar_with_slip
                0x000000000000f449                log_putchar
                0x000000000000f4c4                log_puts
                0x000000000000f4ec                log_printf
 .text          0x000000000000f56a      0x2b9 obj_cooja/mtype791.a(cfs-cooja.o)
                0x000000000000f56a                cfs_open
                0x000000000000f5d3                cfs_close
                0x000000000000f5e0                cfs_read
                0x000000000000f675                cfs_write
                0x000000000000f751                cfs_seek
                0x000000000000f7d9                cfs_remove
                0x000000000000f7fd                cfs_opendir
                0x000000000000f807                cfs_readdir
                0x000000000000f811                cfs_closedir
 .text          0x000000000000f823      0x605 obj_cooja/mtype791.a(cooja-radio.o)
                0x000000000000f865                radio_set_channel
                0x000000000000f873                radio_set_txpower
                0x000000000000f88b                radio_signal_strength_last
                0x000000000000f895                radio_signal_strength_current
                0x000000000000f89f                radio_LQI
 .text          0x000000000000fe28       0xee obj_cooja/mtype791.a(eeprom.o)
                0x000000000000fe28                eeprom_init
                0x000000000000fe2e                eeprom_read
                0x000000000000fe9c                eeprom_write
 .text          0x000000000000ff16       0x2d obj_cooja/mtype791.a(random.o)
                0x000000000000ff16                random_init
                0x000000000000ff36                random_rand
 .text          0x000000000000ff43      0x29c obj_cooja/mtype791.a(sensors.o)
                0x000000000000ff7e                sensors_first
                0x000000000000ff88                sensors_next
                0x000000000000ffa2                sensors_changed
                0x000000000000ffd6                sensors_find
 .text          0x00000000000101df      0x328 obj_cooja/mtype791.a(contiki-main.o)
                0x00000000000101df                main
 .text          0x0000000000010507       0x92 obj_cooja/mtype791.a(autostart.o)
                0x0000000000010507                autostart_start
                0x0000000000010551                autostart_exit
 .text          0x0000000000010599       0x1b obj_cooja/mtype791.a(energest.o)
                0x0000000000010599                energest_init
                0x000000000001059f                energest_flush
                0x00000000000105a5                energest_get_total_time
 .text          0x00000000000105b4      0x43f obj_cooja/mtype791.a(etimer.o)
                0x00000000000107d8                etimer_request_poll
                0x0000000000010861                etimer_set
                0x000000000001088a                etimer_reset_with_new_interval
                0x00000000000108b9                etimer_reset
                0x00000000000108df                etimer_restart
                0x0000000000010905                etimer_adjust
                0x0000000000010922                etimer_expired
                0x0000000000010935                etimer_expiration_time
                0x0000000000010947                etimer_start_time
                0x0000000000010951                etimer_pending
                0x0000000000010963                etimer_next_expiration_time
                0x000000000001097d                etimer_stop
 .text          0x00000000000109f3      0x394 obj_cooja/mtype791.a(log.o)
                0x00000000000109f3                log_6addr
                0x0000000000010a46                log_6addr_compact_snprint
                0x0000000000010ae4                log_6addr_compact
                0x0000000000010b37                log_lladdr
                0x0000000000010ba9                log_lladdr_compact
                0x0000000000010c11                log_set_level
                0x0000000000010ccc                log_get_level
                0x0000000000010d45                log_level_to_str
 .text          0x0000000000010d87      0x355 obj_cooja/mtype791.a(ctimer.o)
                0x0000000000010eaf                ctimer_init
                0x0000000000010ee2                ctimer_set
                0x0000000000010f08                ctimer_set_with_process
                0x0000000000010f85                ctimer_reset
                0x0000000000010fd9                ctimer_restart
                0x000000000001102d                ctimer_stop
                0x000000000001107d                ctimer_expired
 .text          0x00000000000110dc      0x4fb obj_cooja/mtype791.a(process.o)
                0x00000000000110dc                process_alloc_event
                0x00000000000110f1                process_start
                0x00000000000112cb                process_exit
                0x00000000000112e8                process_init
                0x000000000001147d                process_run
                0x00000000000114b0                process_nevents
                0x00000000000114cb                process_post
                0x000000000001155e                process_post_synch
                0x0000000000011593                process_poll
                0x00000000000115c3                process_is_running
 .text          0x00000000000115d7       0xeb obj_cooja/mtype791.a(rtimer.o)
                0x00000000000115d7                rtimer_init
                0x00000000000115e5                rtimer_set
                0x0000000000011660                rtimer_run_next
 .text          0x00000000000116c2       0x25 obj_cooja/mtype791.a(node-id.o)
                0x00000000000116c2                node_id_init
 .text          0x00000000000116e7       0x9c obj_cooja/mtype791.a(timer.o)
                0x00000000000116e7                timer_set
                0x0000000000011705                timer_reset
                0x000000000001171d                timer_restart
                0x0000000000011732                timer_expired
                0x000000000001175f                timer_remaining
 .text          0x0000000000011783      0x1eb obj_cooja/mtype791.a(serial-line.o)
                0x0000000000011783                serial_line_input_byte
                0x0000000000011939                serial_line_init
 .text          0x000000000001196e      0x156 obj_cooja/mtype791.a(ringbuf.o)
                0x000000000001196e                ringbuf_init
                0x00000000000119a0                ringbuf_put
                0x0000000000011a1e                ringbuf_get
                0x0000000000011a8b                ringbuf_size
                0x0000000000011a9d                ringbuf_elements
 .text          0x0000000000011ac4      0x28f obj_cooja/mtype791.a(list.o)
                0x0000000000011ac4                list_init
                0x0000000000011ad3                list_head
                0x0000000000011add                list_copy
                0x0000000000011aed                list_tail
                0x0000000000011b23                list_add
                0x0000000000011b6f                list_push
                0x0000000000011b9b                list_chop
                0x0000000000011c05                list_pop
                0x0000000000011c2d                list_remove
                0x0000000000011c95                list_length
                0x0000000000011cc3                list_insert
                0x0000000000011d08                list_item_next
                0x0000000000011d1f                list_contains
 .text          0x0000000000011d53      0x407 obj_cooja/mtype791.a(packetbuf.o)
                0x0000000000011d53                packetbuf_clear
                0x0000000000011d7e                packetbuf_copyfrom
                0x0000000000011dcd                packetbuf_copyto
                0x0000000000011e60                packetbuf_hdralloc
                0x0000000000011edc                packetbuf_hdrreduce
                0x0000000000011f22                packetbuf_set_datalen
                0x0000000000011f3c                packetbuf_dataptr
                0x0000000000011f59                packetbuf_hdrptr
                0x0000000000011f63                packetbuf_datalen
                0x0000000000011f6f                packetbuf_hdrlen
                0x0000000000011f86                packetbuf_totlen
                0x0000000000011f9c                packetbuf_remaininglen
                0x0000000000011faf                packetbuf_attr_clear
                0x0000000000011ffb                packetbuf_attr_copyto
                0x0000000000012053                packetbuf_attr_copyfrom
                0x00000000000120ab                packetbuf_set_attr
                0x00000000000120d5                packetbuf_attr
                0x00000000000120ef                packetbuf_set_addr
                0x0000000000012120                packetbuf_addr
                0x000000000001213d                packetbuf_holds_broadcast
 .text          0x000000000001215a       0xef obj_cooja/mtype791.a(netstack.o)
                0x000000000001215a                netstack_process_ip_callback
                0x00000000000121eb                netstack_ip_packet_processor_add
                0x000000000001220e                uip_ds6_ip_packet_processor_rm
                0x000000000001222b                netstack_init
 .text          0x0000000000012249       0x4f obj_cooja/mtype791.a(linkaddr.o)
                0x0000000000012249                linkaddr_copy
                0x000000000001225f                linkaddr_cmp
                0x0000000000012282                linkaddr_set_node_addr
 .text          0x0000000000012298      0x165 obj_cooja/mtype791.a(csma.o)
 .text          0x00000000000123fd      0x944 obj_cooja/mtype791.a(csma-output.o)
                0x0000000000012a76                csma_output_packet
                0x0000000000012d03                csma_output_init
 .text          0x0000000000012d41      0xb25 obj_cooja/mtype791.a(uip-ds6.o)
                0x0000000000012d41                uip_ds6_init
                0x0000000000012eec                uip_ds6_periodic
                0x0000000000012f73                uip_ds6_list_loop
                0x0000000000013033                uip_ds6_prefix_add
                0x00000000000130df                uip_ds6_prefix_rm
                0x00000000000130f2                uip_ds6_prefix_lookup
                0x0000000000013131                uip_ds6_is_addr_onlink
                0x00000000000131a4                uip_ds6_addr_add
                0x00000000000132c4                uip_ds6_addr_rm
                0x000000000001336d                uip_ds6_addr_lookup
                0x00000000000133a6                uip_ds6_get_link_local
                0x0000000000013427                uip_ds6_get_global
                0x00000000000134a8                uip_ds6_maddr_add
                0x0000000000013508                uip_ds6_maddr_rm
                0x000000000001351b                uip_ds6_maddr_lookup
                0x0000000000013554                uip_ds6_aaddr_add
                0x00000000000135b4                uip_ds6_aaddr_rm
                0x00000000000135c7                uip_ds6_aaddr_lookup
                0x0000000000013600                uip_ds6_select_src
                0x0000000000013749                uip_ds6_set_addr_iid
                0x0000000000013774                uip_ds6_set_lladdr_from_iid
                0x000000000001379d                get_match_length
                0x000000000001382e                uip_ds6_compute_reachable_time
 .text          0x0000000000013866      0x737 obj_cooja/mtype791.a(tcpip.o)
                0x0000000000013880                tcpip_output
                0x000000000001390f                udp_attach
                0x0000000000013927                udp_new
                0x0000000000013971                udp_broadcast_new
                0x0000000000013ae3                tcpip_input
                0x0000000000013c83                tcpip_ipv6_output
                0x0000000000013e97                tcpip_poll_udp
                0x0000000000013eb5                tcpip_uipcall
 .text          0x0000000000013f9d      0x35b obj_cooja/mtype791.a(uip-ds6-route.o)
                0x0000000000013fee                uip_ds6_route_init
                0x0000000000014018                uip_ds6_route_nexthop
                0x0000000000014022                uip_ds6_route_head
                0x000000000001402c                uip_ds6_route_next
                0x0000000000014036                uip_ds6_route_is_nexthop
                0x0000000000014040                uip_ds6_route_num_routes
                0x000000000001404a                uip_ds6_route_lookup
                0x0000000000014054                uip_ds6_route_add
                0x0000000000014067                uip_ds6_route_rm
                0x000000000001406d                uip_ds6_route_rm_by_nexthop
                0x0000000000014073                uip_ds6_defrt_head
                0x000000000001408c                uip_ds6_defrt_add
                0x000000000001413a                uip_ds6_defrt_rm
                0x00000000000141a0                uip_ds6_defrt_lookup
                0x0000000000014207                uip_ds6_defrt_choose
                0x000000000001427d                uip_ds6_defrt_periodic
 .text          0x00000000000142f8     0x123f obj_cooja/mtype791.a(uip6.o)
                0x00000000000143a7                uip_chksum
                0x0000000000014488                uip_icmp6chksum
                0x000000000001449d                uip_udpchksum
                0x00000000000144b2                uip_init
                0x00000000000144f6                remove_ext_hdr
                0x00000000000145db                uip_udp_new
                0x00000000000148f8                uip_process
                0x0000000000015432                uip_htons
                0x0000000000015454                uip_htonl
                0x0000000000015492                uip_send
 .text          0x0000000000015537      0x374 obj_cooja/mtype791.a(uip-ds6-nbr.o)
                0x0000000000015537                uip_ds6_neighbors_init
                0x000000000001555b                uip_ds6_nbr_add
                0x00000000000155e1                uip_ds6_nbr_rm
                0x000000000001562c                uip_ds6_nbr_update_ll
                0x000000000001571a                uip_ds6_nbr_get_ipaddr
                0x000000000001572f                uip_ds6_nbr_get_ll
                0x000000000001574b                uip_ds6_nbr_num
                0x0000000000015794                uip_ds6_nbr_head
                0x00000000000157ad                uip_ds6_nbr_next
                0x00000000000157c9                uip_ds6_nbr_lookup
                0x000000000001582c                uip_ds6_nbr_ll_lookup
                0x0000000000015848                uip_ds6_nbr_ipaddr_from_lladdr
                0x0000000000015871                uip_ds6_nbr_lladdr_from_ipaddr
                0x00000000000158a5                uip_ds6_link_callback
 .text          0x00000000000158ab      0x6b5 obj_cooja/mtype791.a(uip-nd6.o)
                0x0000000000015f47                uip_nd6_init
 .text          0x0000000000015f60     0x2a78 obj_cooja/mtype791.a(sicslowpan.o)
                0x000000000001645e                netstack_sniffer_add
                0x000000000001646c                netstack_sniffer_remove
                0x00000000000189a4                sicslowpan_init
                0x00000000000189ce                sicslowpan_get_last_rssi
 .text          0x00000000000189d8      0x4d1 obj_cooja/mtype791.a(uiplib.o)
                0x00000000000189d8                uiplib_ip6addrconv
                0x0000000000018b90                uiplib_ip4addrconv
                0x0000000000018c53                uiplib_ipaddr_print
                0x0000000000018ca6                uiplib_ipaddr_snprint
 .text          0x0000000000018ea9      0x8ed obj_cooja/mtype791.a(rpl-neighbor.o)
                0x0000000000018f25                rpl_neighbor_snprint
                0x00000000000191d2                rpl_neighbor_print_list
                0x0000000000019287                rpl_neighbor_count
                0x000000000001932e                rpl_neighbor_get_from_lladdr
                0x000000000001934a                rpl_neighbor_is_acceptable_parent
                0x000000000001937e                rpl_neighbor_get_link_metric
                0x00000000000193b2                rpl_neighbor_rank_via_nbr
                0x00000000000193e6                rpl_neighbor_get_lladdr
                0x0000000000019402                rpl_neighbor_get_ipaddr
                0x0000000000019429                rpl_neighbor_get_link_stats
                0x0000000000019450                rpl_neighbor_is_fresh
                0x0000000000019477                rpl_neighbor_is_reachable
                0x00000000000194c2                rpl_neighbor_is_parent
                0x00000000000194ec                rpl_neighbor_set_preferred_parent
                0x0000000000019578                rpl_neighbor_remove_all
                0x00000000000195c7                rpl_neighbor_get_from_ipaddr
                0x00000000000196cb                rpl_neighbor_select_best
                0x0000000000019777                rpl_neighbor_init
 .text          0x0000000000019796      0xa19 obj_cooja/mtype791.a(rpl-timers.o)
                0x0000000000019796                rpl_timers_schedule_periodic_dis
                0x00000000000198e4                rpl_timers_dio_reset
                0x00000000000199d5                rpl_timers_schedule_unicast_dio
                0x0000000000019b5b                rpl_timers_schedule_dao
                0x0000000000019c95                rpl_timers_schedule_dao_ack
                0x0000000000019d1b                get_probing_delay
                0x0000000000019d4f                get_probing_target
                0x0000000000019f39                rpl_schedule_probing
                0x0000000000019f67                rpl_schedule_probing_now
                0x0000000000019fd1                rpl_timers_unschedule_leaving
                0x000000000001a009                rpl_timers_schedule_leaving
                0x000000000001a04a                rpl_timers_init
                0x000000000001a0da                rpl_timers_stop_dag_timers
                0x000000000001a153                rpl_timers_unschedule_state_update
                0x000000000001a177                rpl_timers_schedule_state_update
 .text          0x000000000001a1af      0x4c9 obj_cooja/mtype791.a(rpl.o)
                0x000000000001a1af                rpl_lollipop_greater_than
                0x000000000001a209                rpl_get_global_address
                0x000000000001a301                rpl_link_callback
                0x000000000001a345                rpl_has_joined
                0x000000000001a36a                rpl_is_reachable
                0x000000000001a3eb                rpl_reset_prefix
                0x000000000001a455                rpl_set_prefix_from_addr
                0x000000000001a53a                rpl_set_prefix
                0x000000000001a654                rpl_set_leaf_only
                0x000000000001a66c                rpl_get_leaf_only
 .text          0x000000000001a678     0x13cb obj_cooja/mtype791.a(rpl-icmp6.o)
                0x000000000001a79d                rpl_icmp6_update_nbr_table
                0x000000000001a836                rpl_icmp6_dis_output
                0x000000000001ae8c                rpl_icmp6_dio_output
                0x000000000001b699                rpl_icmp6_dao_output
                0x000000000001b98a                rpl_icmp6_dao_ack_output
                0x000000000001b9fa                rpl_icmp6_init
 .text          0x000000000001ba43      0xe51 obj_cooja/mtype791.a(rpl-dag.o)
                0x000000000001ba43                rpl_dag_state_to_str
                0x000000000001ba82                rpl_dag_get_root_ipaddr
                0x000000000001baca                rpl_dag_leave
                0x000000000001bb53                rpl_dag_poison_and_leave
                0x000000000001bb6b                rpl_dag_periodic
                0x000000000001bbf3                rpl_is_addr_in_our_dag
                0x000000000001bc37                rpl_get_default_instance
                0x000000000001bc53                rpl_get_any_dag
                0x000000000001bcac                rpl_refresh_routes
                0x000000000001bcec                rpl_global_repair
                0x000000000001bd78                rpl_local_repair
                0x000000000001bdc2                rpl_dag_ready_to_advertise
                0x000000000001be05                rpl_dag_update_state
                0x000000000001c529                rpl_process_dio
                0x000000000001c5aa                rpl_process_dis
                0x000000000001c5ef                rpl_process_dao
                0x000000000001c67e                rpl_process_dao_ack
                0x000000000001c710                rpl_process_hbh
                0x000000000001c760                rpl_dag_init_root
                0x000000000001c874                rpl_dag_init
 .text          0x000000000001c894      0x286 obj_cooja/mtype791.a(rpl-dag-root.o)
                0x000000000001c894                rpl_dag_root_print_links
                0x000000000001c9e2                rpl_dag_root_set_prefix
                0x000000000001ca0e                rpl_dag_root_start
                0x000000000001caeb                rpl_dag_root_is_root
 .text          0x000000000001cb1a       0x1e obj_cooja/mtype791.a(watchdog.o)
                0x000000000001cb1a                watchdog_init
                0x000000000001cb20                watchdog_start
                0x000000000001cb26                watchdog_periodic
                0x000000000001cb2c                watchdog_stop
                0x000000000001cb32                watchdog_reboot
 .text          0x000000000001cb38       0xb2 obj_cooja/mtype791.a(stimer.o)
                0x000000000001cb38                stimer_set
                0x000000000001cb56                stimer_reset
                0x000000000001cb6e                stimer_restart
                0x000000000001cb83                stimer_expired
                0x000000000001cbae                stimer_remaining
                0x000000000001cbd2                stimer_elapsed
 .text          0x000000000001cbea      0x1b8 obj_cooja/mtype791.a(memb.o)
                0x000000000001cbea                memb_init
                0x000000000001cc3f                memb_alloc
                0x000000000001cca4                memb_free
                0x000000000001cd1f                memb_inmemb
                0x000000000001cd5e                memb_numfree
 .text          0x000000000001cda2      0x2e7 obj_cooja/mtype791.a(queuebuf.o)
                0x000000000001cdac                queuebuf_init
                0x000000000001cdd5                queuebuf_numfree
                0x000000000001cded                queuebuf_new_from_packetbuf
                0x000000000001ce8c                queuebuf_update_attr_from_packetbuf
                0x000000000001cec1                queuebuf_update_from_packetbuf
                0x000000000001cf11                queuebuf_free
                0x000000000001cf5a                queuebuf_to_packetbuf
                0x000000000001cfc6                queuebuf_dataptr
                0x000000000001d000                queuebuf_datalen
                0x000000000001d023                queuebuf_addr
                0x000000000001d058                queuebuf_attr
                0x000000000001d083                queuebuf_debug_print
 .text          0x000000000001d089      0x78b obj_cooja/mtype791.a(nbr-table.o)
                0x000000000001d502                nbr_table_register
                0x000000000001d56f                nbr_table_is_registered
                0x000000000001d5aa                nbr_table_head
                0x000000000001d605                nbr_table_next
                0x000000000001d666                nbr_table_add_lladdr
                0x000000000001d730                nbr_table_get_from_lladdr
                0x000000000001d77c                nbr_table_remove
                0x000000000001d7b4                nbr_table_lock
                0x000000000001d7ce                nbr_table_unlock
                0x000000000001d7e8                nbr_table_get_lladdr
 .text          0x000000000001d814      0x37c obj_cooja/mtype791.a(link-stats.o)
                0x000000000001d814                link_stats_from_lladdr
                0x000000000001d830                link_stats_is_fresh
                0x000000000001d86c                guess_etx_from_rssi
                0x000000000001d8e8                link_stats_packet_sent
                0x000000000001d9fb                link_stats_input_callback
                0x000000000001db0b                link_stats_reset
                0x000000000001db5b                link_stats_init
 .text          0x000000000001db90      0x187 obj_cooja/mtype791.a(mac-sequence.o)
                0x000000000001db90                mac_sequence_is_duplicate
                0x000000000001dc30                mac_sequence_register_seqno
 .text          0x000000000001dd17       0x23 obj_cooja/mtype791.a(mac.o)
                0x000000000001dd17                mac_call_sent_callback
 .text          0x000000000001dd3a      0x41d obj_cooja/mtype791.a(framer-802154.o)
                0x000000000001dec9                framer_802154_setup_params
 .text          0x000000000001e157      0xb6f obj_cooja/mtype791.a(frame802154.o)
                0x000000000001e188                frame802154_get_pan_id
                0x000000000001e194                frame802154_set_pan_id
                0x000000000001e1ae                frame802154_has_panid
                0x000000000001e35d                frame802154_check_dest_panid
                0x000000000001e3e5                frame802154_is_broadcast_addr
                0x000000000001e432                frame802154_extract_linkaddr
                0x000000000001e697                frame802154_hdrlen
                0x000000000001e70a                frame802154_create_fcf
                0x000000000001e7c2                frame802154_create
                0x000000000001e937                frame802154_parse_fcf
                0x000000000001ea19                frame802154_parse
 .text          0x000000000001ecc6      0x1ec obj_cooja/mtype791.a(uipbuf.o)
                0x000000000001ecc6                uipbuf_get_next_header
                0x000000000001ed35                uipbuf_get_last_header
                0x000000000001edbc                uipbuf_get_attr
                0x000000000001ede3                uipbuf_set_attr
                0x000000000001ee1a                uipbuf_clear_attr
                0x000000000001ee46                uipbuf_set_attr_flag
                0x000000000001ee67                uipbuf_clr_attr_flag
                0x000000000001ee8e                uipbuf_is_attr_flag
 .text          0x000000000001eeb2      0x96e obj_cooja/mtype791.a(uip-icmp6.o)
                0x000000000001ef27                uip_icmp6_input
                0x000000000001ef7e                uip_icmp6_register_input_handler
                0x000000000001f18a                uip_icmp6_error_output
                0x000000000001f4e9                uip_icmp6_send
                0x000000000001f7a8                uip_icmp6_echo_reply_callback_add
                0x000000000001f7da                uip_icmp6_echo_reply_callback_rm
                0x000000000001f7f7                uip_icmp6_init
 .text          0x000000000001f820      0x69b obj_cooja/mtype791.a(uip-sr.o)
                0x000000000001f820                uip_sr_num_nodes
                0x000000000001f8ae                uip_sr_get_node
                0x000000000001f905                uip_sr_is_addr_reachable
                0x000000000001f9b3                uip_sr_expire_parent
                0x000000000001f9fc                uip_sr_update_node
                0x000000000001fb2c                uip_sr_init
                0x000000000001fb60                uip_sr_node_head
                0x000000000001fb79                uip_sr_node_next
                0x000000000001fb8f                uip_sr_periodic
                0x000000000001fc95                uip_sr_free_all
                0x000000000001fd05                uip_sr_link_snprint
 .text          0x000000000001febb      0x146 obj_cooja/mtype791.a(uip-packetqueue)
                0x000000000001fee9                uip_packetqueue_new
                0x000000000001fef8                uip_packetqueue_alloc
                0x000000000001ff53                uip_packetqueue_free
                0x000000000001ff9a                uip_packetqueue_buf
                0x000000000001ffb7                uip_packetqueue_buflen
                0x000000000001ffd8                uip_packetqueue_set_buflen
 .text          0x0000000000020001      0x1c8 obj_cooja/mtype791.a(rpl-nbr-policy.)
                0x0000000000020186                rpl_nbr_policy_find_removable
 .text          0x00000000000201c9     0x102c obj_cooja/mtype791.a(rpl-ext-header.)
                0x00000000000201c9                rpl_ext_header_srh_get_next_hop
                0x0000000000020345                rpl_ext_header_srh_update
                0x0000000000020a3e                rpl_ext_header_hbh_update
                0x0000000000020f93                rpl_ext_header_update
                0x000000000002101c                rpl_ext_header_remove
 .text          0x00000000000211f5      0x31b obj_cooja/mtype791.a(rpl-mrhof.o)
 .text          0x0000000000021510        0x0 /usr/lib/gcc/i686-linux-gnu/5/crtendS.o
 .text          0x0000000000021510        0x0 /usr/lib/gcc/i686-linux-gnu/5/../../../i386-linux-gnu/crtn.o
 *(.gnu.warning)

.fini           0x0000000000021510       0x14
 *(SORT(.fini))
 .fini          0x0000000000021510        0xf /usr/lib/gcc/i686-linux-gnu/5/../../../i386-linux-gnu/crti.o
                0x0000000000021510                _fini
 .fini          0x000000000002151f        0x5 /usr/lib/gcc/i686-linux-gnu/5/../../../i386-linux-gnu/crtn.o
                [!provide]                        PROVIDE (__etext, .)
                [!provide]                        PROVIDE (_etext, .)
                [!provide]                        PROVIDE (etext, .)

.rodata         0x0000000000021540      0x73c
 *(.rodata .rodata.* .gnu.linkonce.r.*)
 .rodata        0x0000000000021540       0x2a contact_tracing_node.o
                0x0000000000021554                autostart_processes
 *fill*         0x000000000002156a        0x2 
 .rodata        0x000000000002156c        0x8 obj_cooja/mtype791.a(beep.o)
                0x000000000002156c                beep_interface
 .rodata        0x0000000000021574       0x20 obj_cooja/mtype791.a(button-sensor.o)
                0x0000000000021574                button_interface
                0x0000000000021584                button_sensor
 .rodata        0x0000000000021594        0x8 obj_cooja/mtype791.a(leds-arch.o)
                0x0000000000021594                leds_interface
 .rodata        0x000000000002159c        0x8 obj_cooja/mtype791.a(moteid.o)
                0x000000000002159c                moteid_interface
 .rodata        0x00000000000215a4       0x1c obj_cooja/mtype791.a(pir-sensor.o)
                0x00000000000215a4                pir_interface
                0x00000000000215b0                pir_sensor
 .rodata        0x00000000000215c0        0xe obj_cooja/mtype791.a(rs232.o)
                0x00000000000215c0                rs232_interface
 *fill*         0x00000000000215ce        0x2 
 .rodata        0x00000000000215d0       0x24 obj_cooja/mtype791.a(vib-sensor.o)
                0x00000000000215d0                vib_interface
                0x00000000000215e4                vib_sensor
 .rodata        0x00000000000215f4        0x8 obj_cooja/mtype791.a(clock.o)
                0x00000000000215f4                clock_interface
 .rodata        0x00000000000215fc        0x8 obj_cooja/mtype791.a(cooja-log.o)
                0x00000000000215fc                simlog_interface
 .rodata        0x0000000000021604       0x2f obj_cooja/mtype791.a(cfs-cooja.o)
                0x0000000000021604                cfs_interface
 *fill*         0x0000000000021633        0xd 
 .rodata        0x0000000000021640       0x58 obj_cooja/mtype791.a(cooja-radio.o)
                0x0000000000021640                radio_interface
                0x0000000000021660                cooja_radio_driver
 .rodata        0x0000000000021698        0x8 obj_cooja/mtype791.a(eeprom.o)
                0x0000000000021698                eeprom_interface
 .rodata        0x00000000000216a0        0x8 obj_cooja/mtype791.a(sensors.o)
 .rodata        0x00000000000216a8       0xf4 obj_cooja/mtype791.a(contiki-main.o)
 .rodata        0x000000000002179c        0xc obj_cooja/mtype791.a(etimer.o)
 .rodata        0x00000000000217a8       0xc0 obj_cooja/mtype791.a(log.o)
 .rodata        0x0000000000021868        0xf obj_cooja/mtype791.a(ctimer.o)
 .rodata        0x0000000000021877        0xe obj_cooja/mtype791.a(serial-line.o)
 *fill*         0x0000000000021885        0x3 
 .rodata        0x0000000000021888        0x8 obj_cooja/mtype791.a(linkaddr.o)
                0x0000000000021888                linkaddr_null
 .rodata        0x0000000000021890       0x20 obj_cooja/mtype791.a(csma.o)
                0x0000000000021898                csma_driver
 .rodata        0x00000000000218b0        0xd obj_cooja/mtype791.a(tcpip.o)
 *fill*         0x00000000000218bd        0x3 
 .rodata        0x00000000000218c0       0x4d obj_cooja/mtype791.a(uip-ds6-route.o)
 *fill*         0x000000000002190d        0x3 
 .rodata        0x0000000000021910       0xf4 obj_cooja/mtype791.a(uip6.o)
 .rodata        0x0000000000021a04       0x30 obj_cooja/mtype791.a(sicslowpan.o)
                0x0000000000021a04                unc_llconf
                0x0000000000021a08                unc_ctxconf
                0x0000000000021a0c                unc_mxconf
                0x0000000000021a10                llprefix
                0x0000000000021a24                sicslowpan_driver
 .rodata        0x0000000000021a34       0x2d obj_cooja/mtype791.a(uiplib.o)
 *fill*         0x0000000000021a61        0x3 
 .rodata        0x0000000000021a64       0x58 obj_cooja/mtype791.a(rpl-neighbor.o)
 .rodata        0x0000000000021abc        0xc obj_cooja/mtype791.a(rpl-timers.o)
 *fill*         0x0000000000021ac8       0x18 
 .rodata        0x0000000000021ae0       0x70 obj_cooja/mtype791.a(rpl.o)
                0x0000000000021b00                rpl_lite_driver
 .rodata        0x0000000000021b50       0xdb obj_cooja/mtype791.a(rpl-dag.o)
 *fill*         0x0000000000021c2b        0x1 
 .rodata        0x0000000000021c2c        0xc obj_cooja/mtype791.a(framer-802154.o)
                0x0000000000021c2c                framer_802154
 .rodata        0x0000000000021c38       0x44 obj_cooja/mtype791.a(uip-sr.o)

.rodata1
 *(.rodata1)

.eh_frame_hdr   0x0000000000021c7c     0x13a4
 *(.eh_frame_hdr)
 .eh_frame_hdr  0x0000000000021c7c     0x13a4 contact_tracing_node.o
                0x0000000000021c7c                __GNU_EH_FRAME_HDR
 *(.eh_frame_entry .eh_frame_entry.*)

.eh_frame       0x0000000000023020     0x4f74
 *(.eh_frame)
 .eh_frame      0x0000000000023020       0x3c /usr/lib/gcc/i686-linux-gnu/5/../../../i386-linux-gnu/crti.o
                                         0x40 (size before relaxing)
 .eh_frame      0x000000000002305c       0x20 contact_tracing_node.o
                                         0x38 (size before relaxing)
 .eh_frame      0x000000000002307c      0x178 obj_cooja/mtype791.o
                                        0x190 (size before relaxing)
 .eh_frame      0x00000000000231f4       0x40 obj_cooja/mtype791.a(simEnvChange.o)
                                         0x58 (size before relaxing)
 .eh_frame      0x0000000000023234       0x60 obj_cooja/mtype791.a(cooja_mt.o)
                                         0x78 (size before relaxing)
 .eh_frame      0x0000000000023294       0x80 obj_cooja/mtype791.a(cooja_mtarch.o)
                                         0x98 (size before relaxing)
 .eh_frame      0x0000000000023314       0xc8 obj_cooja/mtype791.a(rtimer-arch.o)
                                         0xe0 (size before relaxing)
 .eh_frame      0x00000000000233dc      0x160 obj_cooja/mtype791.a(beep.o)
                                        0x178 (size before relaxing)
 .eh_frame      0x000000000002353c       0xa0 obj_cooja/mtype791.a(button-sensor.o)
                                         0xb8 (size before relaxing)
 .eh_frame      0x00000000000235dc       0xa0 obj_cooja/mtype791.a(leds-arch.o)
                                         0xb8 (size before relaxing)
 .eh_frame      0x000000000002367c       0x40 obj_cooja/mtype791.a(moteid.o)
                                         0x58 (size before relaxing)
 .eh_frame      0x00000000000236bc       0xa0 obj_cooja/mtype791.a(pir-sensor.o)
                                         0xb8 (size before relaxing)
 .eh_frame      0x000000000002375c      0x100 obj_cooja/mtype791.a(rs232.o)
                                        0x118 (size before relaxing)
 .eh_frame      0x000000000002385c       0xa0 obj_cooja/mtype791.a(vib-sensor.o)
                                         0xb8 (size before relaxing)
 .eh_frame      0x00000000000238fc       0xc0 obj_cooja/mtype791.a(clock.o)
                                         0xd8 (size before relaxing)
 .eh_frame      0x00000000000239bc      0x120 obj_cooja/mtype791.a(cooja-log.o)
                                        0x138 (size before relaxing)
 .eh_frame      0x0000000000023adc      0x160 obj_cooja/mtype791.a(cfs-cooja.o)
                                        0x178 (size before relaxing)
 .eh_frame      0x0000000000023c3c      0x340 obj_cooja/mtype791.a(cooja-radio.o)
                                        0x358 (size before relaxing)
 .eh_frame      0x0000000000023f7c       0xa0 obj_cooja/mtype791.a(eeprom.o)
                                         0xb8 (size before relaxing)
 .eh_frame      0x000000000002401c       0x40 obj_cooja/mtype791.a(random.o)
                                         0x58 (size before relaxing)
 .eh_frame      0x000000000002405c       0xc0 obj_cooja/mtype791.a(sensors.o)
                                         0xd8 (size before relaxing)
 .eh_frame      0x000000000002411c       0x30 obj_cooja/mtype791.a(contiki-main.o)
                                         0x48 (size before relaxing)
 .eh_frame      0x000000000002414c       0x40 obj_cooja/mtype791.a(autostart.o)
                                         0x58 (size before relaxing)
 .eh_frame      0x000000000002418c       0x60 obj_cooja/mtype791.a(energest.o)
                                         0x78 (size before relaxing)
 .eh_frame      0x00000000000241ec      0x1e0 obj_cooja/mtype791.a(etimer.o)
                                        0x1f8 (size before relaxing)
 .eh_frame      0x00000000000243cc      0x100 obj_cooja/mtype791.a(log.o)
                                        0x118 (size before relaxing)
 .eh_frame      0x00000000000244cc      0x100 obj_cooja/mtype791.a(ctimer.o)
                                        0x118 (size before relaxing)
 .eh_frame      0x00000000000245cc      0x1c4 obj_cooja/mtype791.a(process.o)
                                        0x1dc (size before relaxing)
 .eh_frame      0x0000000000024790       0x60 obj_cooja/mtype791.a(rtimer.o)
                                         0x78 (size before relaxing)
 .eh_frame      0x00000000000247f0       0x20 obj_cooja/mtype791.a(node-id.o)
                                         0x38 (size before relaxing)
 .eh_frame      0x0000000000024810       0xa4 obj_cooja/mtype791.a(timer.o)
                                         0xbc (size before relaxing)
 .eh_frame      0x00000000000248b4       0x60 obj_cooja/mtype791.a(serial-line.o)
                                         0x78 (size before relaxing)
 .eh_frame      0x0000000000024914       0xa0 obj_cooja/mtype791.a(ringbuf.o)
                                         0xb8 (size before relaxing)
 .eh_frame      0x00000000000249b4      0x1a0 obj_cooja/mtype791.a(list.o)
                                        0x1b8 (size before relaxing)
 .eh_frame      0x0000000000024b54      0x28c obj_cooja/mtype791.a(packetbuf.o)
                                        0x2a4 (size before relaxing)
 .eh_frame      0x0000000000024de0       0x80 obj_cooja/mtype791.a(netstack.o)
                                         0x98 (size before relaxing)
 .eh_frame      0x0000000000024e60       0x60 obj_cooja/mtype791.a(linkaddr.o)
                                         0x78 (size before relaxing)
 .eh_frame      0x0000000000024ec0       0xa0 obj_cooja/mtype791.a(csma.o)
                                         0xb8 (size before relaxing)
 .eh_frame      0x0000000000024f60      0x1d4 obj_cooja/mtype791.a(csma-output.o)
                                        0x1ec (size before relaxing)
 .eh_frame      0x0000000000025134      0x2e8 obj_cooja/mtype791.a(uip-ds6.o)
                                        0x300 (size before relaxing)
 .eh_frame      0x000000000002541c      0x244 obj_cooja/mtype791.a(tcpip.o)
                                        0x25c (size before relaxing)
 .eh_frame      0x0000000000025660      0x220 obj_cooja/mtype791.a(uip-ds6-route.o)
                                        0x238 (size before relaxing)
 .eh_frame      0x0000000000025880      0x1a8 obj_cooja/mtype791.a(uip6.o)
                                        0x1c0 (size before relaxing)
 .eh_frame      0x0000000000025a28      0x1c0 obj_cooja/mtype791.a(uip-ds6-nbr.o)
                                        0x1d8 (size before relaxing)
 .eh_frame      0x0000000000025be8       0x84 obj_cooja/mtype791.a(uip-nd6.o)
                                         0x9c (size before relaxing)
 .eh_frame      0x0000000000025c6c      0x2f8 obj_cooja/mtype791.a(sicslowpan.o)
                                        0x310 (size before relaxing)
 .eh_frame      0x0000000000025f64       0x88 obj_cooja/mtype791.a(uiplib.o)
                                         0xa0 (size before relaxing)
 .eh_frame      0x0000000000025fec      0x2d4 obj_cooja/mtype791.a(rpl-neighbor.o)
                                        0x2ec (size before relaxing)
 .eh_frame      0x00000000000262c0      0x368 obj_cooja/mtype791.a(rpl-timers.o)
                                        0x380 (size before relaxing)
 .eh_frame      0x0000000000026628      0x1e0 obj_cooja/mtype791.a(rpl.o)
                                        0x1f8 (size before relaxing)
 .eh_frame      0x0000000000026808      0x1c4 obj_cooja/mtype791.a(rpl-icmp6.o)
                                        0x1dc (size before relaxing)
 .eh_frame      0x00000000000269cc      0x370 obj_cooja/mtype791.a(rpl-dag.o)
                                        0x388 (size before relaxing)
 .eh_frame      0x0000000000026d3c       0xa0 obj_cooja/mtype791.a(rpl-dag-root.o)
                                         0xb8 (size before relaxing)
 .eh_frame      0x0000000000026ddc       0xa0 obj_cooja/mtype791.a(watchdog.o)
                                         0xb8 (size before relaxing)
 .eh_frame      0x0000000000026e7c       0xc4 obj_cooja/mtype791.a(stimer.o)
                                         0xdc (size before relaxing)
 .eh_frame      0x0000000000026f40       0xa0 obj_cooja/mtype791.a(memb.o)
                                         0xb8 (size before relaxing)
 .eh_frame      0x0000000000026fe0      0x1a0 obj_cooja/mtype791.a(queuebuf.o)
                                        0x1b8 (size before relaxing)
 .eh_frame      0x0000000000027180      0x2ac obj_cooja/mtype791.a(nbr-table.o)
                                        0x2c4 (size before relaxing)
 .eh_frame      0x000000000002742c      0x100 obj_cooja/mtype791.a(link-stats.o)
                                        0x118 (size before relaxing)
 .eh_frame      0x000000000002752c       0x48 obj_cooja/mtype791.a(mac-sequence.o)
                                         0x60 (size before relaxing)
 .eh_frame      0x0000000000027574       0x20 obj_cooja/mtype791.a(mac.o)
                                         0x38 (size before relaxing)
 .eh_frame      0x0000000000027594       0xa4 obj_cooja/mtype791.a(framer-802154.o)
                                         0xbc (size before relaxing)
 .eh_frame      0x0000000000027638      0x1a4 obj_cooja/mtype791.a(frame802154.o)
                                        0x1bc (size before relaxing)
 .eh_frame      0x00000000000277dc      0x100 obj_cooja/mtype791.a(uipbuf.o)
                                        0x118 (size before relaxing)
 .eh_frame      0x00000000000278dc      0x160 obj_cooja/mtype791.a(uip-icmp6.o)
                                        0x178 (size before relaxing)
 .eh_frame      0x0000000000027a3c      0x184 obj_cooja/mtype791.a(uip-sr.o)
                                        0x19c (size before relaxing)
 .eh_frame      0x0000000000027bc0       0xe0 obj_cooja/mtype791.a(uip-packetqueue)
                                         0xf8 (size before relaxing)
 .eh_frame      0x0000000000027ca0       0x80 obj_cooja/mtype791.a(rpl-nbr-policy.)
                                         0x98 (size before relaxing)
 .eh_frame      0x0000000000027d20      0x128 obj_cooja/mtype791.a(rpl-ext-header.)
                                        0x140 (size before relaxing)
 .eh_frame      0x0000000000027e48      0x148 obj_cooja/mtype791.a(rpl-mrhof.o)
                                        0x160 (size before relaxing)
 .eh_frame      0x0000000000027f90        0x4 /usr/lib/gcc/i686-linux-gnu/5/crtendS.o
 *(.eh_frame.*)

.gcc_except_table
 *(.gcc_except_table .gcc_except_table.*)

.gnu_extab
 *(.gnu_extab*)

.exception_ranges
 *(.exception_ranges .exception_ranges*)
                0x0000000000029f10                . = DATA_SEGMENT_ALIGN (0x1000, 0x1000)

.eh_frame
 *(.eh_frame)
 *(.eh_frame.*)

.gnu_extab
 *(.gnu_extab)

.gcc_except_table
 *(.gcc_except_table .gcc_except_table.*)

.exception_ranges
 *(.exception_ranges .exception_ranges*)

.tdata
 *(.tdata .tdata.* .gnu.linkonce.td.*)

.tbss
 *(.tbss .tbss.* .gnu.linkonce.tb.*)
 *(.tcommon)

.preinit_array
 *(.preinit_array)

.init_array     0x0000000000029f10        0x4
 *(SORT(.init_array.*) SORT(.ctors.*))
 *(.init_array EXCLUDE_FILE(*crtend?.o *crtend.o *crtbegin?.o *crtbegin.o) .ctors)
 .init_array    0x0000000000029f10        0x4 /usr/lib/gcc/i686-linux-gnu/5/crtbeginS.o

.fini_array     0x0000000000029f14        0x4
 *(SORT(.fini_array.*) SORT(.dtors.*))
 *(.fini_array EXCLUDE_FILE(*crtend?.o *crtend.o *crtbegin?.o *crtbegin.o) .dtors)
 .fini_array    0x0000000000029f14        0x4 /usr/lib/gcc/i686-linux-gnu/5/crtbeginS.o

.ctors
 *crtbegin.o(.ctors)
 *crtbegin?.o(.ctors)
 *(EXCLUDE_FILE(*crtend?.o *crtend.o) .ctors)
 *(SORT(.ctors.*))
 *(.ctors)

.dtors
 *crtbegin.o(.dtors)
 *crtbegin?.o(.dtors)
 *(EXCLUDE_FILE(*crtend?.o *crtend.o) .dtors)
 *(SORT(.dtors.*))
 *(.dtors)

.jcr            0x0000000000029f18        0x4
 *(.jcr)
 .jcr           0x0000000000029f18        0x0 /usr/lib/gcc/i686-linux-gnu/5/crtbeginS.o
 .jcr           0x0000000000029f18        0x4 /usr/lib/gcc/i686-linux-gnu/5/crtendS.o

.data.rel.ro
 *(.data.rel.ro.local* .gnu.linkonce.d.rel.ro.local.*)
 *(.data.rel.ro .data.rel.ro.* .gnu.linkonce.d.rel.ro.*)

.dynamic        0x0000000000029f1c       0xd0
 *(.dynamic)
 .dynamic       0x0000000000029f1c       0xd0 /usr/lib/gcc/i686-linux-gnu/5/../../../i386-linux-gnu/crti.o
                0x0000000000029f1c                _DYNAMIC

.got            0x0000000000029fec       0x14
 *(.got)
 .got           0x0000000000029fec       0x14 /usr/lib/gcc/i686-linux-gnu/5/../../../i386-linux-gnu/crti.o
 *(.igot)
                0x000000000002aff4                . = DATA_SEGMENT_RELRO_END (., (SIZEOF (.got.plt) >= 0xc)?0xc:0x0)

.got.plt        0x000000000002a000        0xc
 *(.got.plt)
 .got.plt       0x000000000002a000        0xc /usr/lib/gcc/i686-linux-gnu/5/../../../i386-linux-gnu/crti.o
                0x000000000002a000                _GLOBAL_OFFSET_TABLE_
 *(.igot.plt)

.data           0x000000000002a020      0x304
 *(.data .data.* .gnu.linkonce.d.*)
 .data          0x000000000002a020        0x0 /usr/lib/gcc/i686-linux-gnu/5/../../../i386-linux-gnu/crti.o
 .data          0x000000000002a020        0x0 /usr/lib/gcc/i686-linux-gnu/5/crtbeginS.o
 .data.rel.local
                0x000000000002a020        0x4 /usr/lib/gcc/i686-linux-gnu/5/crtbeginS.o
                0x000000000002a020                __dso_handle
 .data          0x000000000002a024       0x10 contact_tracing_node.o
                0x000000000002a024                contact_tracing_process
 *fill*         0x000000000002a034        0xc 
 .data          0x000000000002a040       0x44 obj_cooja/mtype791.o
                0x000000000002a040                simInterfaces
                0x000000000002a074                sensors
 .data          0x000000000002a084        0x0 obj_cooja/mtype791.a(simEnvChange.o)
 .data          0x000000000002a084        0x0 obj_cooja/mtype791.a(cooja_mt.o)
 .data          0x000000000002a084        0x0 obj_cooja/mtype791.a(cooja_mtarch.o)
 .data          0x000000000002a084        0x0 obj_cooja/mtype791.a(rtimer-arch.o)
 .data          0x000000000002a084        0x0 obj_cooja/mtype791.a(beep.o)
 .data          0x000000000002a084        0x0 obj_cooja/mtype791.a(button-sensor.o)
 .data          0x000000000002a084        0x0 obj_cooja/mtype791.a(leds-arch.o)
 .data          0x000000000002a084        0x0 obj_cooja/mtype791.a(moteid.o)
 .data          0x000000000002a084        0x0 obj_cooja/mtype791.a(pir-sensor.o)
 .data          0x000000000002a084        0x0 obj_cooja/mtype791.a(rs232.o)
 .data          0x000000000002a084        0x0 obj_cooja/mtype791.a(vib-sensor.o)
 .data          0x000000000002a084        0x0 obj_cooja/mtype791.a(clock.o)
 .data          0x000000000002a084        0x0 obj_cooja/mtype791.a(cooja-log.o)
 .data          0x000000000002a084        0x0 obj_cooja/mtype791.a(cfs-cooja.o)
 .data          0x000000000002a084       0x2c obj_cooja/mtype791.a(cooja-radio.o)
                0x000000000002a084                simRadioHWOn
                0x000000000002a088                simSignalStrength
                0x000000000002a08c                simLastSignalStrength
                0x000000000002a090                simPower
                0x000000000002a094                simRadioChannel
                0x000000000002a098                simLQI
                0x000000000002a0a0                cooja_radio_process
 .data          0x000000000002a0b0        0x0 obj_cooja/mtype791.a(eeprom.o)
 .data          0x000000000002a0b0        0x0 obj_cooja/mtype791.a(random.o)
 .data          0x000000000002a0b0       0x10 obj_cooja/mtype791.a(sensors.o)
                0x000000000002a0b0                sensors_process
 .data          0x000000000002a0c0        0x0 obj_cooja/mtype791.a(contiki-main.o)
 .data          0x000000000002a0c0        0x0 obj_cooja/mtype791.a(autostart.o)
 .data          0x000000000002a0c0        0x0 obj_cooja/mtype791.a(energest.o)
 .data          0x000000000002a0c0       0x10 obj_cooja/mtype791.a(etimer.o)
                0x000000000002a0c0                etimer_process
 *fill*         0x000000000002a0d0       0x10 
 .data          0x000000000002a0e0       0xb0 obj_cooja/mtype791.a(log.o)
                0x000000000002a0e0                curr_log_level_main
                0x000000000002a100                all_modules
 .data          0x000000000002a190       0x14 obj_cooja/mtype791.a(ctimer.o)
                0x000000000002a194                ctimer_process
 .data          0x000000000002a1a4        0x0 obj_cooja/mtype791.a(process.o)
 .data          0x000000000002a1a4        0x0 obj_cooja/mtype791.a(rtimer.o)
 .data          0x000000000002a1a4        0x0 obj_cooja/mtype791.a(node-id.o)
 .data          0x000000000002a1a4        0x0 obj_cooja/mtype791.a(timer.o)
 .data          0x000000000002a1a4       0x10 obj_cooja/mtype791.a(serial-line.o)
                0x000000000002a1a4                serial_line_process
 .data          0x000000000002a1b4        0x0 obj_cooja/mtype791.a(ringbuf.o)
 .data          0x000000000002a1b4        0x0 obj_cooja/mtype791.a(list.o)
 .data          0x000000000002a1b4        0x4 obj_cooja/mtype791.a(packetbuf.o)
 .data          0x000000000002a1b8        0x4 obj_cooja/mtype791.a(netstack.o)
 .data          0x000000000002a1bc        0x0 obj_cooja/mtype791.a(linkaddr.o)
 .data          0x000000000002a1bc        0x0 obj_cooja/mtype791.a(csma.o)
 .data          0x000000000002a1bc       0x28 obj_cooja/mtype791.a(csma-output.o)
 .data          0x000000000002a1e4        0x0 obj_cooja/mtype791.a(uip-ds6.o)
 .data          0x000000000002a1e4       0x10 obj_cooja/mtype791.a(tcpip.o)
                0x000000000002a1e4                tcpip_process
 .data          0x000000000002a1f4       0x10 obj_cooja/mtype791.a(uip-ds6-route.o)
 .data          0x000000000002a204        0x0 obj_cooja/mtype791.a(uip6.o)
 .data          0x000000000002a204       0x14 obj_cooja/mtype791.a(uip-ds6-nbr.o)
                0x000000000002a214                ds6_neighbors
 .data          0x000000000002a218        0xc obj_cooja/mtype791.a(uip-nd6.o)
 .data          0x000000000002a224        0x0 obj_cooja/mtype791.a(sicslowpan.o)
 .data          0x000000000002a224        0x0 obj_cooja/mtype791.a(uiplib.o)
 .data          0x000000000002a224       0x14 obj_cooja/mtype791.a(rpl-neighbor.o)
                0x000000000002a234                rpl_neighbors
 .data          0x000000000002a238        0x0 obj_cooja/mtype791.a(rpl-timers.o)
 .data          0x000000000002a238        0x0 obj_cooja/mtype791.a(rpl.o)
 .data          0x000000000002a238       0x30 obj_cooja/mtype791.a(rpl-icmp6.o)
 .data          0x000000000002a268        0x0 obj_cooja/mtype791.a(rpl-dag.o)
 .data          0x000000000002a268        0x0 obj_cooja/mtype791.a(rpl-dag-root.o)
 .data          0x000000000002a268        0x0 obj_cooja/mtype791.a(watchdog.o)
 .data          0x000000000002a268        0x0 obj_cooja/mtype791.a(stimer.o)
 .data          0x000000000002a268        0x0 obj_cooja/mtype791.a(memb.o)
 .data          0x000000000002a268       0x18 obj_cooja/mtype791.a(queuebuf.o)
 .data          0x000000000002a280       0x10 obj_cooja/mtype791.a(nbr-table.o)
 .data          0x000000000002a290       0x14 obj_cooja/mtype791.a(link-stats.o)
 .data          0x000000000002a2a4        0x0 obj_cooja/mtype791.a(mac-sequence.o)
 .data          0x000000000002a2a4        0x0 obj_cooja/mtype791.a(mac.o)
 .data          0x000000000002a2a4        0x0 obj_cooja/mtype791.a(framer-802154.o)
 .data          0x000000000002a2a4        0x2 obj_cooja/mtype791.a(frame802154.o)
 .data          0x000000000002a2a6        0x0 obj_cooja/mtype791.a(uipbuf.o)
 *fill*         0x000000000002a2a6        0x2 
 .data          0x000000000002a2a8       0x20 obj_cooja/mtype791.a(uip-icmp6.o)
 .data          0x000000000002a2c8       0x10 obj_cooja/mtype791.a(uip-sr.o)
 .data          0x000000000002a2d8        0xc obj_cooja/mtype791.a(uip-packetqueue)
 .data          0x000000000002a2e4        0x0 obj_cooja/mtype791.a(rpl-nbr-policy.)
 .data          0x000000000002a2e4        0x0 obj_cooja/mtype791.a(rpl-ext-header.)
 *fill*         0x000000000002a2e4       0x1c 
 .data          0x000000000002a300       0x24 obj_cooja/mtype791.a(rpl-mrhof.o)
                0x000000000002a300                rpl_mrhof
 .data          0x000000000002a324        0x0 /usr/lib/gcc/i686-linux-gnu/5/crtendS.o
 .data          0x000000000002a324        0x0 /usr/lib/gcc/i686-linux-gnu/5/../../../i386-linux-gnu/crtn.o

.tm_clone_table
                0x000000000002a324        0x0
 .tm_clone_table
                0x000000000002a324        0x0 /usr/lib/gcc/i686-linux-gnu/5/crtbeginS.o
 .tm_clone_table
                0x000000000002a324        0x0 /usr/lib/gcc/i686-linux-gnu/5/crtendS.o

.data1
 *(.data1)
                0x000000000002a324                _edata = .
                [!provide]                        PROVIDE (edata, .)
                0x000000000002a324                . = .
                0x000000000002a324                __bss_start = .

.bss            0x000000000002a340    0x137c0
 *(.dynbss)
 .dynbss        0x000000000002a340        0x0 /usr/lib/gcc/i686-linux-gnu/5/../../../i386-linux-gnu/crti.o
 *(.bss .bss.* .gnu.linkonce.b.*)
 .bss           0x000000000002a340        0x0 /usr/lib/gcc/i686-linux-gnu/5/../../../i386-linux-gnu/crti.o
 .bss           0x000000000002a340        0x1 /usr/lib/gcc/i686-linux-gnu/5/crtbeginS.o
 *fill*         0x000000000002a341        0x3 
 .bss           0x000000000002a344       0x10 contact_tracing_node.o
 *fill*         0x000000000002a354        0xc 
 .bss           0x000000000002a360     0x2030 obj_cooja/mtype791.o
 .bss           0x000000000002c390        0x1 obj_cooja/mtype791.a(simEnvChange.o)
                0x000000000002c390                simDontFallAsleep
 *fill*         0x000000000002c391        0x3 
 .bss           0x000000000002c394        0x4 obj_cooja/mtype791.a(cooja_mt.o)
 .bss           0x000000000002c398        0x4 obj_cooja/mtype791.a(cooja_mtarch.o)
 .bss           0x000000000002c39c        0x0 obj_cooja/mtype791.a(rtimer-arch.o)
 .bss           0x000000000002c39c        0x0 obj_cooja/mtype791.a(beep.o)
 .bss           0x000000000002c39c        0x8 obj_cooja/mtype791.a(button-sensor.o)
 .bss           0x000000000002c3a4        0x0 obj_cooja/mtype791.a(leds-arch.o)
 .bss           0x000000000002c3a4        0x0 obj_cooja/mtype791.a(moteid.o)
 .bss           0x000000000002c3a4        0x1 obj_cooja/mtype791.a(pir-sensor.o)
                0x000000000002c3a4                simPirValue
 *fill*         0x000000000002c3a5        0x3 
 .bss           0x000000000002c3a8        0x4 obj_cooja/mtype791.a(rs232.o)
 .bss           0x000000000002c3ac        0x1 obj_cooja/mtype791.a(vib-sensor.o)
                0x000000000002c3ac                simVibValue
 .bss           0x000000000002c3ad        0x0 obj_cooja/mtype791.a(clock.o)
 *fill*         0x000000000002c3ad       0x13 
 .bss           0x000000000002c3c0     0x2020 obj_cooja/mtype791.a(cooja-log.o)
 .bss           0x000000000002e3e0      0xfc0 obj_cooja/mtype791.a(cfs-cooja.o)
                0x000000000002e3e0                simCFSData
                0x000000000002f380                simCFSSize
                0x000000000002f384                simCFSChanged
                0x000000000002f388                simCFSRead
                0x000000000002f38c                simCFSWritten
 .bss           0x000000000002f3a0       0x24 obj_cooja/mtype791.a(cooja-radio.o)
                0x000000000002f3a0                simReceiving
                0x000000000002f3a4                simInSize
                0x000000000002f3a8                simLastPacketTimestamp
                0x000000000002f3b0                simOutSize
 .bss           0x000000000002f3c4        0xc obj_cooja/mtype791.a(eeprom.o)
                0x000000000002f3c4                simEEPROMChanged
                0x000000000002f3c8                simEEPROMRead
                0x000000000002f3cc                simEEPROMWritten
 .bss           0x000000000002f3d0        0x0 obj_cooja/mtype791.a(random.o)
 .bss           0x000000000002f3d0        0xc obj_cooja/mtype791.a(sensors.o)
 .bss           0x000000000002f3dc        0x0 obj_cooja/mtype791.a(contiki-main.o)
 .bss           0x000000000002f3dc        0x0 obj_cooja/mtype791.a(autostart.o)
 .bss           0x000000000002f3dc        0x0 obj_cooja/mtype791.a(energest.o)
 .bss           0x000000000002f3dc        0x8 obj_cooja/mtype791.a(etimer.o)
 .bss           0x000000000002f3e4       0x28 obj_cooja/mtype791.a(log.o)
                0x000000000002f3e4                curr_log_level_rpl
                0x000000000002f3e8                curr_log_level_tcpip
                0x000000000002f3ec                curr_log_level_ipv6
                0x000000000002f3f0                curr_log_level_6lowpan
                0x000000000002f3f4                curr_log_level_nullnet
                0x000000000002f3f8                curr_log_level_mac
                0x000000000002f3fc                curr_log_level_framer
                0x000000000002f400                curr_log_level_6top
                0x000000000002f404                curr_log_level_coap
                0x000000000002f408                curr_log_level_lwm2m
 .bss           0x000000000002f40c        0x5 obj_cooja/mtype791.a(ctimer.o)
 *fill*         0x000000000002f411        0xf 
 .bss           0x000000000002f420      0x1a1 obj_cooja/mtype791.a(process.o)
                0x000000000002f420                process_list
                0x000000000002f424                process_current
 *fill*         0x000000000002f5c1        0x3 
 .bss           0x000000000002f5c4        0x4 obj_cooja/mtype791.a(rtimer.o)
 .bss           0x000000000002f5c8        0x2 obj_cooja/mtype791.a(node-id.o)
                0x000000000002f5c8                node_id
 .bss           0x000000000002f5ca        0x0 obj_cooja/mtype791.a(timer.o)
 *fill*         0x000000000002f5ca       0x16 
 .bss           0x000000000002f5e0      0x140 obj_cooja/mtype791.a(serial-line.o)
 .bss           0x000000000002f720        0x0 obj_cooja/mtype791.a(ringbuf.o)
 .bss           0x000000000002f720        0x0 obj_cooja/mtype791.a(list.o)
 .bss           0x000000000002f720       0xa0 obj_cooja/mtype791.a(packetbuf.o)
 .bss           0x000000000002f7c0        0x4 obj_cooja/mtype791.a(netstack.o)
 .bss           0x000000000002f7c4        0x0 obj_cooja/mtype791.a(linkaddr.o)
 .bss           0x000000000002f7c4        0x0 obj_cooja/mtype791.a(csma.o)
 *fill*         0x000000000002f7c4       0x1c 
 .bss           0x000000000002f7e0      0x726 obj_cooja/mtype791.a(csma-output.o)
 *fill*         0x000000000002ff06        0x2 
 .bss           0x000000000002ff08       0x20 obj_cooja/mtype791.a(uip-ds6.o)
 .bss           0x000000000002ff28       0x10 obj_cooja/mtype791.a(tcpip.o)
 *fill*         0x000000000002ff38        0x8 
 .bss           0x000000000002ff40       0x60 obj_cooja/mtype791.a(uip-ds6-route.o)
 .bss           0x000000000002ffa0        0x6 obj_cooja/mtype791.a(uip6.o)
                0x000000000002ffa0                uip_ext_bitmap
                0x000000000002ffa1                uip_ext_len
                0x000000000002ffa2                uip_ext_opt_offset
 *fill*         0x000000000002ffa6       0x1a 
 .bss           0x000000000002ffc0     0x1c20 obj_cooja/mtype791.a(uip-ds6-nbr.o)
 .bss           0x0000000000031be0       0x10 obj_cooja/mtype791.a(uip-nd6.o)
 *fill*         0x0000000000031bf0       0x10 
 .bss           0x0000000000031c00      0x724 obj_cooja/mtype791.a(sicslowpan.o)
 .bss           0x0000000000032324        0x0 obj_cooja/mtype791.a(uiplib.o)
 *fill*         0x0000000000032324       0x1c 
 .bss           0x0000000000032340      0x960 obj_cooja/mtype791.a(rpl-neighbor.o)
 .bss           0x0000000000032ca0       0x40 obj_cooja/mtype791.a(rpl-timers.o)
 .bss           0x0000000000032ce0        0x1 obj_cooja/mtype791.a(rpl.o)
 .bss           0x0000000000032ce1        0x0 obj_cooja/mtype791.a(rpl-icmp6.o)
 .bss           0x0000000000032ce1        0x0 obj_cooja/mtype791.a(rpl-dag.o)
 *fill*         0x0000000000032ce1        0x3 
 .bss           0x0000000000032ce4       0x11 obj_cooja/mtype791.a(rpl-dag-root.o)
 .bss           0x0000000000032cf5        0x0 obj_cooja/mtype791.a(watchdog.o)
 .bss           0x0000000000032cf5        0x0 obj_cooja/mtype791.a(stimer.o)
 .bss           0x0000000000032cf5        0x0 obj_cooja/mtype791.a(memb.o)
 *fill*         0x0000000000032cf5        0xb 
 .bss           0x0000000000032d00     0x2c80 obj_cooja/mtype791.a(queuebuf.o)
 .bss           0x0000000000035980     0x1214 obj_cooja/mtype791.a(nbr-table.o)
 *fill*         0x0000000000036b94        0xc 
 .bss           0x0000000000036ba0      0xe10 obj_cooja/mtype791.a(link-stats.o)
 *fill*         0x00000000000379b0       0x10 
 .bss           0x00000000000379c0      0x100 obj_cooja/mtype791.a(mac-sequence.o)
 .bss           0x0000000000037ac0        0x0 obj_cooja/mtype791.a(mac.o)
 .bss           0x0000000000037ac0        0x2 obj_cooja/mtype791.a(framer-802154.o)
 .bss           0x0000000000037ac2        0x0 obj_cooja/mtype791.a(frame802154.o)
 *fill*         0x0000000000037ac2        0x2 
 .bss           0x0000000000037ac4        0xc obj_cooja/mtype791.a(uipbuf.o)
 .bss           0x0000000000037ad0       0x18 obj_cooja/mtype791.a(uip-icmp6.o)
 *fill*         0x0000000000037ae8       0x18 
 .bss           0x0000000000037b00     0x1d80 obj_cooja/mtype791.a(uip-sr.o)
 .bss           0x0000000000039880      0xa78 obj_cooja/mtype791.a(uip-packetqueue)
 .bss           0x000000000003a2f8        0xe obj_cooja/mtype791.a(rpl-nbr-policy.)
 .bss           0x000000000003a306        0x0 obj_cooja/mtype791.a(rpl-ext-header.)
 .bss           0x000000000003a306        0x0 obj_cooja/mtype791.a(rpl-mrhof.o)
 .bss           0x000000000003a306        0x0 /usr/lib/gcc/i686-linux-gnu/5/crtendS.o
 .bss           0x000000000003a306        0x0 /usr/lib/gcc/i686-linux-gnu/5/../../../i386-linux-gnu/crtn.o
 *(COMMON)
 *fill*         0x000000000003a306        0x2 
 COMMON         0x000000000003a308        0x8 obj_cooja/mtype791.o
                0x000000000003a308                referenceVar
                0x000000000003a30c                sensors_flags
 COMMON         0x000000000003a310        0xc obj_cooja/mtype791.a(simEnvChange.o)
                0x000000000003a310                simEtimerPending
                0x000000000003a314                simProcessRunValue
                0x000000000003a318                simEtimerNextExpirationTime
 *fill*         0x000000000003a31c        0x4 
 COMMON         0x000000000003a320       0x18 obj_cooja/mtype791.a(rtimer-arch.o)
                0x000000000003a320                simRtimerPending
                0x000000000003a328                simRtimerCurrentTicks
                0x000000000003a330                simRtimerNextExpirationTime
 COMMON         0x000000000003a338        0x1 obj_cooja/mtype791.a(beep.o)
                0x000000000003a338                simBeeped
 COMMON         0x000000000003a339        0x3 obj_cooja/mtype791.a(button-sensor.o)
                0x000000000003a339                simButtonIsActive
                0x000000000003a33a                simButtonIsDown
                0x000000000003a33b                simButtonChanged
 COMMON         0x000000000003a33c        0x1 obj_cooja/mtype791.a(leds-arch.o)
                0x000000000003a33c                simLedsValue
 *fill*         0x000000000003a33d        0x3 
 COMMON         0x000000000003a340        0xc obj_cooja/mtype791.a(moteid.o)
                0x000000000003a340                simRandomSeed
                0x000000000003a344                simMoteIDChanged
                0x000000000003a348                simMoteID
 COMMON         0x000000000003a34c        0x2 obj_cooja/mtype791.a(pir-sensor.o)
                0x000000000003a34c                simPirIsActive
                0x000000000003a34d                simPirChanged
 *fill*         0x000000000003a34e       0x12 
 COMMON         0x000000000003a360      0x820 obj_cooja/mtype791.a(rs232.o)
                0x000000000003a360                simSerialReceivingFlag
                0x000000000003a364                simSerialReceivingLength
                0x000000000003a380                simSerialReceivingData
 COMMON         0x000000000003ab80        0x2 obj_cooja/mtype791.a(vib-sensor.o)
                0x000000000003ab80                simVibChanged
                0x000000000003ab81                simVibIsActive
 *fill*         0x000000000003ab82        0x2 
 COMMON         0x000000000003ab84        0x4 obj_cooja/mtype791.a(clock.o)
                0x000000000003ab84                simCurrentTime
 *fill*         0x000000000003ab88       0x18 
 COMMON         0x000000000003aba0     0x2020 obj_cooja/mtype791.a(cooja-log.o)
                0x000000000003aba0                simLoggedLength
                0x000000000003aba4                simLoggedFlag
                0x000000000003abc0                simLoggedData
 COMMON         0x000000000003cbc0      0x100 obj_cooja/mtype791.a(cooja-radio.o)
                0x000000000003cbc0                simOutDataBuffer
                0x000000000003cc40                simInDataBuffer
 COMMON         0x000000000003ccc0      0x400 obj_cooja/mtype791.a(eeprom.o)
                0x000000000003ccc0                simEEPROMData
 COMMON         0x000000000003d0c0        0x1 obj_cooja/mtype791.a(sensors.o)
                0x000000000003d0c0                sensors_event
 *fill*         0x000000000003d0c1        0x3 
 COMMON         0x000000000003d0c4       0x50 obj_cooja/mtype791.a(contiki-main.o)
                0x000000000003d0c4                eb_per_time_source
                0x000000000003d0d8                unicast_per_neighbor_rpl_storing
                0x000000000003d0ec                unicast_per_neighbor_rpl_ns
                0x000000000003d100                default_common
 COMMON         0x000000000003d114        0x1 obj_cooja/mtype791.a(serial-line.o)
                0x000000000003d114                serial_line_event_message
 *fill*         0x000000000003d115        0x3 
 COMMON         0x000000000003d118       0x2c obj_cooja/mtype791.a(packetbuf.o)
                0x000000000003d118                packetbuf_attrs
                0x000000000003d134                packetbuf_addrs
 COMMON         0x000000000003d144        0x8 obj_cooja/mtype791.a(linkaddr.o)
                0x000000000003d144                linkaddr_node_addr
 *fill*         0x000000000003d14c       0x14 
 COMMON         0x000000000003d160      0x181 obj_cooja/mtype791.a(uip-ds6.o)
                0x000000000003d160                uip_ds6_prefix_list
                0x000000000003d1c0                uip_ds6_timer_periodic
                0x000000000003d1d0                uip_ds6_netif_addr_list_offset
                0x000000000003d1e0                uip_ds6_if
                0x000000000003d2d8                uip_ds6_timer_ra
                0x000000000003d2e0                uip_ds6_addr_size
 COMMON         0x000000000003d2e1        0x1 obj_cooja/mtype791.a(tcpip.o)
                0x000000000003d2e1                tcpip_event
 *fill*         0x000000000003d2e2       0x1e 
 COMMON         0x000000000003d300      0x64c obj_cooja/mtype791.a(uip6.o)
                0x000000000003d300                uip_slen
                0x000000000003d304                uip_lladdr
                0x000000000003d30c                uip_appdata
                0x000000000003d310                uip_flags
                0x000000000003d320                uip_aligned_buf
                0x000000000003d820                uip_len
                0x000000000003d824                uip_sappdata
                0x000000000003d840                uip_udp_conns
                0x000000000003d940                uip_udp_conn
                0x000000000003d944                uip_next_hdr
                0x000000000003d948                uip_conn
 COMMON         0x000000000003d94c       0x10 obj_cooja/mtype791.a(rpl.o)
                0x000000000003d94c                rpl_multicast_addr
 *fill*         0x000000000003d95c        0x4 
 COMMON         0x000000000003d960      0x164 obj_cooja/mtype791.a(rpl-dag.o)
                0x000000000003d960                curr_instance
 *fill*         0x000000000003dac4       0x1c 
 COMMON         0x000000000003dae0       0x20 obj_cooja/mtype791.a(link-stats.o)
                0x000000000003dae0                periodic_timer
                0x000000000003db00                . = ALIGN ((. != 0x0)?0x4:0x1)
                0x000000000003db00                . = ALIGN (0x4)
                0x000000000003db00                . = SEGMENT_START ("ldata-segment", .)
                0x000000000003db00                . = ALIGN (0x4)
                0x000000000003db00                _end = .
                [!provide]                        PROVIDE (end, .)
                0x000000000003db00                . = DATA_SEGMENT_END (.)

.stab
 *(.stab)

.stabstr
 *(.stabstr)

.stab.excl
 *(.stab.excl)

.stab.exclstr
 *(.stab.exclstr)

.stab.index
 *(.stab.index)

.stab.indexstr
 *(.stab.indexstr)

.comment        0x0000000000000000       0x35
 *(.comment)
 .comment       0x0000000000000000       0x35 /usr/lib/gcc/i686-linux-gnu/5/crtbeginS.o
                                         0x36 (size before relaxing)
 .comment       0x0000000000000035       0x36 contact_tracing_node.o
 .comment       0x0000000000000035       0x36 obj_cooja/mtype791.o
 .comment       0x0000000000000035       0x36 obj_cooja/mtype791.a(simEnvChange.o)
 .comment       0x0000000000000035       0x36 obj_cooja/mtype791.a(cooja_mt.o)
 .comment       0x0000000000000035       0x36 obj_cooja/mtype791.a(cooja_mtarch.o)
 .comment       0x0000000000000035       0x36 obj_cooja/mtype791.a(rtimer-arch.o)
 .comment       0x0000000000000035       0x36 obj_cooja/mtype791.a(beep.o)
 .comment       0x0000000000000035       0x36 obj_cooja/mtype791.a(button-sensor.o)
 .comment       0x0000000000000035       0x36 obj_cooja/mtype791.a(leds-arch.o)
 .comment       0x0000000000000035       0x36 obj_cooja/mtype791.a(moteid.o)
 .comment       0x0000000000000035       0x36 obj_cooja/mtype791.a(pir-sensor.o)
 .comment       0x0000000000000035       0x36 obj_cooja/mtype791.a(rs232.o)
 .comment       0x0000000000000035       0x36 obj_cooja/mtype791.a(vib-sensor.o)
 .comment       0x0000000000000035       0x36 obj_cooja/mtype791.a(clock.o)
 .comment       0x0000000000000035       0x36 obj_cooja/mtype791.a(cooja-log.o)
 .comment       0x0000000000000035       0x36 obj_cooja/mtype791.a(cfs-cooja.o)
 .comment       0x0000000000000035       0x36 obj_cooja/mtype791.a(cooja-radio.o)
 .comment       0x0000000000000035       0x36 obj_cooja/mtype791.a(eeprom.o)
 .comment       0x0000000000000035       0x36 obj_cooja/mtype791.a(random.o)
 .comment       0x0000000000000035       0x36 obj_cooja/mtype791.a(sensors.o)
 .comment       0x0000000000000035       0x36 obj_cooja/mtype791.a(contiki-main.o)
 .comment       0x0000000000000035       0x36 obj_cooja/mtype791.a(autostart.o)
 .comment       0x0000000000000035       0x36 obj_cooja/mtype791.a(energest.o)
 .comment       0x0000000000000035       0x36 obj_cooja/mtype791.a(etimer.o)
 .comment       0x0000000000000035       0x36 obj_cooja/mtype791.a(log.o)
 .comment       0x0000000000000035       0x36 obj_cooja/mtype791.a(ctimer.o)
 .comment       0x0000000000000035       0x36 obj_cooja/mtype791.a(process.o)
 .comment       0x0000000000000035       0x36 obj_cooja/mtype791.a(rtimer.o)
 .comment       0x0000000000000035       0x36 obj_cooja/mtype791.a(node-id.o)
 .comment       0x0000000000000035       0x36 obj_cooja/mtype791.a(timer.o)
 .comment       0x0000000000000035       0x36 obj_cooja/mtype791.a(serial-line.o)
 .comment       0x0000000000000035       0x36 obj_cooja/mtype791.a(ringbuf.o)
 .comment       0x0000000000000035       0x36 obj_cooja/mtype791.a(list.o)
 .comment       0x0000000000000035       0x36 obj_cooja/mtype791.a(packetbuf.o)
 .comment       0x0000000000000035       0x36 obj_cooja/mtype791.a(netstack.o)
 .comment       0x0000000000000035       0x36 obj_cooja/mtype791.a(linkaddr.o)
 .comment       0x0000000000000035       0x36 obj_cooja/mtype791.a(csma.o)
 .comment       0x0000000000000035       0x36 obj_cooja/mtype791.a(csma-output.o)
 .comment       0x0000000000000035       0x36 obj_cooja/mtype791.a(uip-ds6.o)
 .comment       0x0000000000000035       0x36 obj_cooja/mtype791.a(tcpip.o)
 .comment       0x0000000000000035       0x36 obj_cooja/mtype791.a(uip-ds6-route.o)
 .comment       0x0000000000000035       0x36 obj_cooja/mtype791.a(uip6.o)
 .comment       0x0000000000000035       0x36 obj_cooja/mtype791.a(uip-ds6-nbr.o)
 .comment       0x0000000000000035       0x36 obj_cooja/mtype791.a(uip-nd6.o)
 .comment       0x0000000000000035       0x36 obj_cooja/mtype791.a(sicslowpan.o)
 .comment       0x0000000000000035       0x36 obj_cooja/mtype791.a(uiplib.o)
 .comment       0x0000000000000035       0x36 obj_cooja/mtype791.a(rpl-neighbor.o)
 .comment       0x0000000000000035       0x36 obj_cooja/mtype791.a(rpl-timers.o)
 .comment       0x0000000000000035       0x36 obj_cooja/mtype791.a(rpl.o)
 .comment       0x0000000000000035       0x36 obj_cooja/mtype791.a(rpl-icmp6.o)
 .comment       0x0000000000000035       0x36 obj_cooja/mtype791.a(rpl-dag.o)
 .comment       0x0000000000000035       0x36 obj_cooja/mtype791.a(rpl-dag-root.o)
 .comment       0x0000000000000035       0x36 obj_cooja/mtype791.a(watchdog.o)
 .comment       0x0000000000000035       0x36 obj_cooja/mtype791.a(stimer.o)
 .comment       0x0000000000000035       0x36 obj_cooja/mtype791.a(memb.o)
 .comment       0x0000000000000035       0x36 obj_cooja/mtype791.a(queuebuf.o)
 .comment       0x0000000000000035       0x36 obj_cooja/mtype791.a(nbr-table.o)
 .comment       0x0000000000000035       0x36 obj_cooja/mtype791.a(link-stats.o)
 .comment       0x0000000000000035       0x36 obj_cooja/mtype791.a(mac-sequence.o)
 .comment       0x0000000000000035       0x36 obj_cooja/mtype791.a(mac.o)
 .comment       0x0000000000000035       0x36 obj_cooja/mtype791.a(framer-802154.o)
 .comment       0x0000000000000035       0x36 obj_cooja/mtype791.a(frame802154.o)
 .comment       0x0000000000000035       0x36 obj_cooja/mtype791.a(uipbuf.o)
 .comment       0x0000000000000035       0x36 obj_cooja/mtype791.a(uip-icmp6.o)
 .comment       0x0000000000000035       0x36 obj_cooja/mtype791.a(uip-sr.o)
 .comment       0x0000000000000035       0x36 obj_cooja/mtype791.a(uip-packetqueue)
 .comment       0x0000000000000035       0x36 obj_cooja/mtype791.a(rpl-nbr-policy.)
 .comment       0x0000000000000035       0x36 obj_cooja/mtype791.a(rpl-ext-header.)
 .comment       0x0000000000000035       0x36 obj_cooja/mtype791.a(rpl-mrhof.o)
 .comment       0x0000000000000035       0x36 /usr/lib/gcc/i686-linux-gnu/5/crtendS.o

.debug
 *(.debug)

.line
 *(.line)

.debug_srcinfo
 *(.debug_srcinfo)

.debug_sfnames
 *(.debug_sfnames)

.debug_aranges  0x0000000000000000      0x8a0
 *(.debug_aranges)
 .debug_aranges
                0x0000000000000000       0x20 contact_tracing_node.o
 .debug_aranges
                0x0000000000000020       0x20 obj_cooja/mtype791.o
 .debug_aranges
                0x0000000000000040       0x20 obj_cooja/mtype791.a(simEnvChange.o)
 .debug_aranges
                0x0000000000000060       0x20 obj_cooja/mtype791.a(cooja_mt.o)
 .debug_aranges
                0x0000000000000080       0x20 obj_cooja/mtype791.a(cooja_mtarch.o)
 .debug_aranges
                0x00000000000000a0       0x20 obj_cooja/mtype791.a(rtimer-arch.o)
 .debug_aranges
                0x00000000000000c0       0x20 obj_cooja/mtype791.a(beep.o)
 .debug_aranges
                0x00000000000000e0       0x20 obj_cooja/mtype791.a(button-sensor.o)
 .debug_aranges
                0x0000000000000100       0x20 obj_cooja/mtype791.a(leds-arch.o)
 .debug_aranges
                0x0000000000000120       0x20 obj_cooja/mtype791.a(moteid.o)
 .debug_aranges
                0x0000000000000140       0x20 obj_cooja/mtype791.a(pir-sensor.o)
 .debug_aranges
                0x0000000000000160       0x20 obj_cooja/mtype791.a(rs232.o)
 .debug_aranges
                0x0000000000000180       0x20 obj_cooja/mtype791.a(vib-sensor.o)
 .debug_aranges
                0x00000000000001a0       0x20 obj_cooja/mtype791.a(clock.o)
 .debug_aranges
                0x00000000000001c0       0x20 obj_cooja/mtype791.a(cooja-log.o)
 .debug_aranges
                0x00000000000001e0       0x20 obj_cooja/mtype791.a(cfs-cooja.o)
 .debug_aranges
                0x0000000000000200       0x20 obj_cooja/mtype791.a(cooja-radio.o)
 .debug_aranges
                0x0000000000000220       0x20 obj_cooja/mtype791.a(eeprom.o)
 .debug_aranges
                0x0000000000000240       0x20 obj_cooja/mtype791.a(random.o)
 .debug_aranges
                0x0000000000000260       0x20 obj_cooja/mtype791.a(sensors.o)
 .debug_aranges
                0x0000000000000280       0x20 obj_cooja/mtype791.a(contiki-main.o)
 .debug_aranges
                0x00000000000002a0       0x20 obj_cooja/mtype791.a(autostart.o)
 .debug_aranges
                0x00000000000002c0       0x20 obj_cooja/mtype791.a(energest.o)
 .debug_aranges
                0x00000000000002e0       0x20 obj_cooja/mtype791.a(etimer.o)
 .debug_aranges
                0x0000000000000300       0x20 obj_cooja/mtype791.a(log.o)
 .debug_aranges
                0x0000000000000320       0x20 obj_cooja/mtype791.a(ctimer.o)
 .debug_aranges
                0x0000000000000340       0x20 obj_cooja/mtype791.a(process.o)
 .debug_aranges
                0x0000000000000360       0x20 obj_cooja/mtype791.a(rtimer.o)
 .debug_aranges
                0x0000000000000380       0x20 obj_cooja/mtype791.a(node-id.o)
 .debug_aranges
                0x00000000000003a0       0x20 obj_cooja/mtype791.a(timer.o)
 .debug_aranges
                0x00000000000003c0       0x20 obj_cooja/mtype791.a(serial-line.o)
 .debug_aranges
                0x00000000000003e0       0x20 obj_cooja/mtype791.a(ringbuf.o)
 .debug_aranges
                0x0000000000000400       0x20 obj_cooja/mtype791.a(list.o)
 .debug_aranges
                0x0000000000000420       0x20 obj_cooja/mtype791.a(packetbuf.o)
 .debug_aranges
                0x0000000000000440       0x20 obj_cooja/mtype791.a(netstack.o)
 .debug_aranges
                0x0000000000000460       0x20 obj_cooja/mtype791.a(linkaddr.o)
 .debug_aranges
                0x0000000000000480       0x20 obj_cooja/mtype791.a(csma.o)
 .debug_aranges
                0x00000000000004a0       0x20 obj_cooja/mtype791.a(csma-output.o)
 .debug_aranges
                0x00000000000004c0       0x20 obj_cooja/mtype791.a(uip-ds6.o)
 .debug_aranges
                0x00000000000004e0       0x20 obj_cooja/mtype791.a(tcpip.o)
 .debug_aranges
                0x0000000000000500       0x20 obj_cooja/mtype791.a(uip-ds6-route.o)
 .debug_aranges
                0x0000000000000520       0x20 obj_cooja/mtype791.a(uip6.o)
 .debug_aranges
                0x0000000000000540       0x20 obj_cooja/mtype791.a(uip-ds6-nbr.o)
 .debug_aranges
                0x0000000000000560       0x20 obj_cooja/mtype791.a(uip-nd6.o)
 .debug_aranges
                0x0000000000000580       0x20 obj_cooja/mtype791.a(sicslowpan.o)
 .debug_aranges
                0x00000000000005a0       0x20 obj_cooja/mtype791.a(uiplib.o)
 .debug_aranges
                0x00000000000005c0       0x20 obj_cooja/mtype791.a(rpl-neighbor.o)
 .debug_aranges
                0x00000000000005e0       0x20 obj_cooja/mtype791.a(rpl-timers.o)
 .debug_aranges
                0x0000000000000600       0x20 obj_cooja/mtype791.a(rpl.o)
 .debug_aranges
                0x0000000000000620       0x20 obj_cooja/mtype791.a(rpl-icmp6.o)
 .debug_aranges
                0x0000000000000640       0x20 obj_cooja/mtype791.a(rpl-dag.o)
 .debug_aranges
                0x0000000000000660       0x20 obj_cooja/mtype791.a(rpl-dag-root.o)
 .debug_aranges
                0x0000000000000680       0x20 obj_cooja/mtype791.a(watchdog.o)
 .debug_aranges
                0x00000000000006a0       0x20 obj_cooja/mtype791.a(stimer.o)
 .debug_aranges
                0x00000000000006c0       0x20 obj_cooja/mtype791.a(memb.o)
 .debug_aranges
                0x00000000000006e0       0x20 obj_cooja/mtype791.a(queuebuf.o)
 .debug_aranges
                0x0000000000000700       0x20 obj_cooja/mtype791.a(nbr-table.o)
 .debug_aranges